$ /home/nodestar/Projects/hackathon/schwarzschild/backend/node_modules/.bin/hardhat test -vvvv
No contracts to compile
No Solidity tests to compile

Running Solidity tests



  0 passing

Running node:test tests

initializing backend with circuit
{ threads: 1 }
proxy doesn't exist and a tx is required that does not include the chainId, most rpcs dont support this so let hope for the best!
{ isValidRoot: true }
  Token
    Token
      ✔ Should transfer (214ms)



 TS START 



0x5bf78c220066d2d3adb870a39efc79db07d5dd63d94a3d9e47e1e5b5a653f5b4



 TS END 



{ isValidRoot: true }
generating proof
Generated proof for circuit with 36 public inputs and 282 fields.
      ✔ should make a proof for a self relayed tx and verify it in js (10426ms)



 TS START 



0x8464e21f25768a16d1eec60c23c679bf3f1075e6d6b8aabd617d5c66547324f3



 TS END 



{ isValidRoot: true }
generating proof
Generated proof for circuit with 36 public inputs and 282 fields.



 SOLIDITY START 



[
  69n,
  '0x3C44CdDdB6a900fa2b585dd299e03d12FA4293BC',
  {
    relayerAddress: '0x0000000000000000000000000000000000000000',
    priorityFee: 0n,
    conversionRate: 0n,
    maxFee: 0n,
    feeToken: '0x322813fd9a801c5507c9de605d63cea4f2ce6c44'
  },
  13095653921732981005478846943974003753220108880015302447034863388093340651679n,
  10763896423626922289747204765635808950219208046018755738604833360069448352007n,
  9694936467148759627950304481782939469699887669543530035481574600574343639830n,
  '0x0000000000000000000000000000000000000000000000042ab5d6d1986846cf00000000000000000000000000000000000000000000000b75c020998797da780000000000000000000000000000000000000000000000005a107acb64952eca000000000000000000000000000000000000000000000000000031e97a575e9d00000000000000000000000000000000000000000000000b5666547acf8bd5a400000000000000000000000000000000000000000000000c410db10a01750aeb00000000000000000000000000000000000000000000000d722669117f9758a4000000000000000000000000000000000000000000000000000178cbf4206471000000000000000000000000000000000000000000000000e91b8a11e7842c38000000000000000000000000000000000000000000000007fd51009034b3357f000000000000000000000000000000000000000000000009889939f81e9c74020000000000000000000000000000000000000000000000000000f94656a2ca48000000000000000000000000000000000000000000000006fb128b46c1ddb67f0000000000000000000000000000000000000000000000093fe27776f50224bd000000000000000000000000000000000000000000000004a0c80c0da527a0810000000000000000000000000000000000000000000000000001b52c2020d74625fce929508d2973b58eb620e12c67d21eed778746f6e470f815b2d25896fcc01d33642c29f21c23b99331805e60a76404aa4344827482ce3ef18befe788c34f16664c4dff8cc6bbcb8d217e5f5acda4f8e39e335d974ebd58a8bb2b1fd875ed160235af8aa585838f6106b44bbdf1e07a586534cbdc7c4a1bfe2912287667b52f865a92571afbf460eaa1899c0d5c408a8a2001408c044d41817d7d0e50184d2c3a6be2373f1554cb86bcc5e12bd1ac936ad7d578a5ae84e19464e03ebbb32a14aae740044d57ccc0e61eda4b5b1dd05803d8feb45a1a490893bf563c1ef4c916838519241c9d45c251873aa5357ec9f844aa15b5de97a65500e5582efe8b1d04a7bdf32fee64d8099418da289cc5a61354ed14c7c5d63cf9a6ee636c4aa30d26801a1522ad33ea5139da64d4ba6e013f7514227f9dfe1c855e86d8eb22711d2f1a7d38ad6f8dc7b49a9b3aee72633039bc23138b8665757bf878176a0a36ab14860ec7ff1536bdf3bcc59ad9cdd58afb3ad8f6edaeb2f9efff117dca1d53941139b6c9406f863ebc0094a463b14b7f9d0789acfa51e084f32cf8403048ee8a2688ba071a8b96e3862b4ac6d678dbbd43a07a4a8d36875ae83708aae99673481c332e29ea08acfbf502aa676a4839857cbb9595cb7ea161b0160bbc56e49208036ec5b836b73f34674457b14178b851b29b77b0d05ddd7452fb82710fa945b61bc704c4be3e1243b1ce8cf50af0f16c733ca4f3becd0490ca02fe6e3491feee0203f576f713be110c140aa112f9c396b4c64a2d1359f1851b186119b850c3d32aaec50ca5a20fa0568f764031a1249b84524c241d62cd6c2febc0df697d1f8a25ec593819dd59caa224cf87c7e2451d08681706b8e5cee51a1b6969810557482639791ea7b2efbbdc909541a0b2ca8f8ff379867b8743c77d84a8cc37233196163a0677452e2b2e473702064f0cbd00352a193bac0d7a8f44981466cadd51c21588c96abbd57b42e83aa8fd90dd3d637d36a70d57db4de8e43dee15dcb928992d5913e28ee4b1f39fef718a7da4a5d7d0ecfc3b4ef0ccde0031821ac838520a2c4f0268a2345291b10996f6b3a2d4437635f8b56684e1163030dc9a4d0406cb274e71399673856aba19a5cbb6ee5dccb5b065fab45591081c0b1345602b81401cfa10f82cc505923bbdc4d925cfc5f823f92bf4d0ef589ec67360c090e027311e0aaa4dd202f534c36249d126fc4cab976000e77849b5ea0999e55ee78ec8340113c5c54132899d196aa34fb8ee756e74e69c3a3bc99e1f594dfbd964a807f0231fb9999028b4b23de87d80dfff1aa1524ba494d58dc2d1c947f742df398f071ffc12b9c01785afc521685a0fce204fcd018ab21cf35bca94f63f69e3e8650623a772b4875c7274f2f81150a7ee115d2b9f701388c627bab9dcdc13bb50e2a1243727d6f8a0db7778a76193efbbab42d6abd7cb515a23c1809910ea2968fe00223248c850a2e615d1db861d0ab3628c43c821c7cd6742c97d6974c142f2d3880b9f287c4327c3a05f77362036217fbd3c5572fb68b4946ee6bb3dc4729e85f72e3e06c88c3f670de174834b5b148ee4fe8cbbdab8e4e1efbe8f3818590451fa2c706cb718b426f380adbda04929eb56e7261db64f91d579911203533ffe93140a42b9ba9bdb5f7d11f0d73d012ed2a9881e5593cf412502cb297c0b5ea439e81316a59864b3fd0329b4b9efd14182e35e76d74bbff494ab2f000af2be94ebcb0cfe8dca95879c4112d8985d5fd85d0f5589cf1e37102ce0e55084b0492afbe11cce54ad2ae7ef38a05476fa2b075e4b452051f87adffffe93479d416c0b84f41422e91f1d4a33fa45636cd8266a84a14b1461f0ccfe23387c3f514498b014ff070699fb274ab6050cf22a884f3923bb35cea1adcff3360c459997583c04d1171cc066220fa2e23ab23919e2536c39efe4abb977b5dcfb5ef4f1e22da1fb29fa28d8f73f782e67468685e34d555f4dd44593afc252afbb709a5b82a68d5de8331675d869edbbc319b79994a4c718084f5e7470c4ff35f8663215ef6d5b6a634f1603d8e107e83e1e9bfaea47dad68b2477be0428cde4213e68621d76ed4a2368138a4620048ba0057aa11ca3dbb1f3ac51990405d945132bdf3a281fd6661b190f2718057cb60a639e049982aa4fcabc6efe341ea7a39753d242f6c52df8743d106ba3b83fc846429b6b03460435a3d50afe6f32f488fc4ea3231666a79d3b9c0fa6f14ff5dda2081fc8291c4e7d27d6f2bcc6992859184928c4a9d8a0f76ca609e35b2077eb2544e7d8030695adf7e6459870ef65efac113cc521a3c06af0cf2251123041a09599afb3cbf2a83e6b4e22b0ffbedf9733edec30ba1db34b2df81fd9b6d5d9cee0017e382c9f680400ec870dd8df4aabaa7811cb8444c404e2ae2f309fc1ec01820b8dae9f2fa25b7e9e85bc938ed4723fa8a8564a2544e034ae045d3d96df4c77d749e9fd3621882daa72224751bdc18785b64a8f8e27434d3e14284029f1fe4ec22199d642eebf68db09b9bd333438ce6b4aaa4bb6d46421b321f2d79ac78ba6a749e792787e397219728113792ce0854e62edb0bb906a23022c41f27847344ab3500539805b5388f99d0163b73f27ecbd2c6788267eb286e820bc8f7720455cd625402fce798161e51e6a9da10cbbe096d809ec7de5b4f6f80b7086b6c96b22a78d0826506c7a5f2985f0ba7c7ca84ad7c46c0c96bb13cf9b0f1c7a36a25ca7c4bda358d21f37f7909bc67ceb258e945c055f3ebb69f83de8023f6497dd6897e6449c867d08a003609dd6e70be91dbb4661d66bde75a42e851ac857b8af52ba1e20a1744dcea147e17bb682d9a0158cd1fd64fafc03009f4e1b18a53b8c06e49067eefce6c2c3eb31db1c11c407faf6b06bb8df43ccaafdb30d5b3d78f4eeea88db5b3f39e6b99cbad114bc527f57edd8942d9d9fca6220b80aa7d394e83f92fa51f886a680f4310843a8eb6a4813f3ec91389d182f5f6bb5080918eb5eed3aeb19a13ae7bf6beb1d5509f76726c723d2d308b02895c906a005360e1df4449089b2fc031384fa0b9447b552e63a61a8a5f13967a831be76de14ebb8ca0a4c2a30ae8ecbb6ee005085eef68e726191fe8209d8c321101e55cb10ca69cd59ae789f5d8e89097e62bf7383023cb58adc896aee2265906ae36b981cf46c99f8efb0472d6a628d98e20d80fcfc538375d0a4c07fc58b99e37af0b11d7ddab0e9c16fd870f75ff7876f6f98107752c169b9f4152e231bae37d58c9b2a5608694f5d0465dda04d58e0799640b39174249868221bc22f0efee95ccf9c1a87d82fc0fc8022c7a8629f487e50a5dbda8b775a3691d645bcee3c9cd3bf561760f32f67558fb0c6579ad58a0f1c15867e0e41335fa27749ff33253c548a281724ccd899dd8f95fe676be4e18e43b60b565e1392d8cc33d51de0d59164fa870da4950c5972ac723f6934b43abe8e83e27829d61256ba05205258f38855d3472d8d1658e138dc7d28defdf4a8038befd6595ac6763a89bb06d0c9929c997d100f4815bead5cf78ec94062b371d13d66476869909b4f44c07c3e35f172cfd1c11431bf09c23c18680bd2b5b68ce836c15b14e1a26021842d19e010ab70e7f4c4180f1a5265c4a331016b7d5608226faebe6749695b9d8c5107dea16a4d6c98dc245da5c57227779f5d56c82cf169a852698d2e570257e7b4ab6994fd5e84e66f2ff9b98eba0cafb0d079493f70038dc9a72695b1a4b875fa6e01e4506dfd98cb2d5d3ddaac65c53b98583b3a201da87abb04e79880010d72b5ac9e62f7725832254c506a2f2ff1278b4ffe1d310fb573ae0e0d38aad9da56af8686a893ea361b200e7e14399e3c357751f5a2a85a8be13a70b86ddc4cb8a6a997a9f5e6db84b415023c05f3eaad12bac4e5bcc4cdefb9a0091fcafd0c94367a94e4e20dc51dcc18fc710601384cbf7c2a2c7e2a40ade9e1e2c251de51b4c63fbbc801031e265d01b1083f7f860e24a41cbc5716fa030765854a00c6ceee72291106c35fc51cca0a696c1341a30de9139607e303a045f787b1a3e4695940d4e206c38647ef513912a9a307f216862c4d8031343a2a34ee28c2a3bc56aeb10d3233433f8fd04b562458a67ba35489ed0cd835ba5bd4e52a5f4732209ff767464766d91dc5e6797d214c945c59b4239b88aad41da20bf7fc6207f5e2d18033b84d3594d7cd67cbc9094f62d6b0843c746168952110496c251912271d33dbbf9fe92137549cd42500178f16881ef9a7d4ebb4a366c1bff9a4e1d4238c9642ef971635c4b70204af102d48afca37b293fbd593fe124258f56e85ee216fc27fe973d3e05db3d37c87e71ac0d15faf48540908b09751f70537c22979ee71c04038661cc7999b17804d2d18d049c2b779049dc5dc6bdeb2b0e33a2f8ca3cd4571c1c38928e517a8e94b882fb86f5337c460f9fe92136111717ed0953b81b51846e12b991b08bd135b4d3316e609cacc966b82e3645f30d453ab6c55ddc33487c1e39c99951eb142179ae61bb5f4a3043c40bccae7daafab9e52771ca5d598441138e50e1d21df0024a7ca1d4a2d80d5b1241c84af4a6e35f3ff33d190a3d528bb63165ae9e82e374b242f2a88c3a84fc6562b9e8d44b3509421ebaa4943f5814cff6f24b609255bd81f8f139772c923cdceafe86ee14e28e4040324b63f6012287a83eeade4a8e75336ef2a0821e5b3f240e1a15f505073a5fb8c349d65c0128984f8667d9cbf103ef86c06930f332bba48bb009ecb1e191e1d717f6f2c6f3893cf4dbb588bb8a59558e21b6546ce3226137925d6ae745bc2ea279ad8a1dc94dfeaf45ed28fa0e0bdf15a072f016fbb6d0bdeb9423a0ccad661a109234c26fa5495553f2c7f2fda7e3d8424745bb6c241c6f5a21659acfe647ca8b415f7632bde23f3a374f7018d1ab89913980541210e52fe6f350b728a57ede2c98ac60e56a58b40a1986045d7aea7fe080e46625d68cd5cddd22ce1a516a6cd91e19dc245ca2c603a50cfecd9a022960fa6227ab763164676ee05fc06a74e2fa404d928e278a5f5fe86eed7bb2c81c918e30939f25b1387a037521c044d868f9cfb4b86f29fc18c6efcfd14d703dd801708aebd4889c9c0cc16eeab7de679024def37e55bc0864ba2c89dcdebe9a86820072845ecba2a83385b245675f902f1108e42c5d541d684831e67d497a214c114a584cf297c97aebb8e32b83e1f2cf88c5f6586a6e904accc23b4d0eca364840ebcd518adf7c9e8aca0426ceae85a8b0d66b4274f79de0c41fe24b6e1fe751825bc3e4874621928e05ba3a761245297d161cab49cc5a38a4a490939d196692b102b053750d59480babfc86f412322edbf40d7505b57df86c519a873ba668200218105a81b3ab01d9be43f0823c91bddcb700a00913a1296bea043f27eb8499a29ac4b3b3be7ba332d2987a0c8efdb5a8f8b3aa3e3e6932ce50d9d1ecdfb5623152d09d09e82109e8144711c558f83aabd55dddf7b88b5cb071926e016b252e91b95823ed3ed68c73ecf1960cbfe767a6b7d6413517e31bfa3448bb2aca4930201d9b554825aa9856b61d19bd2fe28e50703d264f297b99f74888eb171e7d3f22054cc4b6827303d2bd81650ad8f73cc981a15b52e6efd556010787923df385e16ebf9ef24e46ed4850e6b149621c6ce0d43da0fdd04bb8f27203ffe5ce180c4029a1fd08ae177763cdc34dea714221d599913e5d22414ed93bceab6dba4a384045f2fb7ccab2656a30232ca0d544c66d20c9de2f4775fdf5553c874b0cfcbb616786940bee9dcec0f1f4e28333a65a42db92e3e1e9889d1bd50f2f6d049f0dd13115573cd0c3f9c1311b87d0c39ce7f18cb0651d58f2f955ab15421d5423b9c1bff2fc24003f7861d1c2a6527e329c2a719b56a9d15d6f5bf81f0eb53b362802a89e0c0df60f0140b2aa004b6626bce3bb0d7aef4883b7c6c32db10430a567c04b06870068383424aa032e3dbeb98a120ac4668eed608336a3a3f6f2be1bb482924e388f11a5b13c5042d85a409ab8addbb5320dba231eaad3f18090148e6c11370e962d1f0d4a3124ae7bea599b62853b968e21909ca70f07f0c7ad43c89bf1f811eb20221bc5364217462a7fd69855268f7d9c8725a3a33476d8d1ffa712615b22c2899a8b7f6a6e332d665ac86f855f1e390658313c037c5d4156da17de90bb9986a7a21229615384e7968aaf58612bcefc9f34b0381e3232c78bd8b4c05137b08c84a525e0d6c5600320bf96dc46944c72695e10d8bc388b81efa9ed42108baf3385f2504'... 8050 more characters
]



 SOLIDITY END 



      1) should make private tx and self relay it (7742ms)



 TS START 



0x17d3773791b7b33e59f1e05d0748e2d759eef5bec2f57c0fa1a5c06486c503f2



 TS END 



{ isValidRoot: true }
generating proof
Generated proof for circuit with 36 public inputs and 282 fields.



 SOLIDITY START 



[
  69n,
  '0x3C44CdDdB6a900fa2b585dd299e03d12FA4293BC',
  {
    relayerAddress: '0x0000000000000000000000000000000000000000',
    priorityFee: 0n,
    conversionRate: 0n,
    maxFee: 0n,
    feeToken: '0xc5a5c42992decbae36851359345fe25997f5c42d'
  },
  13095653921732981005478846943974003753220108880015302447034863388093340651679n,
  10763896423626922289747204765635808950219208046018755738604833360069448352007n,
  9694936467148759627950304481782939469699887669543530035481574600574343639830n,
  '0x0000000000000000000000000000000000000000000000042ab5d6d1986846cf00000000000000000000000000000000000000000000000b75c020998797da780000000000000000000000000000000000000000000000005a107acb64952eca000000000000000000000000000000000000000000000000000031e97a575e9d00000000000000000000000000000000000000000000000b5666547acf8bd5a400000000000000000000000000000000000000000000000c410db10a01750aeb00000000000000000000000000000000000000000000000d722669117f9758a4000000000000000000000000000000000000000000000000000178cbf4206471000000000000000000000000000000000000000000000000e91b8a11e7842c38000000000000000000000000000000000000000000000007fd51009034b3357f000000000000000000000000000000000000000000000009889939f81e9c74020000000000000000000000000000000000000000000000000000f94656a2ca48000000000000000000000000000000000000000000000006fb128b46c1ddb67f0000000000000000000000000000000000000000000000093fe27776f50224bd000000000000000000000000000000000000000000000004a0c80c0da527a0810000000000000000000000000000000000000000000000000001b52c2020d7462071597e3b2b4bfc356fca0d46dd418bcfb63d83e4488efbddc55d96d18f331e302b153acaee8072838a15ab9d3629d2c42a6f41411a61a68dfd9e721b0e87d72e70b44737a1b5b8e302ad7d27461f280732b7b2407b9832dfab04ac24cb733803a1724928aa86ad65454f5e5d3db33d748f9a92080d4244d0bd63b9b0bee8c22d7c9c9b850eeb32f483c1ea8b56c8e2a21406a2e746c11f549c62c33e81fe011d8ba95fa8649361a3d246c9d345a48ec47b94f410ba22f0ad3302601325440f301a9c12a8626f2367c3ebf76666f500b08520074ff2d5c5a1a9cb710bb7ace2045983dee2edb1a57c309bcd99eb26c3d4f268eb6165087776e243430928198e16934244a665b0c342ad9a78249937f81e7a398b6340767955e1c5d018f5f0cb226e14f85997c437f7dfd380a2d1e27a09e3e1007ca5a8665f62cfd1493859102a0e8c47eb9386577598afe2fbf88f859f384f300821513d355aa9e935be5de92a630a430c3ffe3b569c25dd918c91767f4d2a77fa000c88ea1a94febd474b690eb09136fe01913f81c01537aa752cba30d9d2770286faa43df1d27d8022a0952a4a2921eb8c554ccf2e254851a86e1fc5f5db688d0365c312fcc56772d7f8900482a0181f66c3048309957f4a3e560e0155ef6c1c5ab3729439b6fbf6e05dfd0ce554380e4d1817411b8845c8e8c52fc6dc23a81308bd563529b97e78d2622311d40b390cd46bd939b311876042d469196d4469c4de01531e17b0d9a0a4cd490084c83ebeab115caa47b43f72faccbefa87d46db81217509369fc73adcf846f305d8c12f39065357d98358ed89d4beb120c3d4c5427d1322f85b8c1830ebc92220a13be6cf36524af84030c5d489cd9484c3fe4ac53ce71c7620ba570beccf31d878b2548985059af087693ac19cbf29a4ec75610d5687c76a935a67a192bcb29fe140662a1d7324b3c0eb3b52d51c24898de19eb5e7ebbd871d2fa0fbd9d4604e93fa5cd6dad4d02e122d5c7f74e87ab4707afa586287586b98d924ec404a811a85ea0c9184360bb1c2ca663b50f6ebf5c66d8d3a41e09b88713f65a6cff4c2f954850961252c32c03f3ed2bbd18e7f4bb424e8fbb3f06734db530b3777a1a2c44e9447a491534faeb8ee8fef38db8f1f559b18f2e290d4a9c6bdf4ed55c6f2df395ef50e3417871c13c225d1b93762879b50700807fa7f5369a82e773bd711e2678e827cd5621661c269639e8e63730cb8adbeb9a031d0ecc8a4cdc5da25a0c606e9e95e960ed4b972d29f3b4a19c561a2ea741649b562a1183c5c86b2a092f2f275f312da3d601a99737778173bdb21960f1821391e07f3712a619160b7e128dbd4c22ca4742f6f77cb13ec25f8ff9988c30cdfd67eb849b91bc11d74e680876e0e3475ad7a42889547c17cb0d21a74150caf136b4ff53d46d739cead4111d4c0dfa1a299b4273d215946e4864605764d552e712344830d998f818f4cee92f116e5521891a83c2efa8f03488a59dacf33ba26ee7f32103674090a6a206431c486881b9916da1fc2063dcca8bbaa628c494b0f8ea57a5b562a627a4d6d50b00d5c66af9e78727b371cc5a55a40b3cc8a3bff190ef9052e2b694140d75b27914fc0ce60c29b4ffc5eacbe216e758d5511916617771b21b97c2ac40f88bddb80c196292a7bbe12edfdb59058741f6abde16118ed59e513dd70b74d988e5d3782561542915606416d2ef2c0ff0f541e3f3a1f85df82eca5deabc450b3f2901c309edc5212c0a1e501e6f8b43121b5388bf929f620d0a4ba332225395f9acd278088044257f0f48d3d61c2f8c6e41524cb991bd15de194d10ecc5e017da74b2851705648d6d12275f304f1cf533f9d079a65e87c72d4746521414d123ef93b71f1f99590744d082cd77a677ffcddc31c6b98e072dff4ee41104602891b84b03492b8acc9e177eb1920f2e090d2b7b05fa1ece4b087f8fd83faa5ac3934d588f541848efaa94d0fc571fbb2faf018a7dbb0f58225d0ce5d247f8cd04ae1e2c786d05e995124cc483c00f72f77169ed5e734ae609c45db9143646872cadc9240bb60977e345ee95379c7fd02874d395a49149782827c5744cbf37abc551134f9df828fb74ec2e7c609a9101f6313550d13a4056b09543af20b2c3e5c1cc00ea7503195d4ce79e9b79fc2a9f6c097804291e18b0747dc5b168270acdcad9afa6bd5804493e290a0cfdc25313f8dafb3692cf2f74ec32004cec86d354f89568387e4b2c21f9dfb203c6cb03cc7ccac86138d2f2338a5b198812ba80740b2d394a824f0819399bd8709bbbf2eb8ac5da688ffccc24ef3ccb8bdc9cd120585c97366fa60de29890fade07fa0ec4673006f448c4199634f795bde73587a8877a20d218d714eea7c7767224fbbe73b4977ee8df9ac70f3974d6f497f2b7f9bc39d6be99192e8b01f4d6172c41102da99bf1cedf1e1250340a73ae398e11600091eef3c25b2bbf8320922547567f68b273e7b24884bed2016f701584dad2b96a65211151151bdaef26a0c1157344a625c39610408fab88d9fbc369f360a63f07dc1f709883144036add2357d2d418a159ee18f2c09b57ac92682c39e067621084a75c367bb1c384ecce154a6aec37d3f6df2271fefbfefce258bc627e3e14df62cc10c72f801ddc331980b3ebae88879f31bdd460709cba5571e14cd525b6aa30256919f110b2bcc7d16a51a2dcdda441efeacfb0def76b7479a6856267698e5ec616d61691eafce2c25ba61213f87d36302e7632708cc542e79f9ae0f6c46feac265e2fd01aee3c1b868c873b7902f7f6409b50afeff8f1b1d1daf9d45eae6430fa27ab7521b7242c6e1cd9b6352233f1c7e8c8f3bf8fe31e7f1127159f2768c82d13c625285ad9e0f1b750138f2563dd4526d66cd43d4a554c87326c7bf606bea4617b6f284dd49a58006f33449ab115b8a254ec05d7718c733ee4a5489a236a28b59331003eba9622b3cd70c7519c1c6afb68853116d216467d5b3e5e5e1b395059d1302128e4b7e2aea08f503d192fd7030670b35d1721f9d56bc271f0b37549c3a5a725490f6515ff059438141de4e60eff6781a187fef1435ecabebd6f0a4b7c02d708d42c70e6b3b1fdfad47d65ae9f206dacd83fc6a0027b6202165460aa5eca602fd761f23721b9aad632c45fb8fdf3f3c682ebc417ed2e25b9f520e2942fca9b1105aa45126fe7ac176d82d3fc142da0f0774efbfff255976ee81b12d4dfdf0e01dbb3faed0e737f19cf16b97600eee875ed4b54d21548af4b25e462b1b209f8279c405a9122475c185004f3ae178abcfa0119417f4f8d07227de074385f76ed1daee2b08e16f07108dacbd5b5d5042d204f8b4a82f407cfeeff594e8b90046509f1fe4015e6aeb88d24d0f8d793e1f87cc963a200756ffd7fdeed24a59adfd0099b293883b1bbb1ac56286eea4af2538c59a4d158ab27d8ed9eea8d9acd3bde2a3348349ebd8c370f9f299ea712728b19030a0d5c16a8952f5b936bf33bfb6f14172d0caad5d903fff901b1b0b93f3ae55c355870d3feaaa07680ef7ece927002b08ac2956ffb8af0948696e7c825b0968ff1cd4a327cd2dec373ece0c4ba1e2a501588b9844581eb3ca72b542ccaeb01386f3688338e13efea079c0832d6441de188de826bc0480d23b77151faf5db8a6bd6115386f4d65d2a1d6c00096d9c158a0155efd8fff6d574b73fdcc6353724ecbddd616f421234c00ddd1e15ed61214eb1eb7b46d8e3dc1177ee7afc2e703985047b62778f752bef6861c18146971046fe37c2ff389619b79fe8c2a8d8aab46c92ac1c50fe4bba8b3675eaf451e01b186a1ed42e393416caa64ae31843a6fca6d3d6d63fe6149a74cf915471f6d12a6162d6ec7e3037f7c8fbb0ee93c5a8c1d05511e18be21f56783176aad4c77a224273bfdcd36275bb98761d7f4b59a05904907d55a8940f06b31f2725e8cd4e2e0872299842f2c71c0970a67805314dacd14ae85c61a9ebc5c2a9e4e2e9cd100fa6641909ec7cc3d9bbcf5420a6735fd4b482b83de2b26eb94256237596547a10003a84bf06a77d57c38f55ee314843214761785ea32b064794a11f520875250e3204a76777eef44eaa303964d37f8ec6c485324c25af811af4bafcd25180281a70114fa10459ad6d22aab6c94e1ebfc82d516e4b8ec1a7c4c3c529701463110143ab541753d54d44ddf8efead59564e6a50499b413a4f88f6fc5778453352c26ba744f9fd23bd5b15730f34d6721e17671c8c5fa4c14a073819d2dc9ce389b275916851699023ea2cddc39f556a2f7c8798f574a8ed661f679b04b871749bc2e86bfde8cb7b881a9dc2405fd46d988a052cd92da2016ec981477b1aa78914225b76331964d27434560c0e01623e8e1bc33b38f805aa5f6ebe29f8357dab83c0a6f0c8372b92d2180be0da0bf7d78a00beeaf3787d21c5726d6c34532252fb9237d1a50a7040cbb2bd6665981800e6d951bdd4af62b0232e7c46b9dba3e785e25fde02b8663959e03f7d166599bd7c680d33483fbe366b437cca6062bb3d11b2fce2a6cb2404433d0a69657f8c20369963f19b0f4c2d3531339aed3e086f71929574dd0014895592e33df9e40219af4b5ac97f4f9bf53a3536cd094cdeb513a07850dc8f0fac363569bc346e76d9174f984dfd29001ec92f10722a09319e1be0f30b1bef624fc5b8a97ddc24322f6b2c95450fcb6d5e6fbe5ed969f702d1af31281d8430c164b659eb34ad900f0884a937c36de61a1a93667bec48ba4562e8a2d79d5a3d7dbd007495891f07e239d697ed7f9d31f383facb3382f057cf74c1c1a1c4f70bd2632d5beadae1f91916767b47eb4e66bd7a1911a505f064585ea470531504f93d0012aca0c4ef8f61f726279be30f10abd00d76b06ea3e2da767aa23e14cc8340071e3adc0e213c33c2a4cb93d010520db11c6b2a53695939dcdd2177ae46ce155d2cfd62bf39fbe8bb7ca2a4dae4054a61eb1ea156c8a9a0aafa52e5dd21790965e0b58176a5d4ddf861f020ce40c843bc4d0e59281805647b494223c8aee7a7cf9da35d53379bd5e09eff6330ea649bdc2581cb02d405bba6e9516938f1170a7b3e1db062c82c54056b6f45555c729a68965a54e4b59e686da8f1af53d6259acb806579b5e872cf4e43a33d5a6d439973f52f8832e69f71320552ea35133075dfb8d97e27e59ad690214c5205c2b4efabb26ee2c17af31406115054e50c0c21be06815ce838d91dd0a8ad96c06ea44a4c8ec5be1828ba6bcea882bb8ffc986f7950177ec9ab70c5a30b3492b19ceccecb6cdeded24fdcb0504f918146489a2c0e0e1c60a37d2db691591c370875ce2ee1b87894278e19bdd919e03a91f60e4ede8bd89d6851ec1910374c7f099d418d38e7ca39f1949fdc7a9890b442439a4d52dadc9fdd5b5cb21b18079e90ae3175a602803f41195c2d6332d1eb636c855db3e6f40a6adcd78ed9288faf0eaa9c624a13bd302a8ed8ea307551c11ed4d088af55a2133d8e98b00295a4457f8a82d57027581806d101163375003bd3321757c983543fb006bb14910b08c644e7b01720bd130e2de6a5f6bad36276d5987a8ad9ead895855cba8c46dbc933218e70f5607ca37ef32a2862820f40d0045bdf38f0d033386268f96ca269fa97013b859e8594eb07413ad02a9993b0558ecefdb962fd83906ae4e44a8232a023b8cd6ee2681dbcf1f5c5b24f9562d290e568f8389667bbcd78e1439f79fbbb7a03d81e0a1668873ee8337d049c0572dad76f37f1c4544b4938e61d9b9a22d57122d33e9aef285bdc3a9e51beff3562dedd79f80a440ef4c9a44cec223e3203fa24aa75e369598a23c07e917abf27222acc6351f53ec640e6b0d5795408882d5f60a919000a4d64f5fa4f48f771a5c01e8d8b2372aab5396677c326fc590754b421494b8fbbd2b13e79f0994f5dc6b08bc636abab9782417e341b9284446b81d1ed38d411c8be9c14380e1fc7127000b67c63f75e700c97e8adb61c2aaa411c8c318c5b4914043e102baf8b9f1794611177d8bb2247585ea1a39ff20cb238820c713503e4ff442dc98258df75a9c1d0abd73f28deef4af99e0d2a6e0808b8ec2ac3faf98bb4cb7da61217c85f67c521a8c138570e8110946db4d2303350215b1f30aa3ad1de0ec1de090283fca36a724c85d8e385afd0c218b41020130737033a5f517235f43e36a9f56b19c69564d22ef89f0b8d5a3798e6211cd83eb794fb9a93c251f32762b0d33674760018b011cea9a90444a311f229dca7cc016c1382fbd5b1daa40e7142309ee7c360ca1080ecdabf35f004f'... 8050 more characters
]



 SOLIDITY END 



      2) should make private tx and self relay it 3 times (8039ms)

initializing backend with circuit
{ threads: 1 }
proxy doesn't exist and a tx is required that does not include the chainId, most rpcs dont support this so let hope for the best!
{ isValidRoot: true }
  Token
    Token
      ✔ Should transfer (203ms)
      ✔ should make keys
      ✔ should make me a test to verify a signature in noir
      ✔ should not matter what was signed to extract public key (104ms)


  6 passing (31248ms)
  2 failing

  1) Token
       Token
         should make private tx and self relay it:

   ContractFunctionExecutionError: An unknown RPC error occurred.
   
   Request Arguments:
     from:  0x70997970c51812dc3a010c7d01b50e0d17dc79c8
     to:    0x322813fd9a801c5507c9de605d63cea4f2ce6c44
     data:  0xb567389400000000000000000000000000000000000000000000000000000000000000450000000000000000000000003c44cdddb6a900fa2b585dd299e03d12fa4293bc0000000000000000000000000000000000000000000000000000000000000000000000000000000000000000000000000000000000000000000000000000000000000000000000000000000000000000000000000000000000000000000000000000000000000000000000000000000000000000000000000000000000000000000000000000000000000000322813fd9a801c5507c9de605d63cea4f2ce6c441cf3e0a0bcd72bb0493c0152e7d0ac4694d57837ff0325f90fa51cdaf987109f17cc264432e41c214370017559210b64fadffb7a1a58dc96ae0a63ddb9a6c107156f23bbbea5f164c4ff253eb92c8f200abfcc244f1d603fa4ebb4ef2e40f316000000000000000000000000000000000000000000000000000000000000016000000000000000000000000000000000000000000000000000000000000023400000000000000000000000000000000000000000000000042ab5d6d1986846cf00000000000000000000000000000000000000000000000b75c020998797da780000000000000000000000000000000000000000000000005a107acb64952eca000000000000000000000000000000000000000000000000000031e97a575e9d00000000000000000000000000000000000000000000000b5666547acf8bd5a400000000000000000000000000000000000000000000000c410db10a01750aeb00000000000000000000000000000000000000000000000d722669117f9758a4000000000000000000000000000000000000000000000000000178cbf4206471000000000000000000000000000000000000000000000000e91b8a11e7842c38000000000000000000000000000000000000000000000007fd51009034b3357f000000000000000000000000000000000000000000000009889939f81e9c74020000000000000000000000000000000000000000000000000000f94656a2ca48000000000000000000000000000000000000000000000006fb128b46c1ddb67f0000000000000000000000000000000000000000000000093fe27776f50224bd000000000000000000000000000000000000000000000004a0c80c0da527a0810000000000000000000000000000000000000000000000000001b52c2020d74625fce929508d2973b58eb620e12c67d21eed778746f6e470f815b2d25896fcc01d33642c29f21c23b99331805e60a76404aa4344827482ce3ef18befe788c34f16664c4dff8cc6bbcb8d217e5f5acda4f8e39e335d974ebd58a8bb2b1fd875ed160235af8aa585838f6106b44bbdf1e07a586534cbdc7c4a1bfe2912287667b52f865a92571afbf460eaa1899c0d5c408a8a2001408c044d41817d7d0e50184d2c3a6be2373f1554cb86bcc5e12bd1ac936ad7d578a5ae84e19464e03ebbb32a14aae740044d57ccc0e61eda4b5b1dd05803d8feb45a1a490893bf563c1ef4c916838519241c9d45c251873aa5357ec9f844aa15b5de97a65500e5582efe8b1d04a7bdf32fee64d8099418da289cc5a61354ed14c7c5d63cf9a6ee636c4aa30d26801a1522ad33ea5139da64d4ba6e013f7514227f9dfe1c855e86d8eb22711d2f1a7d38ad6f8dc7b49a9b3aee72633039bc23138b8665757bf878176a0a36ab14860ec7ff1536bdf3bcc59ad9cdd58afb3ad8f6edaeb2f9efff117dca1d53941139b6c9406f863ebc0094a463b14b7f9d0789acfa51e084f32cf8403048ee8a2688ba071a8b96e3862b4ac6d678dbbd43a07a4a8d36875ae83708aae99673481c332e29ea08acfbf502aa676a4839857cbb9595cb7ea161b0160bbc56e49208036ec5b836b73f34674457b14178b851b29b77b0d05ddd7452fb82710fa945b61bc704c4be3e1243b1ce8cf50af0f16c733ca4f3becd0490ca02fe6e3491feee0203f576f713be110c140aa112f9c396b4c64a2d1359f1851b186119b850c3d32aaec50ca5a20fa0568f764031a1249b84524c241d62cd6c2febc0df697d1f8a25ec593819dd59caa224cf87c7e2451d08681706b8e5cee51a1b6969810557482639791ea7b2efbbdc909541a0b2ca8f8ff379867b8743c77d84a8cc37233196163a0677452e2b2e473702064f0cbd00352a193bac0d7a8f44981466cadd51c21588c96abbd57b42e83aa8fd90dd3d637d36a70d57db4de8e43dee15dcb928992d5913e28ee4b1f39fef718a7da4a5d7d0ecfc3b4ef0ccde0031821ac838520a2c4f0268a2345291b10996f6b3a2d4437635f8b56684e1163030dc9a4d0406cb274e71399673856aba19a5cbb6ee5dccb5b065fab45591081c0b1345602b81401cfa10f82cc505923bbdc4d925cfc5f823f92bf4d0ef589ec67360c090e027311e0aaa4dd202f534c36249d126fc4cab976000e77849b5ea0999e55ee78ec8340113c5c54132899d196aa34fb8ee756e74e69c3a3bc99e1f594dfbd964a807f0231fb9999028b4b23de87d80dfff1aa1524ba494d58dc2d1c947f742df398f071ffc12b9c01785afc521685a0fce204fcd018ab21cf35bca94f63f69e3e8650623a772b4875c7274f2f81150a7ee115d2b9f701388c627bab9dcdc13bb50e2a1243727d6f8a0db7778a76193efbbab42d6abd7cb515a23c1809910ea2968fe00223248c850a2e615d1db861d0ab3628c43c821c7cd6742c97d6974c142f2d3880b9f287c4327c3a05f77362036217fbd3c5572fb68b4946ee6bb3dc4729e85f72e3e06c88c3f670de174834b5b148ee4fe8cbbdab8e4e1efbe8f3818590451fa2c706cb718b426f380adbda04929eb56e7261db64f91d579911203533ffe93140a42b9ba9bdb5f7d11f0d73d012ed2a9881e5593cf412502cb297c0b5ea439e81316a59864b3fd0329b4b9efd14182e35e76d74bbff494ab2f000af2be94ebcb0cfe8dca95879c4112d8985d5fd85d0f5589cf1e37102ce0e55084b0492afbe11cce54ad2ae7ef38a05476fa2b075e4b452051f87adffffe93479d416c0b84f41422e91f1d4a33fa45636cd8266a84a14b1461f0ccfe23387c3f514498b014ff070699fb274ab6050cf22a884f3923bb35cea1adcff3360c459997583c04d1171cc066220fa2e23ab23919e2536c39efe4abb977b5dcfb5ef4f1e22da1fb29fa28d8f73f782e67468685e34d555f4dd44593afc252afbb709a5b82a68d5de8331675d869edbbc319b79994a4c718084f5e7470c4ff35f8663215ef6d5b6a634f1603d8e107e83e1e9bfaea47dad68b2477be0428cde4213e68621d76ed4a2368138a4620048ba0057aa11ca3dbb1f3ac51990405d945132bdf3a281fd6661b190f2718057cb60a639e049982aa4fcabc6efe341ea7a39753d242f6c52df8743d106ba3b83fc846429b6b03460435a3d50afe6f32f488fc4ea3231666a79d3b9c0fa6f14ff5dda2081fc8291c4e7d27d6f2bcc6992859184928c4a9d8a0f76ca609e35b2077eb2544e7d8030695adf7e6459870ef65efac113cc521a3c06af0cf2251123041a09599afb3cbf2a83e6b4e22b0ffbedf9733edec30ba1db34b2df81fd9b6d5d9cee0017e382c9f680400ec870dd8df4aabaa7811cb8444c404e2ae2f309fc1ec01820b8dae9f2fa25b7e9e85bc938ed4723fa8a8564a2544e034ae045d3d96df4c77d749e9fd3621882daa72224751bdc18785b64a8f8e27434d3e14284029f1fe4ec22199d642eebf68db09b9bd333438ce6b4aaa4bb6d46421b321f2d79ac78ba6a749e792787e397219728113792ce0854e62edb0bb906a23022c41f27847344ab3500539805b5388f99d0163b73f27ecbd2c6788267eb286e820bc8f7720455cd625402fce798161e51e6a9da10cbbe096d809ec7de5b4f6f80b7086b6c96b22a78d0826506c7a5f2985f0ba7c7ca84ad7c46c0c96bb13cf9b0f1c7a36a25ca7c4bda358d21f37f7909bc67ceb258e945c055f3ebb69f83de8023f6497dd6897e6449c867d08a003609dd6e70be91dbb4661d66bde75a42e851ac857b8af52ba1e20a1744dcea147e17bb682d9a0158cd1fd64fafc03009f4e1b18a53b8c06e49067eefce6c2c3eb31db1c11c407faf6b06bb8df43ccaafdb30d5b3d78f4eeea88db5b3f39e6b99cbad114bc527f57edd8942d9d9fca6220b80aa7d394e83f92fa51f886a680f4310843a8eb6a4813f3ec91389d182f5f6bb5080918eb5eed3aeb19a13ae7bf6beb1d5509f76726c723d2d308b02895c906a005360e1df4449089b2fc031384fa0b9447b552e63a61a8a5f13967a831be76de14ebb8ca0a4c2a30ae8ecbb6ee005085eef68e726191fe8209d8c321101e55cb10ca69cd59ae789f5d8e89097e62bf7383023cb58adc896aee2265906ae36b981cf46c99f8efb0472d6a628d98e20d80fcfc538375d0a4c07fc58b99e37af0b11d7ddab0e9c16fd870f75ff7876f6f98107752c169b9f4152e231bae37d58c9b2a5608694f5d0465dda04d58e0799640b39174249868221bc22f0efee95ccf9c1a87d82fc0fc8022c7a8629f487e50a5dbda8b775a3691d645bcee3c9cd3bf561760f32f67558fb0c6579ad58a0f1c15867e0e41335fa27749ff33253c548a281724ccd899dd8f95fe676be4e18e43b60b565e1392d8cc33d51de0d59164fa870da4950c5972ac723f6934b43abe8e83e27829d61256ba05205258f38855d3472d8d1658e138dc7d28defdf4a8038befd6595ac6763a89bb06d0c9929c997d100f4815bead5cf78ec94062b371d13d66476869909b4f44c07c3e35f172cfd1c11431bf09c23c18680bd2b5b68ce836c15b14e1a26021842d19e010ab70e7f4c4180f1a5265c4a331016b7d5608226faebe6749695b9d8c5107dea16a4d6c98dc245da5c57227779f5d56c82cf169a852698d2e570257e7b4ab6994fd5e84e66f2ff9b98eba0cafb0d079493f70038dc9a72695b1a4b875fa6e01e4506dfd98cb2d5d3ddaac65c53b98583b3a201da87abb04e79880010d72b5ac9e62f7725832254c506a2f2ff1278b4ffe1d310fb573ae0e0d38aad9da56af8686a893ea361b200e7e14399e3c357751f5a2a85a8be13a70b86ddc4cb8a6a997a9f5e6db84b415023c05f3eaad12bac4e5bcc4cdefb9a0091fcafd0c94367a94e4e20dc51dcc18fc710601384cbf7c2a2c7e2a40ade9e1e2c251de51b4c63fbbc801031e265d01b1083f7f860e24a41cbc5716fa030765854a00c6ceee72291106c35fc51cca0a696c1341a30de9139607e303a045f787b1a3e4695940d4e206c38647ef513912a9a307f216862c4d8031343a2a34ee28c2a3bc56aeb10d3233433f8fd04b562458a67ba35489ed0cd835ba5bd4e52a5f4732209ff767464766d91dc5e6797d214c945c59b4239b88aad41da20bf7fc6207f5e2d18033b84d3594d7cd67cbc9094f62d6b0843c746168952110496c251912271d33dbbf9fe92137549cd42500178f16881ef9a7d4ebb4a366c1bff9a4e1d4238c9642ef971635c4b70204af102d48afca37b293fbd593fe124258f56e85ee216fc27fe973d3e05db3d37c87e71ac0d15faf48540908b09751f70537c22979ee71c04038661cc7999b17804d2d18d049c2b779049dc5dc6bdeb2b0e33a2f8ca3cd4571c1c38928e517a8e94b882fb86f5337c460f9fe92136111717ed0953b81b51846e12b991b08bd135b4d3316e609cacc966b82e3645f30d453ab6c55ddc33487c1e39c99951eb142179ae61bb5f4a3043c40bccae7daafab9e52771ca5d598441138e50e1d21df0024a7ca1d4a2d80d5b1241c84af4a6e35f3ff33d190a3d528bb63165ae9e82e374b242f2a88c3a84fc6562b9e8d44b3509421ebaa4943f5814cff6f24b609255bd81f8f139772c923cdceafe86ee14e28e4040324b63f6012287a83eeade4a8e75336ef2a0821e5b3f240e1a15f505073a5fb8c349d65c0128984f8667d9cbf103ef86c06930f332bba48bb009ecb1e191e1d717f6f2c6f3893cf4dbb588bb8a59558e21b6546ce3226137925d6ae745bc2ea279ad8a1dc94dfeaf45ed28fa0e0bdf15a072f016fbb6d0bdeb9423a0ccad661a109234c26fa5495553f2c7f2fda7e3d8424745bb6c241c6f5a21659acfe647ca8b415f7632bde23f3a374f7018d1ab89913980541210e52fe6f350b728a57ede2c98ac60e56a58b40a1986045d7aea7fe080e46625d68cd5cddd22ce1a516a6cd91e19dc245ca2c603a50cfecd9a022960fa6227ab763164676ee05fc06a74e2fa404d928e278a5f5fe86eed7bb2c81c918e30939f25b1387a037521c044d868f9cfb4b86f29fc18c6efcfd14d703dd801708aebd4889c9c0cc16eeab7de679024def37e55bc0864ba2c89dcdebe9a86820072845ecba2a83385b245675f902f1108e42c5d541d684831e67d497a214c114a584cf297c97aebb8e32b83e1f2cf88c5f6586a6e904accc23b4d0eca364840ebcd518adf7c9e8aca0426ceae85a8b0d66b4274f79de0c41fe24b6e1fe751825bc3e4874621928e05ba3a761245297d161cab49cc5a38a4a490939d196692b102b053750d59480babfc86f412322edbf40d7505b57df86c519a873ba668200218105a81b3ab01d9be43f0823c91bddcb700a00913a1296bea043f27eb8499a29ac4b3b3be7ba332d2987a0c8efdb5a8f8b3aa3e3e6932ce50d9d1ecdfb5623152d09d09e82109e8144711c558f83aabd55dddf7b88b5cb071926e016b252e91b95823ed3ed68c73ecf1960cbfe767a6b7d6413517e31bfa3448bb2aca4930201d9b554825aa9856b61d19bd2fe28e50703d264f297b99f74888eb171e7d3f22054cc4b6827303d2bd81650ad8f73cc981a15b52e6efd556010787923df385e16ebf9ef24e46ed4850e6b149621c6ce0d43da0fdd04bb8f27203ffe5ce180c4029a1fd08ae177763cdc34dea714221d599913e5d22414ed93bceab6dba4a384045f2fb7ccab2656a30232ca0d544c66d20c9de2f4775fdf5553c874b0cfcbb616786940bee9dcec0f1f4e28333a65a42db92e3e1e9889d1bd50f2f6d049f0dd13115573cd0c3f9c1311b87d0c39ce7f18cb0651d58f2f955ab15421d5423b9c1bff2fc24003f7861d1c2a6527e329c2a719b56a9d15d6f5bf81f0eb53b362802a89e0c0df60f0140b2aa004b6626bce3bb0d7aef4883b7c6c32db10430a567c04b06870068383424aa032e3dbeb98a120ac4668eed608336a3a3f6f2be1bb482924e388f11a5b13c5042d85a409ab8addbb5320dba231eaad3f18090148e6c11370e962d1f0d4a3124ae7bea599b62853b968e21909ca70f07f0c7ad43c89bf1f811eb20221bc5364217462a7fd69855268f7d9c8725a3a33476d8d1ffa712615b22c2899a8b7f6a6e332d665ac86f855f1e390658313c037c5d4156da17de90bb9986a7a21229615384e7968aaf58612bcefc9f34b0381e3232c78bd8b4c05137b08c84a525e0d6c5600320bf96dc46944c72695e10d8bc388b81efa9ed42108baf3385f2504bc35f97573959b9f95f52ebf1af5ffd2bb040a01e57e32a7fe0d01fdbdb860cca339617cafd917dc9be55f2052c52ff7a4ee2d37c535b31e0500e1ab72aafe847b52d1541a80c2358cc9d1fcecbce518ce1266e68249940cd32f67a265f9dc3e074f2b988c830fbfc1bbb8820483a8d730429df5ace0f14fcf2b991c681255342686144834500e319df1b9a5063247539ad5a2f66ff91dfe362bb187298e65f30ec5ae23366ee60f7677f2cb4df154365fa1bd58450ab811512139b6fc606d52e74a29324654edf46d87bcc0992494a27a38a244ab57f5fe8e21a8ad89b8d2942e7e076fb0f95c6a327ef499b6df966a1201ca758c337e16691f2ff4d3dcf501ceb95153dea0b50add998abb3060757245638e9b534e69ff1b13221bc0c6dd04810db0b4232f79803b0be277d60e183244f44d4bc72be3aa2106d7a87ac4f09212851d5f522939b44ee897eddd70fab3f1d3e164d66d1f9adf1bb5f935b87aa22546ddb1658e2e9a118ea6a8834f7c6f608c01ac880cfef57f2ad04ca606c26fe0562cf05a2d1bbc5bb6332a995fdca07a4ed25f731044cc952d52c6528072b03f88850584855bde1535b34231b1f3e1c822a9d3c4788822761827e2f342e4aceeead896a37e64e2c40cc9f0555f8a26f605f454eda833b57200cc926232c9ca438822177c4d7d96914de8537407aabde06ac472a028d770a422530d4cbac0f32e4541bc9cb964868ed31cdf41388a30aedfd8e41f1610e3810fa3d2509882ad466b0e6ad6f0b4eb8539243d805fd603f7afeb52b5029a53d31dbb16fe35b7da7f0a55a200166da41df364cc97ca95a9ed2f3b7757df6f55cc27533d724f218f7dacf09ca56e5bcaa41e6be7f00580723022a78fc88df2355a056c822bac293f0a8f49d491b8bc1c8ba9a0af73d604c818f1aabf94b3a75e3229c3fe64bae1ba74aab50b4738affdc1615f66beba1a6a1404e3e4c5179474bf0e55af59aec03f3c31cbe88149995ff1fc4b7f5f1fde03c72617227b837a4b2f189b25d3ae74704ef058f1935e237f254edb519476d810861888605ca765fa2b1d663ef237cb23e6ff3740c18cf834ea45ca79bd3f3031cc651f08253d231783231dffdc3317acf50fc46deac999cbe9612bed66ed27de250be50796fbeee69f250ec0a20b122627e44259b3014e5c7c31677fdff622d5de5f1abe11b61693321ed92ee4e3aeded23b18b8a1246466c95f0f7262a15cc4d3ca6c3106e62835031e9a3fb602ed50dbd71f284f6daa9fedc9537ce97120a66e2b6f9b4eaf6ffd942abc2f7dc8d4263d01eca68d8cfe04bb565153aa1603a38840f3cc2160b06bae2a09324712bbd7d213622ca0755b6184f16e5c6efe7b05f9b29a24f1b8410f650ac5809f2000d598996588f97bf2f139fc9ce2974f22a4f6a75573434da4880f065bc4a547f01fee8e07bd942793c21b7096e17ed5a6189f9ab82b7cc05f519e1ba19d3db28ec9c0364d52d8abf3588b03f378d787f5292509ec15320c5012e0252faedce62899dca4b3d17bde41dbd1a42ac58a0bf853bd9d2d6a5a85dd85fd127f04de411bb2379d6690c0f926be2ff0c71bf09ab0a948cf8ffd45901476ec2911cfb0308325f95f717d09d6eed101a2dff8160366bd00d4130bffd8ff382c2799e7551aa7563196a396921e1e9165fe749e80ce80194145f56f5d0e22a46b06c1ea4ef2df52e26d2ada33450f0411478ec22cdb2eedc5833da1727b1eddee0df4df54b8a06e10a877cbce04f3d769bdf244f423cc5a4f64655f8ab72b74ab1093d5a51916276f21f0e38a5e5ef7b8986a0590627e761e4c01434c8c4b61d71853a2ff910276d61bf4bf10610fbd923947317c548ef45579338d8170013f7610d67705cacb0b97a65fb85bc64dfc2c505b5e383f3fb6d5128584f6d1abe57d188b2f0d182190ac5afecfa785f5c4d1e596fb8ce23c8a33ca4e9d8b55122c6a23e9d74d4e57445f4e9212e135cfdc2c7eade10ae258f02db19c0952532430520c663ece07235349cce4990abd93ec4ce0104f6fb78419648677c1cabc21bcfc02de822f5710e9f0e50f5150f7cf43c1b3acab17308fe06116489e5b4c3e803018b8cd4f8659c7ad9443fd182d963044274ef0890fa013906790f8b44f71ef352cc238ecd49c6e22d50ffe932f1bea194160291c26e694fa14a7648233e5c4ff01dafe2019c034febf377d4354dc553f6a0eb167775084eb7b8e3377a0ef5db40b1dd9e84335105db7664636cfed65ce0ddb5416dd32a1e16c9077a4b51b74ed13710c3941cdbcf36720199acdf5a30f2dbc4b48f87601531f8a18f14c150e7402ecf0737f77c61c64a023001e9a74e934d55a1d9ea92fd29ea1cd1f1bbfaa0226ee6dab85904f2a2c925f4b15e2656f9e013689a8145207592e7d8d012b02f411a416a4033df45ec1b7ab089d6075fb20a54c21c1127cf1ddb144b8bdb9bcba1e78af173cf5f53cd92c981f63f1fdb45924ae36f92b9f31a7da8620ccaea0fe1fc9448ac0c454e0d9b97d97af5f408a7adce00df9d7fd1846fba74248133c4f16978e0fd37a7c8a3c48371892a2aabad19362b0d756a2fb6d57d3f540fa6cfa0d7a59caf01dfce26cb030d975fa44d24b0254dfdf46fc5f396b0b37180257b52f99c34a118f21b68493509c12a33a5c22f97416622b70e1c35c4cd1e1126784298ef0119d9fb7206f2bd78eebfee6b9356e108d00d4c22602bdaa30ba8148df22bbaba98919434906bcd77582f9b900ca473c48343884e0301137c683b1e53e105f52a7251f88261aa9011662de003c505c3e0ad99d4d28959d7c634221fe720bfa2018da1881b0a91ce4a7a50dc41e92a705d15a26cfd225a86c0fc50475611af6d8ae9e5a2ae6b9eff51d16a5e2e148653e29f1d4c49d4961b12c8689a7ec07a2a9bea1f25a2176a647d2b7ba190728815725fcef3debd10538bfbe6cbd9e0dc52d7a1e2de8dd2b1341d70876cf3e14cb4d27326a046bfa6d51fad228028524a9021dc9fe54f78b87fde72ee417662e1e89c7994fd105385a7e581938a7d00c0e1bc056cf0b01d47e2c65457b27ec08d97252fb8eb59f3863827392cffff32b6f154b4e7b785f1aae1cc0fd2d698f4f4319e3ef3c25ff490f103e8a69bdb80e68c91eaa32b35cf19e9c4832161702832680b14811c2d96f622d8fb97e1ae40055b0c4845c7f947fa97e353443431af196470366978c3f7f8cb901bd452f1826a94886a6fa70e750808f8130c45cf8e59d8353124936041b0c9c0f679f76432da673aa4508ce27c1664573297c1b6835359c2207ddbef41a7257c1a39062f20b6708e8f3bd60c07385db7d165399a5a66e56b5aa65cf27fa4fd2e1ec6ca3ec2e98fab16e14b52ac5222b5028e4fa5df5f1f7290177777aa2211e7d69aff4502cdbefa92f426d8c6ad690e8170ff35c3eb044ad5bf95e8b810bdc8e1950a3b304947b5d3ebc65d4c4cde911b568089049dbf35ad5c2e7ef1b1c9ee506a16a0a23c733d5ec4f54fa034759c42e1936c4b0493aa7d9791158a4e5de1cd9dd07ad0dbb949fbe8532a55f388aa8611c4bcc2c5c3701fb80d8309def8529c1a87a6a0eac148560cc085d6c6dd48051431cc60497ac46214d8917a3c9d0da5c6f8b2b0e7f91a994c61304597ffeb8af1b241599d1d2a655997d43e1d4b069ff64408028ee7c471ad7747d41457567ee37a12d223d05914fc5c06ec5da278d7a80d5382e68dc2819104ab9649ca58ec5f487e62b948294a281ca495215c61d14370824085d2afc392d658b06ab131087c928852a79ee77b787f3ca112400fe2c4124b4199499347c3b54aa75fc060e770fdda9eb790ec70364cdc851429dd53877de3f21c4a25bf5d6e11763153dfcb9af571ecb16595a478c092e74f818f30efe5633060d75eb91586122e97cabd54eff0078a515306dfe056dd833ec77ee9dce6abc0faee55a6dba6539b68b1f152dff4ba66d72ccf0e1c70f29bad6862987772cb62b2542314fd14dbc175028263f23d59f8dd9ec5a557ac04a95e152b830e1d7652ff33299a8f37d91238d8c78754a12c39ec31a90130b99566423fd66057089c50411d5c55a58786c9a6b1a0a46a6feedbe8886d22fc07e5136efc0c5178bb74228cd8df1505bf2de13e4e7b5f455d35045fac58181c12d811ad45b091e61d6410f3d505b2651d214cafeed37ce741a822420ca9aa60f883a46f05f6a0309b6f802fbe3cc5c2da466abd7609318058ac5d77984daf3edafeb69a4d75576520a890e4e57e58c5b21c69b1ec2680ce73eea4a2c5f5c4b174ad56dd666f53f5a5a5d205574d23dd04efa62464000454ced2ced21f8fa38ec2019e6532ff92be81f031b199285147e3e65fcc73476f06a1d5c65c7283b5907c244a590eb0aed92f25125dd38e406f7991c9eec3b82f0dc05af9b47f47886d50a90e838179f171e095b1731a6ea542d9cf6ef106a155fa65b4a05c4deba76447c26be062e1df57a34d8005e1011d0e7cdbd84122d55333b6cb464c084bd30bf94f0a3f2f4b2f777d28f0d318405603643aa1b946ff287b4ed4083e5296dee3bca786b2ff23b6295761b2f43277c3ae997d6d3399ffc33726dce22f53a4958714dc8076d5f492cbdc36c2c2f84609780dee5af06685f180f480dd0f7b2b7d8608cbd1e123aa9de6d2d982cb436e63cb9efa6eefdf8137d66ae0bdcffb5cd4391eef30c079490df59f72f0509f85211821b6089c469573036ba04e404cdeead48801af8b34dde730b087c0817643c9e8e936c507ee016ef23d598edba4d127be8d354b4ad410f57e18539121c90e43df2031a8047cf8b3cd0b096a70c71f8c84bbc8f5b493c113a0cee352e50e405355e1d5ee34b445828edffd9081996ff9153a6b949b4d78e2782d6a120a58561f6afa9aa82fcedba3a4d80a35dcbcbcf9ce693711a45a6453a60571e228711cb189b450ca42cff0d9fc6d26d1fd5e678ec3bad8bc79fd7a748e7ce4b1a6e4e612be5ac54c78c1d17958a8aa981184d46fbbb2241ee07f2bcb125c44d0325278b0470867ff9534b9bd11a9cba52b17694ca56bee726d6f3bd37014e62207ec60b78d58f2cc8903a04519c07085d7973b4a73555f1a161281516a37a1a1f06328432e49a4e64e25197f4ee39978a62e7ee779d164cc23ee26897b6b6e41450e37ae5650078f484d112e7872184e81fb80710a02ae36d854075b4e31f1e2e58b3d35a2f34b0c9281de9f08049d492a5d8158bf9692a6b0aa7c50130c4492c8bfcce653d9dacbac2a3170fca4778906f3459cc9cf934de179624584e496b19592de7bed36be297ac8c26f58fd54d00c1bc6fe7e3345659af0644bead621928752d1e233e6238a2788cde63e5a8afe2333bc051034aadd7edd8446cfbdfa527d00f3dde642782a8088123971e184ff036aa6ba05132c498ae3ddd6ea1e33f25ab9835fe6f3d9b3b9e0cafdd83863668087ac9c452397f12b8388ec46b30aa166c5f748618f892d328dd904d5dde03da97b13c4afe5aca58870f7160254a6319d08bda11246d1a2ecc3a9554d4f0a2e6a7c0634b299fb53dd840212da376af1b0088df0794e6cf156c7f809bea84a7d0a334db866f9b16814fc0c4e835ed68260ad94e1d7c19e4089baf27dc6757529a45d3a80af8700c2aa4a55fcee2108c
    
   Contract Call:
     address:   0x322813fd9a801c5507c9de605d63cea4f2ce6c44
     function:  privateTransfer(uint256 _amount, address _to, (address relayerAddress, uint256 priorityFee, uint256 conversionRate, uint256 maxFee, address feeToken), uint256 _accountNoteHash, uint256 _accountNoteNullifier, uint256 _root, bytes _snarkProof)
     args:                     (69, 0x3C44CdDdB6a900fa2b585dd299e03d12FA4293BC, {"relayerAddress":"0x0000000000000000000000000000000000000000","priorityFee":"0","conversionRate":"0","maxFee":"0","feeToken":"0x322813fd9a801c5507c9de605d63cea4f2ce6c44"}, 13095653921732981005478846943974003753220108880015302447034863388093340651679, 10763896423626922289747204765635808950219208046018755738604833360069448352007, 9694936467148759627950304481782939469699887669543530035481574600574343639830, 0x0000000000000000000000000000000000000000000000042ab5d6d1986846cf00000000000000000000000000000000000000000000000b75c020998797da780000000000000000000000000000000000000000000000005a107acb64952eca000000000000000000000000000000000000000000000000000031e97a575e9d00000000000000000000000000000000000000000000000b5666547acf8bd5a400000000000000000000000000000000000000000000000c410db10a01750aeb00000000000000000000000000000000000000000000000d722669117f9758a4000000000000000000000000000000000000000000000000000178cbf4206471000000000000000000000000000000000000000000000000e91b8a11e7842c38000000000000000000000000000000000000000000000007fd51009034b3357f000000000000000000000000000000000000000000000009889939f81e9c74020000000000000000000000000000000000000000000000000000f94656a2ca48000000000000000000000000000000000000000000000006fb128b46c1ddb67f0000000000000000000000000000000000000000000000093fe27776f50224bd000000000000000000000000000000000000000000000004a0c80c0da527a0810000000000000000000000000000000000000000000000000001b52c2020d74625fce929508d2973b58eb620e12c67d21eed778746f6e470f815b2d25896fcc01d33642c29f21c23b99331805e60a76404aa4344827482ce3ef18befe788c34f16664c4dff8cc6bbcb8d217e5f5acda4f8e39e335d974ebd58a8bb2b1fd875ed160235af8aa585838f6106b44bbdf1e07a586534cbdc7c4a1bfe2912287667b52f865a92571afbf460eaa1899c0d5c408a8a2001408c044d41817d7d0e50184d2c3a6be2373f1554cb86bcc5e12bd1ac936ad7d578a5ae84e19464e03ebbb32a14aae740044d57ccc0e61eda4b5b1dd05803d8feb45a1a490893bf563c1ef4c916838519241c9d45c251873aa5357ec9f844aa15b5de97a65500e5582efe8b1d04a7bdf32fee64d8099418da289cc5a61354ed14c7c5d63cf9a6ee636c4aa30d26801a1522ad33ea5139da64d4ba6e013f7514227f9dfe1c855e86d8eb22711d2f1a7d38ad6f8dc7b49a9b3aee72633039bc23138b8665757bf878176a0a36ab14860ec7ff1536bdf3bcc59ad9cdd58afb3ad8f6edaeb2f9efff117dca1d53941139b6c9406f863ebc0094a463b14b7f9d0789acfa51e084f32cf8403048ee8a2688ba071a8b96e3862b4ac6d678dbbd43a07a4a8d36875ae83708aae99673481c332e29ea08acfbf502aa676a4839857cbb9595cb7ea161b0160bbc56e49208036ec5b836b73f34674457b14178b851b29b77b0d05ddd7452fb82710fa945b61bc704c4be3e1243b1ce8cf50af0f16c733ca4f3becd0490ca02fe6e3491feee0203f576f713be110c140aa112f9c396b4c64a2d1359f1851b186119b850c3d32aaec50ca5a20fa0568f764031a1249b84524c241d62cd6c2febc0df697d1f8a25ec593819dd59caa224cf87c7e2451d08681706b8e5cee51a1b6969810557482639791ea7b2efbbdc909541a0b2ca8f8ff379867b8743c77d84a8cc37233196163a0677452e2b2e473702064f0cbd00352a193bac0d7a8f44981466cadd51c21588c96abbd57b42e83aa8fd90dd3d637d36a70d57db4de8e43dee15dcb928992d5913e28ee4b1f39fef718a7da4a5d7d0ecfc3b4ef0ccde0031821ac838520a2c4f0268a2345291b10996f6b3a2d4437635f8b56684e1163030dc9a4d0406cb274e71399673856aba19a5cbb6ee5dccb5b065fab45591081c0b1345602b81401cfa10f82cc505923bbdc4d925cfc5f823f92bf4d0ef589ec67360c090e027311e0aaa4dd202f534c36249d126fc4cab976000e77849b5ea0999e55ee78ec8340113c5c54132899d196aa34fb8ee756e74e69c3a3bc99e1f594dfbd964a807f0231fb9999028b4b23de87d80dfff1aa1524ba494d58dc2d1c947f742df398f071ffc12b9c01785afc521685a0fce204fcd018ab21cf35bca94f63f69e3e8650623a772b4875c7274f2f81150a7ee115d2b9f701388c627bab9dcdc13bb50e2a1243727d6f8a0db7778a76193efbbab42d6abd7cb515a23c1809910ea2968fe00223248c850a2e615d1db861d0ab3628c43c821c7cd6742c97d6974c142f2d3880b9f287c4327c3a05f77362036217fbd3c5572fb68b4946ee6bb3dc4729e85f72e3e06c88c3f670de174834b5b148ee4fe8cbbdab8e4e1efbe8f3818590451fa2c706cb718b426f380adbda04929eb56e7261db64f91d579911203533ffe93140a42b9ba9bdb5f7d11f0d73d012ed2a9881e5593cf412502cb297c0b5ea439e81316a59864b3fd0329b4b9efd14182e35e76d74bbff494ab2f000af2be94ebcb0cfe8dca95879c4112d8985d5fd85d0f5589cf1e37102ce0e55084b0492afbe11cce54ad2ae7ef38a05476fa2b075e4b452051f87adffffe93479d416c0b84f41422e91f1d4a33fa45636cd8266a84a14b1461f0ccfe23387c3f514498b014ff070699fb274ab6050cf22a884f3923bb35cea1adcff3360c459997583c04d1171cc066220fa2e23ab23919e2536c39efe4abb977b5dcfb5ef4f1e22da1fb29fa28d8f73f782e67468685e34d555f4dd44593afc252afbb709a5b82a68d5de8331675d869edbbc319b79994a4c718084f5e7470c4ff35f8663215ef6d5b6a634f1603d8e107e83e1e9bfaea47dad68b2477be0428cde4213e68621d76ed4a2368138a4620048ba0057aa11ca3dbb1f3ac51990405d945132bdf3a281fd6661b190f2718057cb60a639e049982aa4fcabc6efe341ea7a39753d242f6c52df8743d106ba3b83fc846429b6b03460435a3d50afe6f32f488fc4ea3231666a79d3b9c0fa6f14ff5dda2081fc8291c4e7d27d6f2bcc6992859184928c4a9d8a0f76ca609e35b2077eb2544e7d8030695adf7e6459870ef65efac113cc521a3c06af0cf2251123041a09599afb3cbf2a83e6b4e22b0ffbedf9733edec30ba1db34b2df81fd9b6d5d9cee0017e382c9f680400ec870dd8df4aabaa7811cb8444c404e2ae2f309fc1ec01820b8dae9f2fa25b7e9e85bc938ed4723fa8a8564a2544e034ae045d3d96df4c77d749e9fd3621882daa72224751bdc18785b64a8f8e27434d3e14284029f1fe4ec22199d642eebf68db09b9bd333438ce6b4aaa4bb6d46421b321f2d79ac78ba6a749e792787e397219728113792ce0854e62edb0bb906a23022c41f27847344ab3500539805b5388f99d0163b73f27ecbd2c6788267eb286e820bc8f7720455cd625402fce798161e51e6a9da10cbbe096d809ec7de5b4f6f80b7086b6c96b22a78d0826506c7a5f2985f0ba7c7ca84ad7c46c0c96bb13cf9b0f1c7a36a25ca7c4bda358d21f37f7909bc67ceb258e945c055f3ebb69f83de8023f6497dd6897e6449c867d08a003609dd6e70be91dbb4661d66bde75a42e851ac857b8af52ba1e20a1744dcea147e17bb682d9a0158cd1fd64fafc03009f4e1b18a53b8c06e49067eefce6c2c3eb31db1c11c407faf6b06bb8df43ccaafdb30d5b3d78f4eeea88db5b3f39e6b99cbad114bc527f57edd8942d9d9fca6220b80aa7d394e83f92fa51f886a680f4310843a8eb6a4813f3ec91389d182f5f6bb5080918eb5eed3aeb19a13ae7bf6beb1d5509f76726c723d2d308b02895c906a005360e1df4449089b2fc031384fa0b9447b552e63a61a8a5f13967a831be76de14ebb8ca0a4c2a30ae8ecbb6ee005085eef68e726191fe8209d8c321101e55cb10ca69cd59ae789f5d8e89097e62bf7383023cb58adc896aee2265906ae36b981cf46c99f8efb0472d6a628d98e20d80fcfc538375d0a4c07fc58b99e37af0b11d7ddab0e9c16fd870f75ff7876f6f98107752c169b9f4152e231bae37d58c9b2a5608694f5d0465dda04d58e0799640b39174249868221bc22f0efee95ccf9c1a87d82fc0fc8022c7a8629f487e50a5dbda8b775a3691d645bcee3c9cd3bf561760f32f67558fb0c6579ad58a0f1c15867e0e41335fa27749ff33253c548a281724ccd899dd8f95fe676be4e18e43b60b565e1392d8cc33d51de0d59164fa870da4950c5972ac723f6934b43abe8e83e27829d61256ba05205258f38855d3472d8d1658e138dc7d28defdf4a8038befd6595ac6763a89bb06d0c9929c997d100f4815bead5cf78ec94062b371d13d66476869909b4f44c07c3e35f172cfd1c11431bf09c23c18680bd2b5b68ce836c15b14e1a26021842d19e010ab70e7f4c4180f1a5265c4a331016b7d5608226faebe6749695b9d8c5107dea16a4d6c98dc245da5c57227779f5d56c82cf169a852698d2e570257e7b4ab6994fd5e84e66f2ff9b98eba0cafb0d079493f70038dc9a72695b1a4b875fa6e01e4506dfd98cb2d5d3ddaac65c53b98583b3a201da87abb04e79880010d72b5ac9e62f7725832254c506a2f2ff1278b4ffe1d310fb573ae0e0d38aad9da56af8686a893ea361b200e7e14399e3c357751f5a2a85a8be13a70b86ddc4cb8a6a997a9f5e6db84b415023c05f3eaad12bac4e5bcc4cdefb9a0091fcafd0c94367a94e4e20dc51dcc18fc710601384cbf7c2a2c7e2a40ade9e1e2c251de51b4c63fbbc801031e265d01b1083f7f860e24a41cbc5716fa030765854a00c6ceee72291106c35fc51cca0a696c1341a30de9139607e303a045f787b1a3e4695940d4e206c38647ef513912a9a307f216862c4d8031343a2a34ee28c2a3bc56aeb10d3233433f8fd04b562458a67ba35489ed0cd835ba5bd4e52a5f4732209ff767464766d91dc5e6797d214c945c59b4239b88aad41da20bf7fc6207f5e2d18033b84d3594d7cd67cbc9094f62d6b0843c746168952110496c251912271d33dbbf9fe92137549cd42500178f16881ef9a7d4ebb4a366c1bff9a4e1d4238c9642ef971635c4b70204af102d48afca37b293fbd593fe124258f56e85ee216fc27fe973d3e05db3d37c87e71ac0d15faf48540908b09751f70537c22979ee71c04038661cc7999b17804d2d18d049c2b779049dc5dc6bdeb2b0e33a2f8ca3cd4571c1c38928e517a8e94b882fb86f5337c460f9fe92136111717ed0953b81b51846e12b991b08bd135b4d3316e609cacc966b82e3645f30d453ab6c55ddc33487c1e39c99951eb142179ae61bb5f4a3043c40bccae7daafab9e52771ca5d598441138e50e1d21df0024a7ca1d4a2d80d5b1241c84af4a6e35f3ff33d190a3d528bb63165ae9e82e374b242f2a88c3a84fc6562b9e8d44b3509421ebaa4943f5814cff6f24b609255bd81f8f139772c923cdceafe86ee14e28e4040324b63f6012287a83eeade4a8e75336ef2a0821e5b3f240e1a15f505073a5fb8c349d65c0128984f8667d9cbf103ef86c06930f332bba48bb009ecb1e191e1d717f6f2c6f3893cf4dbb588bb8a59558e21b6546ce3226137925d6ae745bc2ea279ad8a1dc94dfeaf45ed28fa0e0bdf15a072f016fbb6d0bdeb9423a0ccad661a109234c26fa5495553f2c7f2fda7e3d8424745bb6c241c6f5a21659acfe647ca8b415f7632bde23f3a374f7018d1ab89913980541210e52fe6f350b728a57ede2c98ac60e56a58b40a1986045d7aea7fe080e46625d68cd5cddd22ce1a516a6cd91e19dc245ca2c603a50cfecd9a022960fa6227ab763164676ee05fc06a74e2fa404d928e278a5f5fe86eed7bb2c81c918e30939f25b1387a037521c044d868f9cfb4b86f29fc18c6efcfd14d703dd801708aebd4889c9c0cc16eeab7de679024def37e55bc0864ba2c89dcdebe9a86820072845ecba2a83385b245675f902f1108e42c5d541d684831e67d497a214c114a584cf297c97aebb8e32b83e1f2cf88c5f6586a6e904accc23b4d0eca364840ebcd518adf7c9e8aca0426ceae85a8b0d66b4274f79de0c41fe24b6e1fe751825bc3e4874621928e05ba3a761245297d161cab49cc5a38a4a490939d196692b102b053750d59480babfc86f412322edbf40d7505b57df86c519a873ba668200218105a81b3ab01d9be43f0823c91bddcb700a00913a1296bea043f27eb8499a29ac4b3b3be7ba332d2987a0c8efdb5a8f8b3aa3e3e6932ce50d9d1ecdfb5623152d09d09e82109e8144711c558f83aabd55dddf7b88b5cb071926e016b252e91b95823ed3ed68c73ecf1960cbfe767a6b7d6413517e31bfa3448bb2aca4930201d9b554825aa9856b61d19bd2fe28e50703d264f297b99f74888eb171e7d3f22054cc4b6827303d2bd81650ad8f73cc981a15b52e6efd556010787923df385e16ebf9ef24e46ed4850e6b149621c6ce0d43da0fdd04bb8f27203ffe5ce180c4029a1fd08ae177763cdc34dea714221d599913e5d22414ed93bceab6dba4a384045f2fb7ccab2656a30232ca0d544c66d20c9de2f4775fdf5553c874b0cfcbb616786940bee9dcec0f1f4e28333a65a42db92e3e1e9889d1bd50f2f6d049f0dd13115573cd0c3f9c1311b87d0c39ce7f18cb0651d58f2f955ab15421d5423b9c1bff2fc24003f7861d1c2a6527e329c2a719b56a9d15d6f5bf81f0eb53b362802a89e0c0df60f0140b2aa004b6626bce3bb0d7aef4883b7c6c32db10430a567c04b06870068383424aa032e3dbeb98a120ac4668eed608336a3a3f6f2be1bb482924e388f11a5b13c5042d85a409ab8addbb5320dba231eaad3f18090148e6c11370e962d1f0d4a3124ae7bea599b62853b968e21909ca70f07f0c7ad43c89bf1f811eb20221bc5364217462a7fd69855268f7d9c8725a3a33476d8d1ffa712615b22c2899a8b7f6a6e332d665ac86f855f1e390658313c037c5d4156da17de90bb9986a7a21229615384e7968aaf58612bcefc9f34b0381e3232c78bd8b4c05137b08c84a525e0d6c5600320bf96dc46944c72695e10d8bc388b81efa9ed42108baf3385f2504bc35f97573959b9f95f52ebf1af5ffd2bb040a01e57e32a7fe0d01fdbdb860cca339617cafd917dc9be55f2052c52ff7a4ee2d37c535b31e0500e1ab72aafe847b52d1541a80c2358cc9d1fcecbce518ce1266e68249940cd32f67a265f9dc3e074f2b988c830fbfc1bbb8820483a8d730429df5ace0f14fcf2b991c681255342686144834500e319df1b9a5063247539ad5a2f66ff91dfe362bb187298e65f30ec5ae23366ee60f7677f2cb4df154365fa1bd58450ab811512139b6fc606d52e74a29324654edf46d87bcc0992494a27a38a244ab57f5fe8e21a8ad89b8d2942e7e076fb0f95c6a327ef499b6df966a1201ca758c337e16691f2ff4d3dcf501ceb95153dea0b50add998abb3060757245638e9b534e69ff1b13221bc0c6dd04810db0b4232f79803b0be277d60e183244f44d4bc72be3aa2106d7a87ac4f09212851d5f522939b44ee897eddd70fab3f1d3e164d66d1f9adf1bb5f935b87aa22546ddb1658e2e9a118ea6a8834f7c6f608c01ac880cfef57f2ad04ca606c26fe0562cf05a2d1bbc5bb6332a995fdca07a4ed25f731044cc952d52c6528072b03f88850584855bde1535b34231b1f3e1c822a9d3c4788822761827e2f342e4aceeead896a37e64e2c40cc9f0555f8a26f605f454eda833b57200cc926232c9ca438822177c4d7d96914de8537407aabde06ac472a028d770a422530d4cbac0f32e4541bc9cb964868ed31cdf41388a30aedfd8e41f1610e3810fa3d2509882ad466b0e6ad6f0b4eb8539243d805fd603f7afeb52b5029a53d31dbb16fe35b7da7f0a55a200166da41df364cc97ca95a9ed2f3b7757df6f55cc27533d724f218f7dacf09ca56e5bcaa41e6be7f00580723022a78fc88df2355a056c822bac293f0a8f49d491b8bc1c8ba9a0af73d604c818f1aabf94b3a75e3229c3fe64bae1ba74aab50b4738affdc1615f66beba1a6a1404e3e4c5179474bf0e55af59aec03f3c31cbe88149995ff1fc4b7f5f1fde03c72617227b837a4b2f189b25d3ae74704ef058f1935e237f254edb519476d810861888605ca765fa2b1d663ef237cb23e6ff3740c18cf834ea45ca79bd3f3031cc651f08253d231783231dffdc3317acf50fc46deac999cbe9612bed66ed27de250be50796fbeee69f250ec0a20b122627e44259b3014e5c7c31677fdff622d5de5f1abe11b61693321ed92ee4e3aeded23b18b8a1246466c95f0f7262a15cc4d3ca6c3106e62835031e9a3fb602ed50dbd71f284f6daa9fedc9537ce97120a66e2b6f9b4eaf6ffd942abc2f7dc8d4263d01eca68d8cfe04bb565153aa1603a38840f3cc2160b06bae2a09324712bbd7d213622ca0755b6184f16e5c6efe7b05f9b29a24f1b8410f650ac5809f2000d598996588f97bf2f139fc9ce2974f22a4f6a75573434da4880f065bc4a547f01fee8e07bd942793c21b7096e17ed5a6189f9ab82b7cc05f519e1ba19d3db28ec9c0364d52d8abf3588b03f378d787f5292509ec15320c5012e0252faedce62899dca4b3d17bde41dbd1a42ac58a0bf853bd9d2d6a5a85dd85fd127f04de411bb2379d6690c0f926be2ff0c71bf09ab0a948cf8ffd45901476ec2911cfb0308325f95f717d09d6eed101a2dff8160366bd00d4130bffd8ff382c2799e7551aa7563196a396921e1e9165fe749e80ce80194145f56f5d0e22a46b06c1ea4ef2df52e26d2ada33450f0411478ec22cdb2eedc5833da1727b1eddee0df4df54b8a06e10a877cbce04f3d769bdf244f423cc5a4f64655f8ab72b74ab1093d5a51916276f21f0e38a5e5ef7b8986a0590627e761e4c01434c8c4b61d71853a2ff910276d61bf4bf10610fbd923947317c548ef45579338d8170013f7610d67705cacb0b97a65fb85bc64dfc2c505b5e383f3fb6d5128584f6d1abe57d188b2f0d182190ac5afecfa785f5c4d1e596fb8ce23c8a33ca4e9d8b55122c6a23e9d74d4e57445f4e9212e135cfdc2c7eade10ae258f02db19c0952532430520c663ece07235349cce4990abd93ec4ce0104f6fb78419648677c1cabc21bcfc02de822f5710e9f0e50f5150f7cf43c1b3acab17308fe06116489e5b4c3e803018b8cd4f8659c7ad9443fd182d963044274ef0890fa013906790f8b44f71ef352cc238ecd49c6e22d50ffe932f1bea194160291c26e694fa14a7648233e5c4ff01dafe2019c034febf377d4354dc553f6a0eb167775084eb7b8e3377a0ef5db40b1dd9e84335105db7664636cfed65ce0ddb5416dd32a1e16c9077a4b51b74ed13710c3941cdbcf36720199acdf5a30f2dbc4b48f87601531f8a18f14c150e7402ecf0737f77c61c64a023001e9a74e934d55a1d9ea92fd29ea1cd1f1bbfaa0226ee6dab85904f2a2c925f4b15e2656f9e013689a8145207592e7d8d012b02f411a416a4033df45ec1b7ab089d6075fb20a54c21c1127cf1ddb144b8bdb9bcba1e78af173cf5f53cd92c981f63f1fdb45924ae36f92b9f31a7da8620ccaea0fe1fc9448ac0c454e0d9b97d97af5f408a7adce00df9d7fd1846fba74248133c4f16978e0fd37a7c8a3c48371892a2aabad19362b0d756a2fb6d57d3f540fa6cfa0d7a59caf01dfce26cb030d975fa44d24b0254dfdf46fc5f396b0b37180257b52f99c34a118f21b68493509c12a33a5c22f97416622b70e1c35c4cd1e1126784298ef0119d9fb7206f2bd78eebfee6b9356e108d00d4c22602bdaa30ba8148df22bbaba98919434906bcd77582f9b900ca473c48343884e0301137c683b1e53e105f52a7251f88261aa9011662de003c505c3e0ad99d4d28959d7c634221fe720bfa2018da1881b0a91ce4a7a50dc41e92a705d15a26cfd225a86c0fc50475611af6d8ae9e5a2ae6b9eff51d16a5e2e148653e29f1d4c49d4961b12c8689a7ec07a2a9bea1f25a2176a647d2b7ba190728815725fcef3debd10538bfbe6cbd9e0dc52d7a1e2de8dd2b1341d70876cf3e14cb4d27326a046bfa6d51fad228028524a9021dc9fe54f78b87fde72ee417662e1e89c7994fd105385a7e581938a7d00c0e1bc056cf0b01d47e2c65457b27ec08d97252fb8eb59f3863827392cffff32b6f154b4e7b785f1aae1cc0fd2d698f4f4319e3ef3c25ff490f103e8a69bdb80e68c91eaa32b35cf19e9c4832161702832680b14811c2d96f622d8fb97e1ae40055b0c4845c7f947fa97e353443431af196470366978c3f7f8cb901bd452f1826a94886a6fa70e750808f8130c45cf8e59d8353124936041b0c9c0f679f76432da673aa4508ce27c1664573297c1b6835359c2207ddbef41a7257c1a39062f20b6708e8f3bd60c07385db7d165399a5a66e56b5aa65cf27fa4fd2e1ec6ca3ec2e98fab16e14b52ac5222b5028e4fa5df5f1f7290177777aa2211e7d69aff4502cdbefa92f426d8c6ad690e8170ff35c3eb044ad5bf95e8b810bdc8e1950a3b304947b5d3ebc65d4c4cde911b568089049dbf35ad5c2e7ef1b1c9ee506a16a0a23c733d5ec4f54fa034759c42e1936c4b0493aa7d9791158a4e5de1cd9dd07ad0dbb949fbe8532a55f388aa8611c4bcc2c5c3701fb80d8309def8529c1a87a6a0eac148560cc085d6c6dd48051431cc60497ac46214d8917a3c9d0da5c6f8b2b0e7f91a994c61304597ffeb8af1b241599d1d2a655997d43e1d4b069ff64408028ee7c471ad7747d41457567ee37a12d223d05914fc5c06ec5da278d7a80d5382e68dc2819104ab9649ca58ec5f487e62b948294a281ca495215c61d14370824085d2afc392d658b06ab131087c928852a79ee77b787f3ca112400fe2c4124b4199499347c3b54aa75fc060e770fdda9eb790ec70364cdc851429dd53877de3f21c4a25bf5d6e11763153dfcb9af571ecb16595a478c092e74f818f30efe5633060d75eb91586122e97cabd54eff0078a515306dfe056dd833ec77ee9dce6abc0faee55a6dba6539b68b1f152dff4ba66d72ccf0e1c70f29bad6862987772cb62b2542314fd14dbc175028263f23d59f8dd9ec5a557ac04a95e152b830e1d7652ff33299a8f37d91238d8c78754a12c39ec31a90130b99566423fd66057089c50411d5c55a58786c9a6b1a0a46a6feedbe8886d22fc07e5136efc0c5178bb74228cd8df1505bf2de13e4e7b5f455d35045fac58181c12d811ad45b091e61d6410f3d505b2651d214cafeed37ce741a822420ca9aa60f883a46f05f6a0309b6f802fbe3cc5c2da466abd7609318058ac5d77984daf3edafeb69a4d75576520a890e4e57e58c5b21c69b1ec2680ce73eea4a2c5f5c4b174ad56dd666f53f5a5a5d205574d23dd04efa62464000454ced2ced21f8fa38ec2019e6532ff92be81f031b199285147e3e65fcc73476f06a1d5c65c7283b5907c244a590eb0aed92f25125dd38e406f7991c9eec3b82f0dc05af9b47f47886d50a90e838179f171e095b1731a6ea542d9cf6ef106a155fa65b4a05c4deba76447c26be062e1df57a34d8005e1011d0e7cdbd84122d55333b6cb464c084bd30bf94f0a3f2f4b2f777d28f0d318405603643aa1b946ff287b4ed4083e5296dee3bca786b2ff23b6295761b2f43277c3ae997d6d3399ffc33726dce22f53a4958714dc8076d5f492cbdc36c2c2f84609780dee5af06685f180f480dd0f7b2b7d8608cbd1e123aa9de6d2d982cb436e63cb9efa6eefdf8137d66ae0bdcffb5cd4391eef30c079490df59f72f0509f85211821b6089c469573036ba04e404cdeead48801af8b34dde730b087c0817643c9e8e936c507ee016ef23d598edba4d127be8d354b4ad410f57e18539121c90e43df2031a8047cf8b3cd0b096a70c71f8c84bbc8f5b493c113a0cee352e50e405355e1d5ee34b445828edffd9081996ff9153a6b949b4d78e2782d6a120a58561f6afa9aa82fcedba3a4d80a35dcbcbcf9ce693711a45a6453a60571e228711cb189b450ca42cff0d9fc6d26d1fd5e678ec3bad8bc79fd7a748e7ce4b1a6e4e612be5ac54c78c1d17958a8aa981184d46fbbb2241ee07f2bcb125c44d0325278b0470867ff9534b9bd11a9cba52b17694ca56bee726d6f3bd37014e62207ec60b78d58f2cc8903a04519c07085d7973b4a73555f1a161281516a37a1a1f06328432e49a4e64e25197f4ee39978a62e7ee779d164cc23ee26897b6b6e41450e37ae5650078f484d112e7872184e81fb80710a02ae36d854075b4e31f1e2e58b3d35a2f34b0c9281de9f08049d492a5d8158bf9692a6b0aa7c50130c4492c8bfcce653d9dacbac2a3170fca4778906f3459cc9cf934de179624584e496b19592de7bed36be297ac8c26f58fd54d00c1bc6fe7e3345659af0644bead621928752d1e233e6238a2788cde63e5a8afe2333bc051034aadd7edd8446cfbdfa527d00f3dde642782a8088123971e184ff036aa6ba05132c498ae3ddd6ea1e33f25ab9835fe6f3d9b3b9e0cafdd83863668087ac9c452397f12b8388ec46b30aa166c5f748618f892d328dd904d5dde03da97b13c4afe5aca58870f7160254a6319d08bda11246d1a2ecc3a9554d4f0a2e6a7c0634b299fb53dd840212da376af1b0088df0794e6cf156c7f809bea84a7d0a334db866f9b16814fc0c4e835ed68260ad94e1d7c19e4089baf27dc6757529a45d3a80af8700c2aa4a55fcee2108c)
     sender:    0x70997970c51812dc3a010c7d01b50e0d17dc79c8
   
   Docs: https://viem.sh/docs/contract/writeContract
   Details: VM Exception while processing transaction: reverted with custom error 'SumcheckFailed()'
   Version: viem@2.38.6
       at getContractError (node_modules/viem/utils/errors/getContractError.ts:78:10)
       at AsyncFunction.internal (node_modules/viem/actions/wallet/writeContract.ts:242:13)
       at async relayTx (src/transact.ts:106:12)
       at async proofAndSelfRelay (src/transact.ts:118:12)
       at async TestContext.<anonymous> (test/Token.test.ts:150:31)
     [cause]: TransactionExecutionError: An unknown RPC error occurred.
     
     Request Arguments:
       from:  0x70997970c51812dc3a010c7d01b50e0d17dc79c8
       to:    0x322813fd9a801c5507c9de605d63cea4f2ce6c44
       data:  0xb567389400000000000000000000000000000000000000000000000000000000000000450000000000000000000000003c44cdddb6a900fa2b585dd299e03d12fa4293bc0000000000000000000000000000000000000000000000000000000000000000000000000000000000000000000000000000000000000000000000000000000000000000000000000000000000000000000000000000000000000000000000000000000000000000000000000000000000000000000000000000000000000000000000000000000000000000322813fd9a801c5507c9de605d63cea4f2ce6c441cf3e0a0bcd72bb0493c0152e7d0ac4694d57837ff0325f90fa51cdaf987109f17cc264432e41c214370017559210b64fadffb7a1a58dc96ae0a63ddb9a6c107156f23bbbea5f164c4ff253eb92c8f200abfcc244f1d603fa4ebb4ef2e40f316000000000000000000000000000000000000000000000000000000000000016000000000000000000000000000000000000000000000000000000000000023400000000000000000000000000000000000000000000000042ab5d6d1986846cf00000000000000000000000000000000000000000000000b75c020998797da780000000000000000000000000000000000000000000000005a107acb64952eca000000000000000000000000000000000000000000000000000031e97a575e9d00000000000000000000000000000000000000000000000b5666547acf8bd5a400000000000000000000000000000000000000000000000c410db10a01750aeb00000000000000000000000000000000000000000000000d722669117f9758a4000000000000000000000000000000000000000000000000000178cbf4206471000000000000000000000000000000000000000000000000e91b8a11e7842c38000000000000000000000000000000000000000000000007fd51009034b3357f000000000000000000000000000000000000000000000009889939f81e9c74020000000000000000000000000000000000000000000000000000f94656a2ca48000000000000000000000000000000000000000000000006fb128b46c1ddb67f0000000000000000000000000000000000000000000000093fe27776f50224bd000000000000000000000000000000000000000000000004a0c80c0da527a0810000000000000000000000000000000000000000000000000001b52c2020d74625fce929508d2973b58eb620e12c67d21eed778746f6e470f815b2d25896fcc01d33642c29f21c23b99331805e60a76404aa4344827482ce3ef18befe788c34f16664c4dff8cc6bbcb8d217e5f5acda4f8e39e335d974ebd58a8bb2b1fd875ed160235af8aa585838f6106b44bbdf1e07a586534cbdc7c4a1bfe2912287667b52f865a92571afbf460eaa1899c0d5c408a8a2001408c044d41817d7d0e50184d2c3a6be2373f1554cb86bcc5e12bd1ac936ad7d578a5ae84e19464e03ebbb32a14aae740044d57ccc0e61eda4b5b1dd05803d8feb45a1a490893bf563c1ef4c916838519241c9d45c251873aa5357ec9f844aa15b5de97a65500e5582efe8b1d04a7bdf32fee64d8099418da289cc5a61354ed14c7c5d63cf9a6ee636c4aa30d26801a1522ad33ea5139da64d4ba6e013f7514227f9dfe1c855e86d8eb22711d2f1a7d38ad6f8dc7b49a9b3aee72633039bc23138b8665757bf878176a0a36ab14860ec7ff1536bdf3bcc59ad9cdd58afb3ad8f6edaeb2f9efff117dca1d53941139b6c9406f863ebc0094a463b14b7f9d0789acfa51e084f32cf8403048ee8a2688ba071a8b96e3862b4ac6d678dbbd43a07a4a8d36875ae83708aae99673481c332e29ea08acfbf502aa676a4839857cbb9595cb7ea161b0160bbc56e49208036ec5b836b73f34674457b14178b851b29b77b0d05ddd7452fb82710fa945b61bc704c4be3e1243b1ce8cf50af0f16c733ca4f3becd0490ca02fe6e3491feee0203f576f713be110c140aa112f9c396b4c64a2d1359f1851b186119b850c3d32aaec50ca5a20fa0568f764031a1249b84524c241d62cd6c2febc0df697d1f8a25ec593819dd59caa224cf87c7e2451d08681706b8e5cee51a1b6969810557482639791ea7b2efbbdc909541a0b2ca8f8ff379867b8743c77d84a8cc37233196163a0677452e2b2e473702064f0cbd00352a193bac0d7a8f44981466cadd51c21588c96abbd57b42e83aa8fd90dd3d637d36a70d57db4de8e43dee15dcb928992d5913e28ee4b1f39fef718a7da4a5d7d0ecfc3b4ef0ccde0031821ac838520a2c4f0268a2345291b10996f6b3a2d4437635f8b56684e1163030dc9a4d0406cb274e71399673856aba19a5cbb6ee5dccb5b065fab45591081c0b1345602b81401cfa10f82cc505923bbdc4d925cfc5f823f92bf4d0ef589ec67360c090e027311e0aaa4dd202f534c36249d126fc4cab976000e77849b5ea0999e55ee78ec8340113c5c54132899d196aa34fb8ee756e74e69c3a3bc99e1f594dfbd964a807f0231fb9999028b4b23de87d80dfff1aa1524ba494d58dc2d1c947f742df398f071ffc12b9c01785afc521685a0fce204fcd018ab21cf35bca94f63f69e3e8650623a772b4875c7274f2f81150a7ee115d2b9f701388c627bab9dcdc13bb50e2a1243727d6f8a0db7778a76193efbbab42d6abd7cb515a23c1809910ea2968fe00223248c850a2e615d1db861d0ab3628c43c821c7cd6742c97d6974c142f2d3880b9f287c4327c3a05f77362036217fbd3c5572fb68b4946ee6bb3dc4729e85f72e3e06c88c3f670de174834b5b148ee4fe8cbbdab8e4e1efbe8f3818590451fa2c706cb718b426f380adbda04929eb56e7261db64f91d579911203533ffe93140a42b9ba9bdb5f7d11f0d73d012ed2a9881e5593cf412502cb297c0b5ea439e81316a59864b3fd0329b4b9efd14182e35e76d74bbff494ab2f000af2be94ebcb0cfe8dca95879c4112d8985d5fd85d0f5589cf1e37102ce0e55084b0492afbe11cce54ad2ae7ef38a05476fa2b075e4b452051f87adffffe93479d416c0b84f41422e91f1d4a33fa45636cd8266a84a14b1461f0ccfe23387c3f514498b014ff070699fb274ab6050cf22a884f3923bb35cea1adcff3360c459997583c04d1171cc066220fa2e23ab23919e2536c39efe4abb977b5dcfb5ef4f1e22da1fb29fa28d8f73f782e67468685e34d555f4dd44593afc252afbb709a5b82a68d5de8331675d869edbbc319b79994a4c718084f5e7470c4ff35f8663215ef6d5b6a634f1603d8e107e83e1e9bfaea47dad68b2477be0428cde4213e68621d76ed4a2368138a4620048ba0057aa11ca3dbb1f3ac51990405d945132bdf3a281fd6661b190f2718057cb60a639e049982aa4fcabc6efe341ea7a39753d242f6c52df8743d106ba3b83fc846429b6b03460435a3d50afe6f32f488fc4ea3231666a79d3b9c0fa6f14ff5dda2081fc8291c4e7d27d6f2bcc6992859184928c4a9d8a0f76ca609e35b2077eb2544e7d8030695adf7e6459870ef65efac113cc521a3c06af0cf2251123041a09599afb3cbf2a83e6b4e22b0ffbedf9733edec30ba1db34b2df81fd9b6d5d9cee0017e382c9f680400ec870dd8df4aabaa7811cb8444c404e2ae2f309fc1ec01820b8dae9f2fa25b7e9e85bc938ed4723fa8a8564a2544e034ae045d3d96df4c77d749e9fd3621882daa72224751bdc18785b64a8f8e27434d3e14284029f1fe4ec22199d642eebf68db09b9bd333438ce6b4aaa4bb6d46421b321f2d79ac78ba6a749e792787e397219728113792ce0854e62edb0bb906a23022c41f27847344ab3500539805b5388f99d0163b73f27ecbd2c6788267eb286e820bc8f7720455cd625402fce798161e51e6a9da10cbbe096d809ec7de5b4f6f80b7086b6c96b22a78d0826506c7a5f2985f0ba7c7ca84ad7c46c0c96bb13cf9b0f1c7a36a25ca7c4bda358d21f37f7909bc67ceb258e945c055f3ebb69f83de8023f6497dd6897e6449c867d08a003609dd6e70be91dbb4661d66bde75a42e851ac857b8af52ba1e20a1744dcea147e17bb682d9a0158cd1fd64fafc03009f4e1b18a53b8c06e49067eefce6c2c3eb31db1c11c407faf6b06bb8df43ccaafdb30d5b3d78f4eeea88db5b3f39e6b99cbad114bc527f57edd8942d9d9fca6220b80aa7d394e83f92fa51f886a680f4310843a8eb6a4813f3ec91389d182f5f6bb5080918eb5eed3aeb19a13ae7bf6beb1d5509f76726c723d2d308b02895c906a005360e1df4449089b2fc031384fa0b9447b552e63a61a8a5f13967a831be76de14ebb8ca0a4c2a30ae8ecbb6ee005085eef68e726191fe8209d8c321101e55cb10ca69cd59ae789f5d8e89097e62bf7383023cb58adc896aee2265906ae36b981cf46c99f8efb0472d6a628d98e20d80fcfc538375d0a4c07fc58b99e37af0b11d7ddab0e9c16fd870f75ff7876f6f98107752c169b9f4152e231bae37d58c9b2a5608694f5d0465dda04d58e0799640b39174249868221bc22f0efee95ccf9c1a87d82fc0fc8022c7a8629f487e50a5dbda8b775a3691d645bcee3c9cd3bf561760f32f67558fb0c6579ad58a0f1c15867e0e41335fa27749ff33253c548a281724ccd899dd8f95fe676be4e18e43b60b565e1392d8cc33d51de0d59164fa870da4950c5972ac723f6934b43abe8e83e27829d61256ba05205258f38855d3472d8d1658e138dc7d28defdf4a8038befd6595ac6763a89bb06d0c9929c997d100f4815bead5cf78ec94062b371d13d66476869909b4f44c07c3e35f172cfd1c11431bf09c23c18680bd2b5b68ce836c15b14e1a26021842d19e010ab70e7f4c4180f1a5265c4a331016b7d5608226faebe6749695b9d8c5107dea16a4d6c98dc245da5c57227779f5d56c82cf169a852698d2e570257e7b4ab6994fd5e84e66f2ff9b98eba0cafb0d079493f70038dc9a72695b1a4b875fa6e01e4506dfd98cb2d5d3ddaac65c53b98583b3a201da87abb04e79880010d72b5ac9e62f7725832254c506a2f2ff1278b4ffe1d310fb573ae0e0d38aad9da56af8686a893ea361b200e7e14399e3c357751f5a2a85a8be13a70b86ddc4cb8a6a997a9f5e6db84b415023c05f3eaad12bac4e5bcc4cdefb9a0091fcafd0c94367a94e4e20dc51dcc18fc710601384cbf7c2a2c7e2a40ade9e1e2c251de51b4c63fbbc801031e265d01b1083f7f860e24a41cbc5716fa030765854a00c6ceee72291106c35fc51cca0a696c1341a30de9139607e303a045f787b1a3e4695940d4e206c38647ef513912a9a307f216862c4d8031343a2a34ee28c2a3bc56aeb10d3233433f8fd04b562458a67ba35489ed0cd835ba5bd4e52a5f4732209ff767464766d91dc5e6797d214c945c59b4239b88aad41da20bf7fc6207f5e2d18033b84d3594d7cd67cbc9094f62d6b0843c746168952110496c251912271d33dbbf9fe92137549cd42500178f16881ef9a7d4ebb4a366c1bff9a4e1d4238c9642ef971635c4b70204af102d48afca37b293fbd593fe124258f56e85ee216fc27fe973d3e05db3d37c87e71ac0d15faf48540908b09751f70537c22979ee71c04038661cc7999b17804d2d18d049c2b779049dc5dc6bdeb2b0e33a2f8ca3cd4571c1c38928e517a8e94b882fb86f5337c460f9fe92136111717ed0953b81b51846e12b991b08bd135b4d3316e609cacc966b82e3645f30d453ab6c55ddc33487c1e39c99951eb142179ae61bb5f4a3043c40bccae7daafab9e52771ca5d598441138e50e1d21df0024a7ca1d4a2d80d5b1241c84af4a6e35f3ff33d190a3d528bb63165ae9e82e374b242f2a88c3a84fc6562b9e8d44b3509421ebaa4943f5814cff6f24b609255bd81f8f139772c923cdceafe86ee14e28e4040324b63f6012287a83eeade4a8e75336ef2a0821e5b3f240e1a15f505073a5fb8c349d65c0128984f8667d9cbf103ef86c06930f332bba48bb009ecb1e191e1d717f6f2c6f3893cf4dbb588bb8a59558e21b6546ce3226137925d6ae745bc2ea279ad8a1dc94dfeaf45ed28fa0e0bdf15a072f016fbb6d0bdeb9423a0ccad661a109234c26fa5495553f2c7f2fda7e3d8424745bb6c241c6f5a21659acfe647ca8b415f7632bde23f3a374f7018d1ab89913980541210e52fe6f350b728a57ede2c98ac60e56a58b40a1986045d7aea7fe080e46625d68cd5cddd22ce1a516a6cd91e19dc245ca2c603a50cfecd9a022960fa6227ab763164676ee05fc06a74e2fa404d928e278a5f5fe86eed7bb2c81c918e30939f25b1387a037521c044d868f9cfb4b86f29fc18c6efcfd14d703dd801708aebd4889c9c0cc16eeab7de679024def37e55bc0864ba2c89dcdebe9a86820072845ecba2a83385b245675f902f1108e42c5d541d684831e67d497a214c114a584cf297c97aebb8e32b83e1f2cf88c5f6586a6e904accc23b4d0eca364840ebcd518adf7c9e8aca0426ceae85a8b0d66b4274f79de0c41fe24b6e1fe751825bc3e4874621928e05ba3a761245297d161cab49cc5a38a4a490939d196692b102b053750d59480babfc86f412322edbf40d7505b57df86c519a873ba668200218105a81b3ab01d9be43f0823c91bddcb700a00913a1296bea043f27eb8499a29ac4b3b3be7ba332d2987a0c8efdb5a8f8b3aa3e3e6932ce50d9d1ecdfb5623152d09d09e82109e8144711c558f83aabd55dddf7b88b5cb071926e016b252e91b95823ed3ed68c73ecf1960cbfe767a6b7d6413517e31bfa3448bb2aca4930201d9b554825aa9856b61d19bd2fe28e50703d264f297b99f74888eb171e7d3f22054cc4b6827303d2bd81650ad8f73cc981a15b52e6efd556010787923df385e16ebf9ef24e46ed4850e6b149621c6ce0d43da0fdd04bb8f27203ffe5ce180c4029a1fd08ae177763cdc34dea714221d599913e5d22414ed93bceab6dba4a384045f2fb7ccab2656a30232ca0d544c66d20c9de2f4775fdf5553c874b0cfcbb616786940bee9dcec0f1f4e28333a65a42db92e3e1e9889d1bd50f2f6d049f0dd13115573cd0c3f9c1311b87d0c39ce7f18cb0651d58f2f955ab15421d5423b9c1bff2fc24003f7861d1c2a6527e329c2a719b56a9d15d6f5bf81f0eb53b362802a89e0c0df60f0140b2aa004b6626bce3bb0d7aef4883b7c6c32db10430a567c04b06870068383424aa032e3dbeb98a120ac4668eed608336a3a3f6f2be1bb482924e388f11a5b13c5042d85a409ab8addbb5320dba231eaad3f18090148e6c11370e962d1f0d4a3124ae7bea599b62853b968e21909ca70f07f0c7ad43c89bf1f811eb20221bc5364217462a7fd69855268f7d9c8725a3a33476d8d1ffa712615b22c2899a8b7f6a6e332d665ac86f855f1e390658313c037c5d4156da17de90bb9986a7a21229615384e7968aaf58612bcefc9f34b0381e3232c78bd8b4c05137b08c84a525e0d6c5600320bf96dc46944c72695e10d8bc388b81efa9ed42108baf3385f2504bc35f97573959b9f95f52ebf1af5ffd2bb040a01e57e32a7fe0d01fdbdb860cca339617cafd917dc9be55f2052c52ff7a4ee2d37c535b31e0500e1ab72aafe847b52d1541a80c2358cc9d1fcecbce518ce1266e68249940cd32f67a265f9dc3e074f2b988c830fbfc1bbb8820483a8d730429df5ace0f14fcf2b991c681255342686144834500e319df1b9a5063247539ad5a2f66ff91dfe362bb187298e65f30ec5ae23366ee60f7677f2cb4df154365fa1bd58450ab811512139b6fc606d52e74a29324654edf46d87bcc0992494a27a38a244ab57f5fe8e21a8ad89b8d2942e7e076fb0f95c6a327ef499b6df966a1201ca758c337e16691f2ff4d3dcf501ceb95153dea0b50add998abb3060757245638e9b534e69ff1b13221bc0c6dd04810db0b4232f79803b0be277d60e183244f44d4bc72be3aa2106d7a87ac4f09212851d5f522939b44ee897eddd70fab3f1d3e164d66d1f9adf1bb5f935b87aa22546ddb1658e2e9a118ea6a8834f7c6f608c01ac880cfef57f2ad04ca606c26fe0562cf05a2d1bbc5bb6332a995fdca07a4ed25f731044cc952d52c6528072b03f88850584855bde1535b34231b1f3e1c822a9d3c4788822761827e2f342e4aceeead896a37e64e2c40cc9f0555f8a26f605f454eda833b57200cc926232c9ca438822177c4d7d96914de8537407aabde06ac472a028d770a422530d4cbac0f32e4541bc9cb964868ed31cdf41388a30aedfd8e41f1610e3810fa3d2509882ad466b0e6ad6f0b4eb8539243d805fd603f7afeb52b5029a53d31dbb16fe35b7da7f0a55a200166da41df364cc97ca95a9ed2f3b7757df6f55cc27533d724f218f7dacf09ca56e5bcaa41e6be7f00580723022a78fc88df2355a056c822bac293f0a8f49d491b8bc1c8ba9a0af73d604c818f1aabf94b3a75e3229c3fe64bae1ba74aab50b4738affdc1615f66beba1a6a1404e3e4c5179474bf0e55af59aec03f3c31cbe88149995ff1fc4b7f5f1fde03c72617227b837a4b2f189b25d3ae74704ef058f1935e237f254edb519476d810861888605ca765fa2b1d663ef237cb23e6ff3740c18cf834ea45ca79bd3f3031cc651f08253d231783231dffdc3317acf50fc46deac999cbe9612bed66ed27de250be50796fbeee69f250ec0a20b122627e44259b3014e5c7c31677fdff622d5de5f1abe11b61693321ed92ee4e3aeded23b18b8a1246466c95f0f7262a15cc4d3ca6c3106e62835031e9a3fb602ed50dbd71f284f6daa9fedc9537ce97120a66e2b6f9b4eaf6ffd942abc2f7dc8d4263d01eca68d8cfe04bb565153aa1603a38840f3cc2160b06bae2a09324712bbd7d213622ca0755b6184f16e5c6efe7b05f9b29a24f1b8410f650ac5809f2000d598996588f97bf2f139fc9ce2974f22a4f6a75573434da4880f065bc4a547f01fee8e07bd942793c21b7096e17ed5a6189f9ab82b7cc05f519e1ba19d3db28ec9c0364d52d8abf3588b03f378d787f5292509ec15320c5012e0252faedce62899dca4b3d17bde41dbd1a42ac58a0bf853bd9d2d6a5a85dd85fd127f04de411bb2379d6690c0f926be2ff0c71bf09ab0a948cf8ffd45901476ec2911cfb0308325f95f717d09d6eed101a2dff8160366bd00d4130bffd8ff382c2799e7551aa7563196a396921e1e9165fe749e80ce80194145f56f5d0e22a46b06c1ea4ef2df52e26d2ada33450f0411478ec22cdb2eedc5833da1727b1eddee0df4df54b8a06e10a877cbce04f3d769bdf244f423cc5a4f64655f8ab72b74ab1093d5a51916276f21f0e38a5e5ef7b8986a0590627e761e4c01434c8c4b61d71853a2ff910276d61bf4bf10610fbd923947317c548ef45579338d8170013f7610d67705cacb0b97a65fb85bc64dfc2c505b5e383f3fb6d5128584f6d1abe57d188b2f0d182190ac5afecfa785f5c4d1e596fb8ce23c8a33ca4e9d8b55122c6a23e9d74d4e57445f4e9212e135cfdc2c7eade10ae258f02db19c0952532430520c663ece07235349cce4990abd93ec4ce0104f6fb78419648677c1cabc21bcfc02de822f5710e9f0e50f5150f7cf43c1b3acab17308fe06116489e5b4c3e803018b8cd4f8659c7ad9443fd182d963044274ef0890fa013906790f8b44f71ef352cc238ecd49c6e22d50ffe932f1bea194160291c26e694fa14a7648233e5c4ff01dafe2019c034febf377d4354dc553f6a0eb167775084eb7b8e3377a0ef5db40b1dd9e84335105db7664636cfed65ce0ddb5416dd32a1e16c9077a4b51b74ed13710c3941cdbcf36720199acdf5a30f2dbc4b48f87601531f8a18f14c150e7402ecf0737f77c61c64a023001e9a74e934d55a1d9ea92fd29ea1cd1f1bbfaa0226ee6dab85904f2a2c925f4b15e2656f9e013689a8145207592e7d8d012b02f411a416a4033df45ec1b7ab089d6075fb20a54c21c1127cf1ddb144b8bdb9bcba1e78af173cf5f53cd92c981f63f1fdb45924ae36f92b9f31a7da8620ccaea0fe1fc9448ac0c454e0d9b97d97af5f408a7adce00df9d7fd1846fba74248133c4f16978e0fd37a7c8a3c48371892a2aabad19362b0d756a2fb6d57d3f540fa6cfa0d7a59caf01dfce26cb030d975fa44d24b0254dfdf46fc5f396b0b37180257b52f99c34a118f21b68493509c12a33a5c22f97416622b70e1c35c4cd1e1126784298ef0119d9fb7206f2bd78eebfee6b9356e108d00d4c22602bdaa30ba8148df22bbaba98919434906bcd77582f9b900ca473c48343884e0301137c683b1e53e105f52a7251f88261aa9011662de003c505c3e0ad99d4d28959d7c634221fe720bfa2018da1881b0a91ce4a7a50dc41e92a705d15a26cfd225a86c0fc50475611af6d8ae9e5a2ae6b9eff51d16a5e2e148653e29f1d4c49d4961b12c8689a7ec07a2a9bea1f25a2176a647d2b7ba190728815725fcef3debd10538bfbe6cbd9e0dc52d7a1e2de8dd2b1341d70876cf3e14cb4d27326a046bfa6d51fad228028524a9021dc9fe54f78b87fde72ee417662e1e89c7994fd105385a7e581938a7d00c0e1bc056cf0b01d47e2c65457b27ec08d97252fb8eb59f3863827392cffff32b6f154b4e7b785f1aae1cc0fd2d698f4f4319e3ef3c25ff490f103e8a69bdb80e68c91eaa32b35cf19e9c4832161702832680b14811c2d96f622d8fb97e1ae40055b0c4845c7f947fa97e353443431af196470366978c3f7f8cb901bd452f1826a94886a6fa70e750808f8130c45cf8e59d8353124936041b0c9c0f679f76432da673aa4508ce27c1664573297c1b6835359c2207ddbef41a7257c1a39062f20b6708e8f3bd60c07385db7d165399a5a66e56b5aa65cf27fa4fd2e1ec6ca3ec2e98fab16e14b52ac5222b5028e4fa5df5f1f7290177777aa2211e7d69aff4502cdbefa92f426d8c6ad690e8170ff35c3eb044ad5bf95e8b810bdc8e1950a3b304947b5d3ebc65d4c4cde911b568089049dbf35ad5c2e7ef1b1c9ee506a16a0a23c733d5ec4f54fa034759c42e1936c4b0493aa7d9791158a4e5de1cd9dd07ad0dbb949fbe8532a55f388aa8611c4bcc2c5c3701fb80d8309def8529c1a87a6a0eac148560cc085d6c6dd48051431cc60497ac46214d8917a3c9d0da5c6f8b2b0e7f91a994c61304597ffeb8af1b241599d1d2a655997d43e1d4b069ff64408028ee7c471ad7747d41457567ee37a12d223d05914fc5c06ec5da278d7a80d5382e68dc2819104ab9649ca58ec5f487e62b948294a281ca495215c61d14370824085d2afc392d658b06ab131087c928852a79ee77b787f3ca112400fe2c4124b4199499347c3b54aa75fc060e770fdda9eb790ec70364cdc851429dd53877de3f21c4a25bf5d6e11763153dfcb9af571ecb16595a478c092e74f818f30efe5633060d75eb91586122e97cabd54eff0078a515306dfe056dd833ec77ee9dce6abc0faee55a6dba6539b68b1f152dff4ba66d72ccf0e1c70f29bad6862987772cb62b2542314fd14dbc175028263f23d59f8dd9ec5a557ac04a95e152b830e1d7652ff33299a8f37d91238d8c78754a12c39ec31a90130b99566423fd66057089c50411d5c55a58786c9a6b1a0a46a6feedbe8886d22fc07e5136efc0c5178bb74228cd8df1505bf2de13e4e7b5f455d35045fac58181c12d811ad45b091e61d6410f3d505b2651d214cafeed37ce741a822420ca9aa60f883a46f05f6a0309b6f802fbe3cc5c2da466abd7609318058ac5d77984daf3edafeb69a4d75576520a890e4e57e58c5b21c69b1ec2680ce73eea4a2c5f5c4b174ad56dd666f53f5a5a5d205574d23dd04efa62464000454ced2ced21f8fa38ec2019e6532ff92be81f031b199285147e3e65fcc73476f06a1d5c65c7283b5907c244a590eb0aed92f25125dd38e406f7991c9eec3b82f0dc05af9b47f47886d50a90e838179f171e095b1731a6ea542d9cf6ef106a155fa65b4a05c4deba76447c26be062e1df57a34d8005e1011d0e7cdbd84122d55333b6cb464c084bd30bf94f0a3f2f4b2f777d28f0d318405603643aa1b946ff287b4ed4083e5296dee3bca786b2ff23b6295761b2f43277c3ae997d6d3399ffc33726dce22f53a4958714dc8076d5f492cbdc36c2c2f84609780dee5af06685f180f480dd0f7b2b7d8608cbd1e123aa9de6d2d982cb436e63cb9efa6eefdf8137d66ae0bdcffb5cd4391eef30c079490df59f72f0509f85211821b6089c469573036ba04e404cdeead48801af8b34dde730b087c0817643c9e8e936c507ee016ef23d598edba4d127be8d354b4ad410f57e18539121c90e43df2031a8047cf8b3cd0b096a70c71f8c84bbc8f5b493c113a0cee352e50e405355e1d5ee34b445828edffd9081996ff9153a6b949b4d78e2782d6a120a58561f6afa9aa82fcedba3a4d80a35dcbcbcf9ce693711a45a6453a60571e228711cb189b450ca42cff0d9fc6d26d1fd5e678ec3bad8bc79fd7a748e7ce4b1a6e4e612be5ac54c78c1d17958a8aa981184d46fbbb2241ee07f2bcb125c44d0325278b0470867ff9534b9bd11a9cba52b17694ca56bee726d6f3bd37014e62207ec60b78d58f2cc8903a04519c07085d7973b4a73555f1a161281516a37a1a1f06328432e49a4e64e25197f4ee39978a62e7ee779d164cc23ee26897b6b6e41450e37ae5650078f484d112e7872184e81fb80710a02ae36d854075b4e31f1e2e58b3d35a2f34b0c9281de9f08049d492a5d8158bf9692a6b0aa7c50130c4492c8bfcce653d9dacbac2a3170fca4778906f3459cc9cf934de179624584e496b19592de7bed36be297ac8c26f58fd54d00c1bc6fe7e3345659af0644bead621928752d1e233e6238a2788cde63e5a8afe2333bc051034aadd7edd8446cfbdfa527d00f3dde642782a8088123971e184ff036aa6ba05132c498ae3ddd6ea1e33f25ab9835fe6f3d9b3b9e0cafdd83863668087ac9c452397f12b8388ec46b30aa166c5f748618f892d328dd904d5dde03da97b13c4afe5aca58870f7160254a6319d08bda11246d1a2ecc3a9554d4f0a2e6a7c0634b299fb53dd840212da376af1b0088df0794e6cf156c7f809bea84a7d0a334db866f9b16814fc0c4e835ed68260ad94e1d7c19e4089baf27dc6757529a45d3a80af8700c2aa4a55fcee2108c
     
     Details: VM Exception while processing transaction: reverted with custom error 'SumcheckFailed()'
     Version: viem@2.38.6
         at getTransactionError (node_modules/viem/utils/errors/getTransactionError.ts:44:10)
         at sendTransaction (node_modules/viem/actions/wallet/sendTransaction.ts:355:11)
         at async AsyncFunction.internal (node_modules/viem/actions/wallet/writeContract.ts:231:14)
         at async relayTx (src/transact.ts:106:12)
         at async proofAndSelfRelay (src/transact.ts:118:12)
         at async TestContext.<anonymous> (test/Token.test.ts:150:31)
       [cause]: UnknownRpcError: An unknown RPC error occurred.
       
       Details: VM Exception while processing transaction: reverted with custom error 'SumcheckFailed()'
       Version: viem@2.38.6
           at withRetry.delay.count.count (node_modules/viem/utils/buildRequest.ts:243:25)
           at async attemptRetry (node_modules/viem/utils/promise/withRetry.ts:44:22)
         [cause]: Error: VM Exception while processing transaction: reverted with custom error 'SumcheckFailed()'
             at PrivateTransferVerifier.verifySumcheck (contracts/PrivateTransferVerifier.sol:2019)
             at PrivateTransferVerifier.verify (contracts/PrivateTransferVerifier.sol:1963)
             at WormholeToken.privateTransfer (contracts/WormholeToken.sol:315)
             at EdrProvider.#handleEdrResponse (node_modules/hardhat/src/internal/builtin-plugins/network-manager/edr/edr-provider.ts:361:17)
             at EdrProvider.#handleRequest (node_modules/hardhat/src/internal/builtin-plugins/network-manager/edr/edr-provider.ts:431:35)
             at async next (node_modules/hardhat/src/internal/core/hook-manager.ts:122:13)
             at async next (node_modules/hardhat/src/internal/core/hook-manager.ts:121:13)
             at async EdrProvider.request (node_modules/hardhat/src/internal/builtin-plugins/network-manager/edr/edr-provider.ts:259:25)
             at async AutomaticGasHandler.getMultipliedGasEstimation (node_modules/hardhat/src/internal/builtin-plugins/network-manager/request-handlers/handlers/gas/multiplied-gas-estimation.ts:29:30)
             at async AutomaticGasHandler.handle (node_modules/hardhat/src/internal/builtin-plugins/network-manager/request-handlers/handlers/gas/automatic-gas-handler.ts:46:16)
             at async Array.onRequest (node_modules/hardhat/dist/src/internal/builtin-plugins/network-manager/hook-handlers/network.js:28:46)
             at async next (node_modules/hardhat/src/internal/core/hook-manager.ts:121:13)

  2) Token
       Token
         should make private tx and self relay it 3 times:

   ContractFunctionExecutionError: An unknown RPC error occurred.
   
   Request Arguments:
     from:  0x70997970c51812dc3a010c7d01b50e0d17dc79c8
     to:    0xc5a5c42992decbae36851359345fe25997f5c42d
     data:  0xb567389400000000000000000000000000000000000000000000000000000000000000450000000000000000000000003c44cdddb6a900fa2b585dd299e03d12fa4293bc0000000000000000000000000000000000000000000000000000000000000000000000000000000000000000000000000000000000000000000000000000000000000000000000000000000000000000000000000000000000000000000000000000000000000000000000000000000000000000000000000000000000000000000000000000000000000000c5a5c42992decbae36851359345fe25997f5c42d1cf3e0a0bcd72bb0493c0152e7d0ac4694d57837ff0325f90fa51cdaf987109f17cc264432e41c214370017559210b64fadffb7a1a58dc96ae0a63ddb9a6c107156f23bbbea5f164c4ff253eb92c8f200abfcc244f1d603fa4ebb4ef2e40f316000000000000000000000000000000000000000000000000000000000000016000000000000000000000000000000000000000000000000000000000000023400000000000000000000000000000000000000000000000042ab5d6d1986846cf00000000000000000000000000000000000000000000000b75c020998797da780000000000000000000000000000000000000000000000005a107acb64952eca000000000000000000000000000000000000000000000000000031e97a575e9d00000000000000000000000000000000000000000000000b5666547acf8bd5a400000000000000000000000000000000000000000000000c410db10a01750aeb00000000000000000000000000000000000000000000000d722669117f9758a4000000000000000000000000000000000000000000000000000178cbf4206471000000000000000000000000000000000000000000000000e91b8a11e7842c38000000000000000000000000000000000000000000000007fd51009034b3357f000000000000000000000000000000000000000000000009889939f81e9c74020000000000000000000000000000000000000000000000000000f94656a2ca48000000000000000000000000000000000000000000000006fb128b46c1ddb67f0000000000000000000000000000000000000000000000093fe27776f50224bd000000000000000000000000000000000000000000000004a0c80c0da527a0810000000000000000000000000000000000000000000000000001b52c2020d7462071597e3b2b4bfc356fca0d46dd418bcfb63d83e4488efbddc55d96d18f331e302b153acaee8072838a15ab9d3629d2c42a6f41411a61a68dfd9e721b0e87d72e70b44737a1b5b8e302ad7d27461f280732b7b2407b9832dfab04ac24cb733803a1724928aa86ad65454f5e5d3db33d748f9a92080d4244d0bd63b9b0bee8c22d7c9c9b850eeb32f483c1ea8b56c8e2a21406a2e746c11f549c62c33e81fe011d8ba95fa8649361a3d246c9d345a48ec47b94f410ba22f0ad3302601325440f301a9c12a8626f2367c3ebf76666f500b08520074ff2d5c5a1a9cb710bb7ace2045983dee2edb1a57c309bcd99eb26c3d4f268eb6165087776e243430928198e16934244a665b0c342ad9a78249937f81e7a398b6340767955e1c5d018f5f0cb226e14f85997c437f7dfd380a2d1e27a09e3e1007ca5a8665f62cfd1493859102a0e8c47eb9386577598afe2fbf88f859f384f300821513d355aa9e935be5de92a630a430c3ffe3b569c25dd918c91767f4d2a77fa000c88ea1a94febd474b690eb09136fe01913f81c01537aa752cba30d9d2770286faa43df1d27d8022a0952a4a2921eb8c554ccf2e254851a86e1fc5f5db688d0365c312fcc56772d7f8900482a0181f66c3048309957f4a3e560e0155ef6c1c5ab3729439b6fbf6e05dfd0ce554380e4d1817411b8845c8e8c52fc6dc23a81308bd563529b97e78d2622311d40b390cd46bd939b311876042d469196d4469c4de01531e17b0d9a0a4cd490084c83ebeab115caa47b43f72faccbefa87d46db81217509369fc73adcf846f305d8c12f39065357d98358ed89d4beb120c3d4c5427d1322f85b8c1830ebc92220a13be6cf36524af84030c5d489cd9484c3fe4ac53ce71c7620ba570beccf31d878b2548985059af087693ac19cbf29a4ec75610d5687c76a935a67a192bcb29fe140662a1d7324b3c0eb3b52d51c24898de19eb5e7ebbd871d2fa0fbd9d4604e93fa5cd6dad4d02e122d5c7f74e87ab4707afa586287586b98d924ec404a811a85ea0c9184360bb1c2ca663b50f6ebf5c66d8d3a41e09b88713f65a6cff4c2f954850961252c32c03f3ed2bbd18e7f4bb424e8fbb3f06734db530b3777a1a2c44e9447a491534faeb8ee8fef38db8f1f559b18f2e290d4a9c6bdf4ed55c6f2df395ef50e3417871c13c225d1b93762879b50700807fa7f5369a82e773bd711e2678e827cd5621661c269639e8e63730cb8adbeb9a031d0ecc8a4cdc5da25a0c606e9e95e960ed4b972d29f3b4a19c561a2ea741649b562a1183c5c86b2a092f2f275f312da3d601a99737778173bdb21960f1821391e07f3712a619160b7e128dbd4c22ca4742f6f77cb13ec25f8ff9988c30cdfd67eb849b91bc11d74e680876e0e3475ad7a42889547c17cb0d21a74150caf136b4ff53d46d739cead4111d4c0dfa1a299b4273d215946e4864605764d552e712344830d998f818f4cee92f116e5521891a83c2efa8f03488a59dacf33ba26ee7f32103674090a6a206431c486881b9916da1fc2063dcca8bbaa628c494b0f8ea57a5b562a627a4d6d50b00d5c66af9e78727b371cc5a55a40b3cc8a3bff190ef9052e2b694140d75b27914fc0ce60c29b4ffc5eacbe216e758d5511916617771b21b97c2ac40f88bddb80c196292a7bbe12edfdb59058741f6abde16118ed59e513dd70b74d988e5d3782561542915606416d2ef2c0ff0f541e3f3a1f85df82eca5deabc450b3f2901c309edc5212c0a1e501e6f8b43121b5388bf929f620d0a4ba332225395f9acd278088044257f0f48d3d61c2f8c6e41524cb991bd15de194d10ecc5e017da74b2851705648d6d12275f304f1cf533f9d079a65e87c72d4746521414d123ef93b71f1f99590744d082cd77a677ffcddc31c6b98e072dff4ee41104602891b84b03492b8acc9e177eb1920f2e090d2b7b05fa1ece4b087f8fd83faa5ac3934d588f541848efaa94d0fc571fbb2faf018a7dbb0f58225d0ce5d247f8cd04ae1e2c786d05e995124cc483c00f72f77169ed5e734ae609c45db9143646872cadc9240bb60977e345ee95379c7fd02874d395a49149782827c5744cbf37abc551134f9df828fb74ec2e7c609a9101f6313550d13a4056b09543af20b2c3e5c1cc00ea7503195d4ce79e9b79fc2a9f6c097804291e18b0747dc5b168270acdcad9afa6bd5804493e290a0cfdc25313f8dafb3692cf2f74ec32004cec86d354f89568387e4b2c21f9dfb203c6cb03cc7ccac86138d2f2338a5b198812ba80740b2d394a824f0819399bd8709bbbf2eb8ac5da688ffccc24ef3ccb8bdc9cd120585c97366fa60de29890fade07fa0ec4673006f448c4199634f795bde73587a8877a20d218d714eea7c7767224fbbe73b4977ee8df9ac70f3974d6f497f2b7f9bc39d6be99192e8b01f4d6172c41102da99bf1cedf1e1250340a73ae398e11600091eef3c25b2bbf8320922547567f68b273e7b24884bed2016f701584dad2b96a65211151151bdaef26a0c1157344a625c39610408fab88d9fbc369f360a63f07dc1f709883144036add2357d2d418a159ee18f2c09b57ac92682c39e067621084a75c367bb1c384ecce154a6aec37d3f6df2271fefbfefce258bc627e3e14df62cc10c72f801ddc331980b3ebae88879f31bdd460709cba5571e14cd525b6aa30256919f110b2bcc7d16a51a2dcdda441efeacfb0def76b7479a6856267698e5ec616d61691eafce2c25ba61213f87d36302e7632708cc542e79f9ae0f6c46feac265e2fd01aee3c1b868c873b7902f7f6409b50afeff8f1b1d1daf9d45eae6430fa27ab7521b7242c6e1cd9b6352233f1c7e8c8f3bf8fe31e7f1127159f2768c82d13c625285ad9e0f1b750138f2563dd4526d66cd43d4a554c87326c7bf606bea4617b6f284dd49a58006f33449ab115b8a254ec05d7718c733ee4a5489a236a28b59331003eba9622b3cd70c7519c1c6afb68853116d216467d5b3e5e5e1b395059d1302128e4b7e2aea08f503d192fd7030670b35d1721f9d56bc271f0b37549c3a5a725490f6515ff059438141de4e60eff6781a187fef1435ecabebd6f0a4b7c02d708d42c70e6b3b1fdfad47d65ae9f206dacd83fc6a0027b6202165460aa5eca602fd761f23721b9aad632c45fb8fdf3f3c682ebc417ed2e25b9f520e2942fca9b1105aa45126fe7ac176d82d3fc142da0f0774efbfff255976ee81b12d4dfdf0e01dbb3faed0e737f19cf16b97600eee875ed4b54d21548af4b25e462b1b209f8279c405a9122475c185004f3ae178abcfa0119417f4f8d07227de074385f76ed1daee2b08e16f07108dacbd5b5d5042d204f8b4a82f407cfeeff594e8b90046509f1fe4015e6aeb88d24d0f8d793e1f87cc963a200756ffd7fdeed24a59adfd0099b293883b1bbb1ac56286eea4af2538c59a4d158ab27d8ed9eea8d9acd3bde2a3348349ebd8c370f9f299ea712728b19030a0d5c16a8952f5b936bf33bfb6f14172d0caad5d903fff901b1b0b93f3ae55c355870d3feaaa07680ef7ece927002b08ac2956ffb8af0948696e7c825b0968ff1cd4a327cd2dec373ece0c4ba1e2a501588b9844581eb3ca72b542ccaeb01386f3688338e13efea079c0832d6441de188de826bc0480d23b77151faf5db8a6bd6115386f4d65d2a1d6c00096d9c158a0155efd8fff6d574b73fdcc6353724ecbddd616f421234c00ddd1e15ed61214eb1eb7b46d8e3dc1177ee7afc2e703985047b62778f752bef6861c18146971046fe37c2ff389619b79fe8c2a8d8aab46c92ac1c50fe4bba8b3675eaf451e01b186a1ed42e393416caa64ae31843a6fca6d3d6d63fe6149a74cf915471f6d12a6162d6ec7e3037f7c8fbb0ee93c5a8c1d05511e18be21f56783176aad4c77a224273bfdcd36275bb98761d7f4b59a05904907d55a8940f06b31f2725e8cd4e2e0872299842f2c71c0970a67805314dacd14ae85c61a9ebc5c2a9e4e2e9cd100fa6641909ec7cc3d9bbcf5420a6735fd4b482b83de2b26eb94256237596547a10003a84bf06a77d57c38f55ee314843214761785ea32b064794a11f520875250e3204a76777eef44eaa303964d37f8ec6c485324c25af811af4bafcd25180281a70114fa10459ad6d22aab6c94e1ebfc82d516e4b8ec1a7c4c3c529701463110143ab541753d54d44ddf8efead59564e6a50499b413a4f88f6fc5778453352c26ba744f9fd23bd5b15730f34d6721e17671c8c5fa4c14a073819d2dc9ce389b275916851699023ea2cddc39f556a2f7c8798f574a8ed661f679b04b871749bc2e86bfde8cb7b881a9dc2405fd46d988a052cd92da2016ec981477b1aa78914225b76331964d27434560c0e01623e8e1bc33b38f805aa5f6ebe29f8357dab83c0a6f0c8372b92d2180be0da0bf7d78a00beeaf3787d21c5726d6c34532252fb9237d1a50a7040cbb2bd6665981800e6d951bdd4af62b0232e7c46b9dba3e785e25fde02b8663959e03f7d166599bd7c680d33483fbe366b437cca6062bb3d11b2fce2a6cb2404433d0a69657f8c20369963f19b0f4c2d3531339aed3e086f71929574dd0014895592e33df9e40219af4b5ac97f4f9bf53a3536cd094cdeb513a07850dc8f0fac363569bc346e76d9174f984dfd29001ec92f10722a09319e1be0f30b1bef624fc5b8a97ddc24322f6b2c95450fcb6d5e6fbe5ed969f702d1af31281d8430c164b659eb34ad900f0884a937c36de61a1a93667bec48ba4562e8a2d79d5a3d7dbd007495891f07e239d697ed7f9d31f383facb3382f057cf74c1c1a1c4f70bd2632d5beadae1f91916767b47eb4e66bd7a1911a505f064585ea470531504f93d0012aca0c4ef8f61f726279be30f10abd00d76b06ea3e2da767aa23e14cc8340071e3adc0e213c33c2a4cb93d010520db11c6b2a53695939dcdd2177ae46ce155d2cfd62bf39fbe8bb7ca2a4dae4054a61eb1ea156c8a9a0aafa52e5dd21790965e0b58176a5d4ddf861f020ce40c843bc4d0e59281805647b494223c8aee7a7cf9da35d53379bd5e09eff6330ea649bdc2581cb02d405bba6e9516938f1170a7b3e1db062c82c54056b6f45555c729a68965a54e4b59e686da8f1af53d6259acb806579b5e872cf4e43a33d5a6d439973f52f8832e69f71320552ea35133075dfb8d97e27e59ad690214c5205c2b4efabb26ee2c17af31406115054e50c0c21be06815ce838d91dd0a8ad96c06ea44a4c8ec5be1828ba6bcea882bb8ffc986f7950177ec9ab70c5a30b3492b19ceccecb6cdeded24fdcb0504f918146489a2c0e0e1c60a37d2db691591c370875ce2ee1b87894278e19bdd919e03a91f60e4ede8bd89d6851ec1910374c7f099d418d38e7ca39f1949fdc7a9890b442439a4d52dadc9fdd5b5cb21b18079e90ae3175a602803f41195c2d6332d1eb636c855db3e6f40a6adcd78ed9288faf0eaa9c624a13bd302a8ed8ea307551c11ed4d088af55a2133d8e98b00295a4457f8a82d57027581806d101163375003bd3321757c983543fb006bb14910b08c644e7b01720bd130e2de6a5f6bad36276d5987a8ad9ead895855cba8c46dbc933218e70f5607ca37ef32a2862820f40d0045bdf38f0d033386268f96ca269fa97013b859e8594eb07413ad02a9993b0558ecefdb962fd83906ae4e44a8232a023b8cd6ee2681dbcf1f5c5b24f9562d290e568f8389667bbcd78e1439f79fbbb7a03d81e0a1668873ee8337d049c0572dad76f37f1c4544b4938e61d9b9a22d57122d33e9aef285bdc3a9e51beff3562dedd79f80a440ef4c9a44cec223e3203fa24aa75e369598a23c07e917abf27222acc6351f53ec640e6b0d5795408882d5f60a919000a4d64f5fa4f48f771a5c01e8d8b2372aab5396677c326fc590754b421494b8fbbd2b13e79f0994f5dc6b08bc636abab9782417e341b9284446b81d1ed38d411c8be9c14380e1fc7127000b67c63f75e700c97e8adb61c2aaa411c8c318c5b4914043e102baf8b9f1794611177d8bb2247585ea1a39ff20cb238820c713503e4ff442dc98258df75a9c1d0abd73f28deef4af99e0d2a6e0808b8ec2ac3faf98bb4cb7da61217c85f67c521a8c138570e8110946db4d2303350215b1f30aa3ad1de0ec1de090283fca36a724c85d8e385afd0c218b41020130737033a5f517235f43e36a9f56b19c69564d22ef89f0b8d5a3798e6211cd83eb794fb9a93c251f32762b0d33674760018b011cea9a90444a311f229dca7cc016c1382fbd5b1daa40e7142309ee7c360ca1080ecdabf35f004fb53221f9c408260180824e8d8d6ca99dadaeb8f4a34ddb406e2654536905638f26f63651afc5317972a308ed393e2fbcf40121b9697ee522d20a7fee54cfba426c47710ebefdf8b096a491cfe55a9ed2b3488bee8f07b1c9e01cb75616f285da3a7dabf3190ebfd2112a39d9b11c48e19c50ca002827f1170e04e2167f717c488d4407942310ea42a60742ae5aea5745b086f1cd5502028913287f5c48e4e8a5ce91e58192c5f5b7935dd1550ba9180d955dc3ae51481000d50831cea2f82c8c5bb89ed8ff8f5247f708eaf29e4f636ae684c84853f95b43f7151beb72f8c18132f27b312eded2cfe977dff8e707519019500baad7c4ba576411e975a24d79c6c2cd170ab4b8dcccea963f7fb214abe5a35df23702a9bc29e701180d0e095db202c91eb9f3e6f3448a8ed9ab79b1dbc7d696adffca1d5f64fd083021262d0df004f60b9e3c16fb90336745f8fcc103de50d276fa7101f29a4914f95b5d0ca6f4e974609656690b0bee27d2bf2f55c42384a38a8815a138832708fb599da558da515f618eeda2179ae919d510d1469a79dfd0094a67c32785d11ed24626f0188aca9a39935ef789b9164b0673b373ed4affde4227b4347727db2891672121b9127e7f8ea9fd27057073bbd79d649729efd21f83b33b88433b4700f3a65f68b809c63f9a2428c895c0ea71784f4e72115af1ea5f76c6a88a3cbe27d615e1e03c013548adf62bf4a4324fd146c745734e3bed108675d7a0c90ac102011590cce59314d98097be531e87d11c0ca1509d1cf04bddbe406668dda54d196bca17e4829696c3e2fcffc1c3cf947a220e1a6403e386a0c01074c4c71f7a28b2aed231601be88bdf75a20e904bd4a050cb2827bcdc7d7d2a143d04aa5d741fe6f3b9b451e23ccb3cc34f1ea0e390928fb440bfc0ac6b5617298a04c43d820a6c9a61e7b2cc3ec3065c8b675e83ff47898993874936710f978157953691611bdaedad37c4c58c7eee54f54830c9a2a160b416126561357eb5c11d8c7691b32961ce68b86fd0b88d9a89c45ada8d5f65e2e54ebfbfc8c241273b7578e9723f2340ce0db5369bf45da2d10fec6dce2c0e628695bd9227d0ef3f80645e3829da2b82a010b071e3015edd241ba67d196b1afe29490950d3ff87d9fb0e97dcefcc1919b7330ce8eda27ed74014fe72d97fa5aae5955704ec7188f8050cc23d6677041125155b354c91b0c1014e61f6274d65ab1f177d280e72af6b0e43a1fb01e60ba7c547b7d892e712702e20f80f894443e42f7ffea4c2948e45c70cac22501e1ccd19ba68d913e726b96ac015886aaea1e30f963fd2d5a3a60c05aac7311756147bfc4272f6efb19d1ee91bb0d6c2b508e4fba470b2d97be798dcd21bf210be0078e7eb8551772adbeaaf757ebfc48ff053ba8515040eb32fa92c4b7553c8f125d4f9985de30a65ea696bd50a77078eaf3440a63ca07f17161dd60f2c3a5e730e6721becd56205fb065f70016fce6e3d9d8b125ba00196be2d9605e64e5e2fe21afa0e4f319e5ac8cbfcee506e6f50e3cc2e048b5a4375476110524165e888a055b0d1fd178f9a7ea88d710800269804f59472e67cfb650999e74dd0228f9602626b22d2c3b17db03cbd1d0e61537aefdedac82a4573df537c95e8c763bb6012a6cce3a970065711bae84ca4d07b4a7c0e7574b19f9c194b3f4f368167af7b929323a6749147bcb90bbafdceb7d6ef82755253442c81f8bce00e02665e9fc6916ca99908688e6de417039d05ebdea2aba2dbc68a34d153814cc2abf1b0be8dc026bd280938f473f7db4a03cc302b2e6516bc9bea89f57e1cb8221afb0dafb271291c6cf422a9795e7bad18d92fc33698037ebf0a44b57844ce06e8595ca33a12754b4e981f48416e9d6d23080637c1f27db917d2e84d9853fbb8e067097cfb01c5881d552f269cb06dbc351ec7b42a80a2f90f1a485b393ad8f8b544c415516097e5fc67fcb9c79760da422c0ed78f0d12283c43cf0f2c47f64aaf0625d0a7712a39aa50ebaa88b347e96ce69920ce99b2ee23c881d46f97811c0650f98406f2d129f8691a654dbec4dacf06413bfd44f9dceb6a43b792a4c3b5a2efedf72881eddb00f44621930fe5532bf034cfa12f51d223458aaf64174dacc77ba934d460b19c55c99941fd3087bc3822fb1d06337a201144b3fe531fdb79b628b122d531d11cf57e4aa749ff90af71c3bd160eb043353fd0475b5099c13688bba7731b42e923de8fe1418cd9e61580e1f3e378443da815795a618f8ae98bb230c6f768c17545bb4b0484647538e77438250ad7f8b4b21587cad1624cdb76ac8708094fc27fb09404d5f58d8ddeb61e182d1b57d26a3c701be718dece630f2d3e5f4fc9d21b354f6f48f77836ad2055dca4ba97ce9e80fdec3b5c6940e12d38f32b52b6904257b751996fee85aece5ad2f74ab736873c8d62fe2ac2b1b37a25a41879c1a2be9b36b82d5c87d5ec5f6d11b4be749bf5ed5bf2d198acca480ae491690e776038e7c0f6eee892db7da404e0dc15dbbbcb6803cb7d1d36abf90adaae74498710534e71ec978df7bd275af7b491c1f05f9f404e24eeb73bb37b70f92a45d5fd00326acbf53362c064d381adf1c94ab6837dd1be7bf480a38b1ac881e7d4ab8f90749f62acbe6970991312ee3bb865c43bb7289c5002375e1f7aad223460792e22c06f0e940f2265514169bfc125b43c705225b729485090f0b151329a55d35311696c8b3c9c451339e8679a29293667be767c7172a13e80483fd4633b627b03414c06b9c8879fdc044821c815f99352ca09b8fb95203868819569c9f92480c4f125a34de73fdcb8bd186f4ba7a1632bde3af1f630e65aa7a9f69d343f001d0ec1fe51cb9152abb62d9593c4e1755c76903358cf3aaac0ee88a3ef4764ffac39f14dd96bd4a6f9f78035382394296d3d419c8afa40be675bf4a1b9d3a3f0a278b075184d78322c763ff05c8e2a675ed95c692d40ab7fcf6ed5178d333dd17aa322d125a21460368f90b2cd811343b6c71ef776f34c3beb86c2f1337e43f2d9efd09dc075c6167f735e06707bf7180c42a96873d24f191a7619e1e4fff0bfab1dc2760a35b17be8babda8e522516917137e2df01d0207598c591112192ffee15eb1771907ed826af107a3648dd0040034462372b8a1ca28b1200c3aff357c3586910084dc57b7a03ee616b5dfaaf7cdea09c8c20b380401276b1619892070c0b1f14d0fa24065196dcb27fffd04c29ab534f6a170993ab75630943259f70ce836702538db39c9e3279849e2a40afaaf8dddf1ab76c3f0949302ef1bc20c40325d219c63fd2408ea2d8f07cee7d9cc6e481005f8359eb93c26213a9bf6bade22f0409574dfa83b278defe2065fb68b32621cc41c815874092d6b93b53d1b933a48a107e069c31de261bde3c3b781eb8173a7ce48fb22a5fa30fc901ed90cfa27e5114d9ecb6c5b809cf9f636d10cbd1b39e840f62cb16cbcbdd5a2e776d8ae8de4e1a2dbc3839c7e885a84ff8b56f5315c76c0fc2e1dfd885ab30240077cc2b5bd71d43ed41cc7eb256718e316cad253764a14af72701fa7e18f70275cd965eb71f057bb4bf7a649e771cbb630d8f71fc39101a1b50b8edf5791ea54bcb55c2d3fe04570f9de648a8f81e64967bb7cb60478d62222c27467f57432842e2eb5dd7242734f65548079bbbe28c30389d5d2e67ebb228cf08737e10942ff97f1df8c0b5216be5926dc212011abad673cf32ae82661bc8c81e78808d3a295b771a943cc10ad0ef33fe18977b4991d20b157367798bfbc331ff2f5c2aa0eccc4983605c84203de77f5c41d3a56d1a143fa5d5ec6acfaf464c97c47a8e2e0f9a1f8114c0a40cfe1e05b6b126d2b95737ec380c4c709ce3da50baae8923e6668daf5dd438ec1184561682e152b86f8781b9425ca6e40c51762caf4d5551ae45d6c8a5994fc32772681af37f5af3fd5a8130458b1841df5a28208931758cebb08b5f3ae8d64217d83c74ea538676d0828ad4e604c2bdfbdc13d2bdf1e85c5d25e9ca38a04767133bd1e99eb653dec663154c7ef76468b22e382cbb282b8665930dad356a5faf1018d6c97af9a583add8756ec7ad45a8a4df5d83453793b5af59effe475d2eec19907d26dfb2f4feb6d751e57a538d11012c3b0a5cd9645b721dc930e7f25b301a31300ef53813bf1d6f76547eb4d89ea04569b6b8565db82f9c4e274871bd741b5942c7898f994ea0cf14f082c4746f2f345498dde0f52a25b63032723466b81a93e303782ba015c4567886678c00780ebc524a387ddd18f3f298d08b1fc5c61c558c1bbf288c69c47010dc3719b592fef34756ec1ddaa95315eeae93754ab82d1569fc51077a95596725fb67b5e1c67f92762f990fe71f25601eaf79f63fb929b6cddbc728dadb3d6de4b28df961a41c2eeb73f92b5ee90ca96e454a2048331ae725d74a846a409e2fa788ccc4ecf3f6174b522f80c219613f7a56e0b89464180aa3768fdd44efee3a0086e72a0faef2bf2eeeb51bc00e1f65f9adfeec28f52d21dc2f46a571a933220960548cc3023270863ee83d7ef29728555a79c8df020f9dfa8fe09f0746a5d3cbd9b91edbb05e07a9ac57fee45913be39597a8465d802abac472231b99bbc936a6d908dbf94cd3919ee20b15edbdb355e380d33ee4611bd09e3ea0572a903342639612a7590917f2ef9db823f140779ce07e00afc051e5ef21325dd9d34ef47a8d65a753968ba924391e635d161c088dc7ffbfd7c4a1ea91030a3a27638117ef43f0519f4cdfb36d5926d88a8147efa2a5544fe24220bdb2ac1bd8580469230bef1b4bb613d52d10944ec609b089da7d1e84c6acd3e2850c00863b3b3986befa33c8b7e920d9367aabceb20e91a37ca75b52a9ef5bb145095a7a5572f1f73d57a97684b2876fb605e538c5bb58828fd6cc5561ed5ec13e2a9c422fd4442ebd4942452b8b2dc9fa31710e48678f7f09bed8c53367bba0f598a4ce082bd055e88a1025a6398cb2f2849ebffcc4ec5e48bf54e80a201f2140ef415e3f1e1944884a89eabe935ec14bac3c4b1a0998d5cb8504f1687a01f06374d79feb52863d5a9c7e14147dbdbbb3c0733b189f864998952bcdf45f91008b87b0b4cda71705050ec2c2f180b113009929ebb0327675da8827f8e108f4218f8ac90cefc423c99630f7025288a2d5bd073e0a2706941cbe4de3703612d212233dbb3df17228fb5fbdc5510df39040d8ae2f55fb1dc1e04820038d031916f23a323179a35697a1a996c5360b2e323ec431ab3a2e782bc6123e8d1a37b872226736842948667859bcf8a5204d04d06322815e1f0cea43d5658bfe44f2a2181169ec19b128087c6691fbe14a395732887bf792837b18ba0fb8065e49e6405fb16e7346caefa7ac746873588adf92f13d9d982e814d90e94aeef7125c0f5f0fb11b7fdc13090e333583cf56b72c128fca8ff0fd5e5adf5da7518dde1e6f4bf9b2ec2ba6983102b1a0b7070cedfd12e6d62e8f2d3b7e6311eba59da04db4d10b509e52485544f23c66b52ba93dc453639524a61f56ade4e7b1ce2d578bd4f52f926f5cf60092548abb11614a04d71dcbb0e6f9b67f311c8e4731a2d4688c67710197a8462facc413ca2e22a1c67b2a8a415fb4953f7e9228ebc2ab7006ed3d937
    
   Contract Call:
     address:   0xc5a5c42992decbae36851359345fe25997f5c42d
     function:  privateTransfer(uint256 _amount, address _to, (address relayerAddress, uint256 priorityFee, uint256 conversionRate, uint256 maxFee, address feeToken), uint256 _accountNoteHash, uint256 _accountNoteNullifier, uint256 _root, bytes _snarkProof)
     args:                     (69, 0x3C44CdDdB6a900fa2b585dd299e03d12FA4293BC, {"relayerAddress":"0x0000000000000000000000000000000000000000","priorityFee":"0","conversionRate":"0","maxFee":"0","feeToken":"0xc5a5c42992decbae36851359345fe25997f5c42d"}, 13095653921732981005478846943974003753220108880015302447034863388093340651679, 10763896423626922289747204765635808950219208046018755738604833360069448352007, 9694936467148759627950304481782939469699887669543530035481574600574343639830, 0x0000000000000000000000000000000000000000000000042ab5d6d1986846cf00000000000000000000000000000000000000000000000b75c020998797da780000000000000000000000000000000000000000000000005a107acb64952eca000000000000000000000000000000000000000000000000000031e97a575e9d00000000000000000000000000000000000000000000000b5666547acf8bd5a400000000000000000000000000000000000000000000000c410db10a01750aeb00000000000000000000000000000000000000000000000d722669117f9758a4000000000000000000000000000000000000000000000000000178cbf4206471000000000000000000000000000000000000000000000000e91b8a11e7842c38000000000000000000000000000000000000000000000007fd51009034b3357f000000000000000000000000000000000000000000000009889939f81e9c74020000000000000000000000000000000000000000000000000000f94656a2ca48000000000000000000000000000000000000000000000006fb128b46c1ddb67f0000000000000000000000000000000000000000000000093fe27776f50224bd000000000000000000000000000000000000000000000004a0c80c0da527a0810000000000000000000000000000000000000000000000000001b52c2020d7462071597e3b2b4bfc356fca0d46dd418bcfb63d83e4488efbddc55d96d18f331e302b153acaee8072838a15ab9d3629d2c42a6f41411a61a68dfd9e721b0e87d72e70b44737a1b5b8e302ad7d27461f280732b7b2407b9832dfab04ac24cb733803a1724928aa86ad65454f5e5d3db33d748f9a92080d4244d0bd63b9b0bee8c22d7c9c9b850eeb32f483c1ea8b56c8e2a21406a2e746c11f549c62c33e81fe011d8ba95fa8649361a3d246c9d345a48ec47b94f410ba22f0ad3302601325440f301a9c12a8626f2367c3ebf76666f500b08520074ff2d5c5a1a9cb710bb7ace2045983dee2edb1a57c309bcd99eb26c3d4f268eb6165087776e243430928198e16934244a665b0c342ad9a78249937f81e7a398b6340767955e1c5d018f5f0cb226e14f85997c437f7dfd380a2d1e27a09e3e1007ca5a8665f62cfd1493859102a0e8c47eb9386577598afe2fbf88f859f384f300821513d355aa9e935be5de92a630a430c3ffe3b569c25dd918c91767f4d2a77fa000c88ea1a94febd474b690eb09136fe01913f81c01537aa752cba30d9d2770286faa43df1d27d8022a0952a4a2921eb8c554ccf2e254851a86e1fc5f5db688d0365c312fcc56772d7f8900482a0181f66c3048309957f4a3e560e0155ef6c1c5ab3729439b6fbf6e05dfd0ce554380e4d1817411b8845c8e8c52fc6dc23a81308bd563529b97e78d2622311d40b390cd46bd939b311876042d469196d4469c4de01531e17b0d9a0a4cd490084c83ebeab115caa47b43f72faccbefa87d46db81217509369fc73adcf846f305d8c12f39065357d98358ed89d4beb120c3d4c5427d1322f85b8c1830ebc92220a13be6cf36524af84030c5d489cd9484c3fe4ac53ce71c7620ba570beccf31d878b2548985059af087693ac19cbf29a4ec75610d5687c76a935a67a192bcb29fe140662a1d7324b3c0eb3b52d51c24898de19eb5e7ebbd871d2fa0fbd9d4604e93fa5cd6dad4d02e122d5c7f74e87ab4707afa586287586b98d924ec404a811a85ea0c9184360bb1c2ca663b50f6ebf5c66d8d3a41e09b88713f65a6cff4c2f954850961252c32c03f3ed2bbd18e7f4bb424e8fbb3f06734db530b3777a1a2c44e9447a491534faeb8ee8fef38db8f1f559b18f2e290d4a9c6bdf4ed55c6f2df395ef50e3417871c13c225d1b93762879b50700807fa7f5369a82e773bd711e2678e827cd5621661c269639e8e63730cb8adbeb9a031d0ecc8a4cdc5da25a0c606e9e95e960ed4b972d29f3b4a19c561a2ea741649b562a1183c5c86b2a092f2f275f312da3d601a99737778173bdb21960f1821391e07f3712a619160b7e128dbd4c22ca4742f6f77cb13ec25f8ff9988c30cdfd67eb849b91bc11d74e680876e0e3475ad7a42889547c17cb0d21a74150caf136b4ff53d46d739cead4111d4c0dfa1a299b4273d215946e4864605764d552e712344830d998f818f4cee92f116e5521891a83c2efa8f03488a59dacf33ba26ee7f32103674090a6a206431c486881b9916da1fc2063dcca8bbaa628c494b0f8ea57a5b562a627a4d6d50b00d5c66af9e78727b371cc5a55a40b3cc8a3bff190ef9052e2b694140d75b27914fc0ce60c29b4ffc5eacbe216e758d5511916617771b21b97c2ac40f88bddb80c196292a7bbe12edfdb59058741f6abde16118ed59e513dd70b74d988e5d3782561542915606416d2ef2c0ff0f541e3f3a1f85df82eca5deabc450b3f2901c309edc5212c0a1e501e6f8b43121b5388bf929f620d0a4ba332225395f9acd278088044257f0f48d3d61c2f8c6e41524cb991bd15de194d10ecc5e017da74b2851705648d6d12275f304f1cf533f9d079a65e87c72d4746521414d123ef93b71f1f99590744d082cd77a677ffcddc31c6b98e072dff4ee41104602891b84b03492b8acc9e177eb1920f2e090d2b7b05fa1ece4b087f8fd83faa5ac3934d588f541848efaa94d0fc571fbb2faf018a7dbb0f58225d0ce5d247f8cd04ae1e2c786d05e995124cc483c00f72f77169ed5e734ae609c45db9143646872cadc9240bb60977e345ee95379c7fd02874d395a49149782827c5744cbf37abc551134f9df828fb74ec2e7c609a9101f6313550d13a4056b09543af20b2c3e5c1cc00ea7503195d4ce79e9b79fc2a9f6c097804291e18b0747dc5b168270acdcad9afa6bd5804493e290a0cfdc25313f8dafb3692cf2f74ec32004cec86d354f89568387e4b2c21f9dfb203c6cb03cc7ccac86138d2f2338a5b198812ba80740b2d394a824f0819399bd8709bbbf2eb8ac5da688ffccc24ef3ccb8bdc9cd120585c97366fa60de29890fade07fa0ec4673006f448c4199634f795bde73587a8877a20d218d714eea7c7767224fbbe73b4977ee8df9ac70f3974d6f497f2b7f9bc39d6be99192e8b01f4d6172c41102da99bf1cedf1e1250340a73ae398e11600091eef3c25b2bbf8320922547567f68b273e7b24884bed2016f701584dad2b96a65211151151bdaef26a0c1157344a625c39610408fab88d9fbc369f360a63f07dc1f709883144036add2357d2d418a159ee18f2c09b57ac92682c39e067621084a75c367bb1c384ecce154a6aec37d3f6df2271fefbfefce258bc627e3e14df62cc10c72f801ddc331980b3ebae88879f31bdd460709cba5571e14cd525b6aa30256919f110b2bcc7d16a51a2dcdda441efeacfb0def76b7479a6856267698e5ec616d61691eafce2c25ba61213f87d36302e7632708cc542e79f9ae0f6c46feac265e2fd01aee3c1b868c873b7902f7f6409b50afeff8f1b1d1daf9d45eae6430fa27ab7521b7242c6e1cd9b6352233f1c7e8c8f3bf8fe31e7f1127159f2768c82d13c625285ad9e0f1b750138f2563dd4526d66cd43d4a554c87326c7bf606bea4617b6f284dd49a58006f33449ab115b8a254ec05d7718c733ee4a5489a236a28b59331003eba9622b3cd70c7519c1c6afb68853116d216467d5b3e5e5e1b395059d1302128e4b7e2aea08f503d192fd7030670b35d1721f9d56bc271f0b37549c3a5a725490f6515ff059438141de4e60eff6781a187fef1435ecabebd6f0a4b7c02d708d42c70e6b3b1fdfad47d65ae9f206dacd83fc6a0027b6202165460aa5eca602fd761f23721b9aad632c45fb8fdf3f3c682ebc417ed2e25b9f520e2942fca9b1105aa45126fe7ac176d82d3fc142da0f0774efbfff255976ee81b12d4dfdf0e01dbb3faed0e737f19cf16b97600eee875ed4b54d21548af4b25e462b1b209f8279c405a9122475c185004f3ae178abcfa0119417f4f8d07227de074385f76ed1daee2b08e16f07108dacbd5b5d5042d204f8b4a82f407cfeeff594e8b90046509f1fe4015e6aeb88d24d0f8d793e1f87cc963a200756ffd7fdeed24a59adfd0099b293883b1bbb1ac56286eea4af2538c59a4d158ab27d8ed9eea8d9acd3bde2a3348349ebd8c370f9f299ea712728b19030a0d5c16a8952f5b936bf33bfb6f14172d0caad5d903fff901b1b0b93f3ae55c355870d3feaaa07680ef7ece927002b08ac2956ffb8af0948696e7c825b0968ff1cd4a327cd2dec373ece0c4ba1e2a501588b9844581eb3ca72b542ccaeb01386f3688338e13efea079c0832d6441de188de826bc0480d23b77151faf5db8a6bd6115386f4d65d2a1d6c00096d9c158a0155efd8fff6d574b73fdcc6353724ecbddd616f421234c00ddd1e15ed61214eb1eb7b46d8e3dc1177ee7afc2e703985047b62778f752bef6861c18146971046fe37c2ff389619b79fe8c2a8d8aab46c92ac1c50fe4bba8b3675eaf451e01b186a1ed42e393416caa64ae31843a6fca6d3d6d63fe6149a74cf915471f6d12a6162d6ec7e3037f7c8fbb0ee93c5a8c1d05511e18be21f56783176aad4c77a224273bfdcd36275bb98761d7f4b59a05904907d55a8940f06b31f2725e8cd4e2e0872299842f2c71c0970a67805314dacd14ae85c61a9ebc5c2a9e4e2e9cd100fa6641909ec7cc3d9bbcf5420a6735fd4b482b83de2b26eb94256237596547a10003a84bf06a77d57c38f55ee314843214761785ea32b064794a11f520875250e3204a76777eef44eaa303964d37f8ec6c485324c25af811af4bafcd25180281a70114fa10459ad6d22aab6c94e1ebfc82d516e4b8ec1a7c4c3c529701463110143ab541753d54d44ddf8efead59564e6a50499b413a4f88f6fc5778453352c26ba744f9fd23bd5b15730f34d6721e17671c8c5fa4c14a073819d2dc9ce389b275916851699023ea2cddc39f556a2f7c8798f574a8ed661f679b04b871749bc2e86bfde8cb7b881a9dc2405fd46d988a052cd92da2016ec981477b1aa78914225b76331964d27434560c0e01623e8e1bc33b38f805aa5f6ebe29f8357dab83c0a6f0c8372b92d2180be0da0bf7d78a00beeaf3787d21c5726d6c34532252fb9237d1a50a7040cbb2bd6665981800e6d951bdd4af62b0232e7c46b9dba3e785e25fde02b8663959e03f7d166599bd7c680d33483fbe366b437cca6062bb3d11b2fce2a6cb2404433d0a69657f8c20369963f19b0f4c2d3531339aed3e086f71929574dd0014895592e33df9e40219af4b5ac97f4f9bf53a3536cd094cdeb513a07850dc8f0fac363569bc346e76d9174f984dfd29001ec92f10722a09319e1be0f30b1bef624fc5b8a97ddc24322f6b2c95450fcb6d5e6fbe5ed969f702d1af31281d8430c164b659eb34ad900f0884a937c36de61a1a93667bec48ba4562e8a2d79d5a3d7dbd007495891f07e239d697ed7f9d31f383facb3382f057cf74c1c1a1c4f70bd2632d5beadae1f91916767b47eb4e66bd7a1911a505f064585ea470531504f93d0012aca0c4ef8f61f726279be30f10abd00d76b06ea3e2da767aa23e14cc8340071e3adc0e213c33c2a4cb93d010520db11c6b2a53695939dcdd2177ae46ce155d2cfd62bf39fbe8bb7ca2a4dae4054a61eb1ea156c8a9a0aafa52e5dd21790965e0b58176a5d4ddf861f020ce40c843bc4d0e59281805647b494223c8aee7a7cf9da35d53379bd5e09eff6330ea649bdc2581cb02d405bba6e9516938f1170a7b3e1db062c82c54056b6f45555c729a68965a54e4b59e686da8f1af53d6259acb806579b5e872cf4e43a33d5a6d439973f52f8832e69f71320552ea35133075dfb8d97e27e59ad690214c5205c2b4efabb26ee2c17af31406115054e50c0c21be06815ce838d91dd0a8ad96c06ea44a4c8ec5be1828ba6bcea882bb8ffc986f7950177ec9ab70c5a30b3492b19ceccecb6cdeded24fdcb0504f918146489a2c0e0e1c60a37d2db691591c370875ce2ee1b87894278e19bdd919e03a91f60e4ede8bd89d6851ec1910374c7f099d418d38e7ca39f1949fdc7a9890b442439a4d52dadc9fdd5b5cb21b18079e90ae3175a602803f41195c2d6332d1eb636c855db3e6f40a6adcd78ed9288faf0eaa9c624a13bd302a8ed8ea307551c11ed4d088af55a2133d8e98b00295a4457f8a82d57027581806d101163375003bd3321757c983543fb006bb14910b08c644e7b01720bd130e2de6a5f6bad36276d5987a8ad9ead895855cba8c46dbc933218e70f5607ca37ef32a2862820f40d0045bdf38f0d033386268f96ca269fa97013b859e8594eb07413ad02a9993b0558ecefdb962fd83906ae4e44a8232a023b8cd6ee2681dbcf1f5c5b24f9562d290e568f8389667bbcd78e1439f79fbbb7a03d81e0a1668873ee8337d049c0572dad76f37f1c4544b4938e61d9b9a22d57122d33e9aef285bdc3a9e51beff3562dedd79f80a440ef4c9a44cec223e3203fa24aa75e369598a23c07e917abf27222acc6351f53ec640e6b0d5795408882d5f60a919000a4d64f5fa4f48f771a5c01e8d8b2372aab5396677c326fc590754b421494b8fbbd2b13e79f0994f5dc6b08bc636abab9782417e341b9284446b81d1ed38d411c8be9c14380e1fc7127000b67c63f75e700c97e8adb61c2aaa411c8c318c5b4914043e102baf8b9f1794611177d8bb2247585ea1a39ff20cb238820c713503e4ff442dc98258df75a9c1d0abd73f28deef4af99e0d2a6e0808b8ec2ac3faf98bb4cb7da61217c85f67c521a8c138570e8110946db4d2303350215b1f30aa3ad1de0ec1de090283fca36a724c85d8e385afd0c218b41020130737033a5f517235f43e36a9f56b19c69564d22ef89f0b8d5a3798e6211cd83eb794fb9a93c251f32762b0d33674760018b011cea9a90444a311f229dca7cc016c1382fbd5b1daa40e7142309ee7c360ca1080ecdabf35f004fb53221f9c408260180824e8d8d6ca99dadaeb8f4a34ddb406e2654536905638f26f63651afc5317972a308ed393e2fbcf40121b9697ee522d20a7fee54cfba426c47710ebefdf8b096a491cfe55a9ed2b3488bee8f07b1c9e01cb75616f285da3a7dabf3190ebfd2112a39d9b11c48e19c50ca002827f1170e04e2167f717c488d4407942310ea42a60742ae5aea5745b086f1cd5502028913287f5c48e4e8a5ce91e58192c5f5b7935dd1550ba9180d955dc3ae51481000d50831cea2f82c8c5bb89ed8ff8f5247f708eaf29e4f636ae684c84853f95b43f7151beb72f8c18132f27b312eded2cfe977dff8e707519019500baad7c4ba576411e975a24d79c6c2cd170ab4b8dcccea963f7fb214abe5a35df23702a9bc29e701180d0e095db202c91eb9f3e6f3448a8ed9ab79b1dbc7d696adffca1d5f64fd083021262d0df004f60b9e3c16fb90336745f8fcc103de50d276fa7101f29a4914f95b5d0ca6f4e974609656690b0bee27d2bf2f55c42384a38a8815a138832708fb599da558da515f618eeda2179ae919d510d1469a79dfd0094a67c32785d11ed24626f0188aca9a39935ef789b9164b0673b373ed4affde4227b4347727db2891672121b9127e7f8ea9fd27057073bbd79d649729efd21f83b33b88433b4700f3a65f68b809c63f9a2428c895c0ea71784f4e72115af1ea5f76c6a88a3cbe27d615e1e03c013548adf62bf4a4324fd146c745734e3bed108675d7a0c90ac102011590cce59314d98097be531e87d11c0ca1509d1cf04bddbe406668dda54d196bca17e4829696c3e2fcffc1c3cf947a220e1a6403e386a0c01074c4c71f7a28b2aed231601be88bdf75a20e904bd4a050cb2827bcdc7d7d2a143d04aa5d741fe6f3b9b451e23ccb3cc34f1ea0e390928fb440bfc0ac6b5617298a04c43d820a6c9a61e7b2cc3ec3065c8b675e83ff47898993874936710f978157953691611bdaedad37c4c58c7eee54f54830c9a2a160b416126561357eb5c11d8c7691b32961ce68b86fd0b88d9a89c45ada8d5f65e2e54ebfbfc8c241273b7578e9723f2340ce0db5369bf45da2d10fec6dce2c0e628695bd9227d0ef3f80645e3829da2b82a010b071e3015edd241ba67d196b1afe29490950d3ff87d9fb0e97dcefcc1919b7330ce8eda27ed74014fe72d97fa5aae5955704ec7188f8050cc23d6677041125155b354c91b0c1014e61f6274d65ab1f177d280e72af6b0e43a1fb01e60ba7c547b7d892e712702e20f80f894443e42f7ffea4c2948e45c70cac22501e1ccd19ba68d913e726b96ac015886aaea1e30f963fd2d5a3a60c05aac7311756147bfc4272f6efb19d1ee91bb0d6c2b508e4fba470b2d97be798dcd21bf210be0078e7eb8551772adbeaaf757ebfc48ff053ba8515040eb32fa92c4b7553c8f125d4f9985de30a65ea696bd50a77078eaf3440a63ca07f17161dd60f2c3a5e730e6721becd56205fb065f70016fce6e3d9d8b125ba00196be2d9605e64e5e2fe21afa0e4f319e5ac8cbfcee506e6f50e3cc2e048b5a4375476110524165e888a055b0d1fd178f9a7ea88d710800269804f59472e67cfb650999e74dd0228f9602626b22d2c3b17db03cbd1d0e61537aefdedac82a4573df537c95e8c763bb6012a6cce3a970065711bae84ca4d07b4a7c0e7574b19f9c194b3f4f368167af7b929323a6749147bcb90bbafdceb7d6ef82755253442c81f8bce00e02665e9fc6916ca99908688e6de417039d05ebdea2aba2dbc68a34d153814cc2abf1b0be8dc026bd280938f473f7db4a03cc302b2e6516bc9bea89f57e1cb8221afb0dafb271291c6cf422a9795e7bad18d92fc33698037ebf0a44b57844ce06e8595ca33a12754b4e981f48416e9d6d23080637c1f27db917d2e84d9853fbb8e067097cfb01c5881d552f269cb06dbc351ec7b42a80a2f90f1a485b393ad8f8b544c415516097e5fc67fcb9c79760da422c0ed78f0d12283c43cf0f2c47f64aaf0625d0a7712a39aa50ebaa88b347e96ce69920ce99b2ee23c881d46f97811c0650f98406f2d129f8691a654dbec4dacf06413bfd44f9dceb6a43b792a4c3b5a2efedf72881eddb00f44621930fe5532bf034cfa12f51d223458aaf64174dacc77ba934d460b19c55c99941fd3087bc3822fb1d06337a201144b3fe531fdb79b628b122d531d11cf57e4aa749ff90af71c3bd160eb043353fd0475b5099c13688bba7731b42e923de8fe1418cd9e61580e1f3e378443da815795a618f8ae98bb230c6f768c17545bb4b0484647538e77438250ad7f8b4b21587cad1624cdb76ac8708094fc27fb09404d5f58d8ddeb61e182d1b57d26a3c701be718dece630f2d3e5f4fc9d21b354f6f48f77836ad2055dca4ba97ce9e80fdec3b5c6940e12d38f32b52b6904257b751996fee85aece5ad2f74ab736873c8d62fe2ac2b1b37a25a41879c1a2be9b36b82d5c87d5ec5f6d11b4be749bf5ed5bf2d198acca480ae491690e776038e7c0f6eee892db7da404e0dc15dbbbcb6803cb7d1d36abf90adaae74498710534e71ec978df7bd275af7b491c1f05f9f404e24eeb73bb37b70f92a45d5fd00326acbf53362c064d381adf1c94ab6837dd1be7bf480a38b1ac881e7d4ab8f90749f62acbe6970991312ee3bb865c43bb7289c5002375e1f7aad223460792e22c06f0e940f2265514169bfc125b43c705225b729485090f0b151329a55d35311696c8b3c9c451339e8679a29293667be767c7172a13e80483fd4633b627b03414c06b9c8879fdc044821c815f99352ca09b8fb95203868819569c9f92480c4f125a34de73fdcb8bd186f4ba7a1632bde3af1f630e65aa7a9f69d343f001d0ec1fe51cb9152abb62d9593c4e1755c76903358cf3aaac0ee88a3ef4764ffac39f14dd96bd4a6f9f78035382394296d3d419c8afa40be675bf4a1b9d3a3f0a278b075184d78322c763ff05c8e2a675ed95c692d40ab7fcf6ed5178d333dd17aa322d125a21460368f90b2cd811343b6c71ef776f34c3beb86c2f1337e43f2d9efd09dc075c6167f735e06707bf7180c42a96873d24f191a7619e1e4fff0bfab1dc2760a35b17be8babda8e522516917137e2df01d0207598c591112192ffee15eb1771907ed826af107a3648dd0040034462372b8a1ca28b1200c3aff357c3586910084dc57b7a03ee616b5dfaaf7cdea09c8c20b380401276b1619892070c0b1f14d0fa24065196dcb27fffd04c29ab534f6a170993ab75630943259f70ce836702538db39c9e3279849e2a40afaaf8dddf1ab76c3f0949302ef1bc20c40325d219c63fd2408ea2d8f07cee7d9cc6e481005f8359eb93c26213a9bf6bade22f0409574dfa83b278defe2065fb68b32621cc41c815874092d6b93b53d1b933a48a107e069c31de261bde3c3b781eb8173a7ce48fb22a5fa30fc901ed90cfa27e5114d9ecb6c5b809cf9f636d10cbd1b39e840f62cb16cbcbdd5a2e776d8ae8de4e1a2dbc3839c7e885a84ff8b56f5315c76c0fc2e1dfd885ab30240077cc2b5bd71d43ed41cc7eb256718e316cad253764a14af72701fa7e18f70275cd965eb71f057bb4bf7a649e771cbb630d8f71fc39101a1b50b8edf5791ea54bcb55c2d3fe04570f9de648a8f81e64967bb7cb60478d62222c27467f57432842e2eb5dd7242734f65548079bbbe28c30389d5d2e67ebb228cf08737e10942ff97f1df8c0b5216be5926dc212011abad673cf32ae82661bc8c81e78808d3a295b771a943cc10ad0ef33fe18977b4991d20b157367798bfbc331ff2f5c2aa0eccc4983605c84203de77f5c41d3a56d1a143fa5d5ec6acfaf464c97c47a8e2e0f9a1f8114c0a40cfe1e05b6b126d2b95737ec380c4c709ce3da50baae8923e6668daf5dd438ec1184561682e152b86f8781b9425ca6e40c51762caf4d5551ae45d6c8a5994fc32772681af37f5af3fd5a8130458b1841df5a28208931758cebb08b5f3ae8d64217d83c74ea538676d0828ad4e604c2bdfbdc13d2bdf1e85c5d25e9ca38a04767133bd1e99eb653dec663154c7ef76468b22e382cbb282b8665930dad356a5faf1018d6c97af9a583add8756ec7ad45a8a4df5d83453793b5af59effe475d2eec19907d26dfb2f4feb6d751e57a538d11012c3b0a5cd9645b721dc930e7f25b301a31300ef53813bf1d6f76547eb4d89ea04569b6b8565db82f9c4e274871bd741b5942c7898f994ea0cf14f082c4746f2f345498dde0f52a25b63032723466b81a93e303782ba015c4567886678c00780ebc524a387ddd18f3f298d08b1fc5c61c558c1bbf288c69c47010dc3719b592fef34756ec1ddaa95315eeae93754ab82d1569fc51077a95596725fb67b5e1c67f92762f990fe71f25601eaf79f63fb929b6cddbc728dadb3d6de4b28df961a41c2eeb73f92b5ee90ca96e454a2048331ae725d74a846a409e2fa788ccc4ecf3f6174b522f80c219613f7a56e0b89464180aa3768fdd44efee3a0086e72a0faef2bf2eeeb51bc00e1f65f9adfeec28f52d21dc2f46a571a933220960548cc3023270863ee83d7ef29728555a79c8df020f9dfa8fe09f0746a5d3cbd9b91edbb05e07a9ac57fee45913be39597a8465d802abac472231b99bbc936a6d908dbf94cd3919ee20b15edbdb355e380d33ee4611bd09e3ea0572a903342639612a7590917f2ef9db823f140779ce07e00afc051e5ef21325dd9d34ef47a8d65a753968ba924391e635d161c088dc7ffbfd7c4a1ea91030a3a27638117ef43f0519f4cdfb36d5926d88a8147efa2a5544fe24220bdb2ac1bd8580469230bef1b4bb613d52d10944ec609b089da7d1e84c6acd3e2850c00863b3b3986befa33c8b7e920d9367aabceb20e91a37ca75b52a9ef5bb145095a7a5572f1f73d57a97684b2876fb605e538c5bb58828fd6cc5561ed5ec13e2a9c422fd4442ebd4942452b8b2dc9fa31710e48678f7f09bed8c53367bba0f598a4ce082bd055e88a1025a6398cb2f2849ebffcc4ec5e48bf54e80a201f2140ef415e3f1e1944884a89eabe935ec14bac3c4b1a0998d5cb8504f1687a01f06374d79feb52863d5a9c7e14147dbdbbb3c0733b189f864998952bcdf45f91008b87b0b4cda71705050ec2c2f180b113009929ebb0327675da8827f8e108f4218f8ac90cefc423c99630f7025288a2d5bd073e0a2706941cbe4de3703612d212233dbb3df17228fb5fbdc5510df39040d8ae2f55fb1dc1e04820038d031916f23a323179a35697a1a996c5360b2e323ec431ab3a2e782bc6123e8d1a37b872226736842948667859bcf8a5204d04d06322815e1f0cea43d5658bfe44f2a2181169ec19b128087c6691fbe14a395732887bf792837b18ba0fb8065e49e6405fb16e7346caefa7ac746873588adf92f13d9d982e814d90e94aeef7125c0f5f0fb11b7fdc13090e333583cf56b72c128fca8ff0fd5e5adf5da7518dde1e6f4bf9b2ec2ba6983102b1a0b7070cedfd12e6d62e8f2d3b7e6311eba59da04db4d10b509e52485544f23c66b52ba93dc453639524a61f56ade4e7b1ce2d578bd4f52f926f5cf60092548abb11614a04d71dcbb0e6f9b67f311c8e4731a2d4688c67710197a8462facc413ca2e22a1c67b2a8a415fb4953f7e9228ebc2ab7006ed3d937)
     sender:    0x70997970c51812dc3a010c7d01b50e0d17dc79c8
   
   Docs: https://viem.sh/docs/contract/writeContract
   Details: VM Exception while processing transaction: reverted with custom error 'SumcheckFailed()'
   Version: viem@2.38.6
       at getContractError (node_modules/viem/utils/errors/getContractError.ts:78:10)
       at AsyncFunction.internal (node_modules/viem/actions/wallet/writeContract.ts:242:13)
       at async relayTx (src/transact.ts:106:12)
       at async proofAndSelfRelay (src/transact.ts:118:12)
       at async TestContext.<anonymous> (test/Token.test.ts:184:31)
     [cause]: TransactionExecutionError: An unknown RPC error occurred.
     
     Request Arguments:
       from:  0x70997970c51812dc3a010c7d01b50e0d17dc79c8
       to:    0xc5a5c42992decbae36851359345fe25997f5c42d
       data:  0xb567389400000000000000000000000000000000000000000000000000000000000000450000000000000000000000003c44cdddb6a900fa2b585dd299e03d12fa4293bc0000000000000000000000000000000000000000000000000000000000000000000000000000000000000000000000000000000000000000000000000000000000000000000000000000000000000000000000000000000000000000000000000000000000000000000000000000000000000000000000000000000000000000000000000000000000000000c5a5c42992decbae36851359345fe25997f5c42d1cf3e0a0bcd72bb0493c0152e7d0ac4694d57837ff0325f90fa51cdaf987109f17cc264432e41c214370017559210b64fadffb7a1a58dc96ae0a63ddb9a6c107156f23bbbea5f164c4ff253eb92c8f200abfcc244f1d603fa4ebb4ef2e40f316000000000000000000000000000000000000000000000000000000000000016000000000000000000000000000000000000000000000000000000000000023400000000000000000000000000000000000000000000000042ab5d6d1986846cf00000000000000000000000000000000000000000000000b75c020998797da780000000000000000000000000000000000000000000000005a107acb64952eca000000000000000000000000000000000000000000000000000031e97a575e9d00000000000000000000000000000000000000000000000b5666547acf8bd5a400000000000000000000000000000000000000000000000c410db10a01750aeb00000000000000000000000000000000000000000000000d722669117f9758a4000000000000000000000000000000000000000000000000000178cbf4206471000000000000000000000000000000000000000000000000e91b8a11e7842c38000000000000000000000000000000000000000000000007fd51009034b3357f000000000000000000000000000000000000000000000009889939f81e9c74020000000000000000000000000000000000000000000000000000f94656a2ca48000000000000000000000000000000000000000000000006fb128b46c1ddb67f0000000000000000000000000000000000000000000000093fe27776f50224bd000000000000000000000000000000000000000000000004a0c80c0da527a0810000000000000000000000000000000000000000000000000001b52c2020d7462071597e3b2b4bfc356fca0d46dd418bcfb63d83e4488efbddc55d96d18f331e302b153acaee8072838a15ab9d3629d2c42a6f41411a61a68dfd9e721b0e87d72e70b44737a1b5b8e302ad7d27461f280732b7b2407b9832dfab04ac24cb733803a1724928aa86ad65454f5e5d3db33d748f9a92080d4244d0bd63b9b0bee8c22d7c9c9b850eeb32f483c1ea8b56c8e2a21406a2e746c11f549c62c33e81fe011d8ba95fa8649361a3d246c9d345a48ec47b94f410ba22f0ad3302601325440f301a9c12a8626f2367c3ebf76666f500b08520074ff2d5c5a1a9cb710bb7ace2045983dee2edb1a57c309bcd99eb26c3d4f268eb6165087776e243430928198e16934244a665b0c342ad9a78249937f81e7a398b6340767955e1c5d018f5f0cb226e14f85997c437f7dfd380a2d1e27a09e3e1007ca5a8665f62cfd1493859102a0e8c47eb9386577598afe2fbf88f859f384f300821513d355aa9e935be5de92a630a430c3ffe3b569c25dd918c91767f4d2a77fa000c88ea1a94febd474b690eb09136fe01913f81c01537aa752cba30d9d2770286faa43df1d27d8022a0952a4a2921eb8c554ccf2e254851a86e1fc5f5db688d0365c312fcc56772d7f8900482a0181f66c3048309957f4a3e560e0155ef6c1c5ab3729439b6fbf6e05dfd0ce554380e4d1817411b8845c8e8c52fc6dc23a81308bd563529b97e78d2622311d40b390cd46bd939b311876042d469196d4469c4de01531e17b0d9a0a4cd490084c83ebeab115caa47b43f72faccbefa87d46db81217509369fc73adcf846f305d8c12f39065357d98358ed89d4beb120c3d4c5427d1322f85b8c1830ebc92220a13be6cf36524af84030c5d489cd9484c3fe4ac53ce71c7620ba570beccf31d878b2548985059af087693ac19cbf29a4ec75610d5687c76a935a67a192bcb29fe140662a1d7324b3c0eb3b52d51c24898de19eb5e7ebbd871d2fa0fbd9d4604e93fa5cd6dad4d02e122d5c7f74e87ab4707afa586287586b98d924ec404a811a85ea0c9184360bb1c2ca663b50f6ebf5c66d8d3a41e09b88713f65a6cff4c2f954850961252c32c03f3ed2bbd18e7f4bb424e8fbb3f06734db530b3777a1a2c44e9447a491534faeb8ee8fef38db8f1f559b18f2e290d4a9c6bdf4ed55c6f2df395ef50e3417871c13c225d1b93762879b50700807fa7f5369a82e773bd711e2678e827cd5621661c269639e8e63730cb8adbeb9a031d0ecc8a4cdc5da25a0c606e9e95e960ed4b972d29f3b4a19c561a2ea741649b562a1183c5c86b2a092f2f275f312da3d601a99737778173bdb21960f1821391e07f3712a619160b7e128dbd4c22ca4742f6f77cb13ec25f8ff9988c30cdfd67eb849b91bc11d74e680876e0e3475ad7a42889547c17cb0d21a74150caf136b4ff53d46d739cead4111d4c0dfa1a299b4273d215946e4864605764d552e712344830d998f818f4cee92f116e5521891a83c2efa8f03488a59dacf33ba26ee7f32103674090a6a206431c486881b9916da1fc2063dcca8bbaa628c494b0f8ea57a5b562a627a4d6d50b00d5c66af9e78727b371cc5a55a40b3cc8a3bff190ef9052e2b694140d75b27914fc0ce60c29b4ffc5eacbe216e758d5511916617771b21b97c2ac40f88bddb80c196292a7bbe12edfdb59058741f6abde16118ed59e513dd70b74d988e5d3782561542915606416d2ef2c0ff0f541e3f3a1f85df82eca5deabc450b3f2901c309edc5212c0a1e501e6f8b43121b5388bf929f620d0a4ba332225395f9acd278088044257f0f48d3d61c2f8c6e41524cb991bd15de194d10ecc5e017da74b2851705648d6d12275f304f1cf533f9d079a65e87c72d4746521414d123ef93b71f1f99590744d082cd77a677ffcddc31c6b98e072dff4ee41104602891b84b03492b8acc9e177eb1920f2e090d2b7b05fa1ece4b087f8fd83faa5ac3934d588f541848efaa94d0fc571fbb2faf018a7dbb0f58225d0ce5d247f8cd04ae1e2c786d05e995124cc483c00f72f77169ed5e734ae609c45db9143646872cadc9240bb60977e345ee95379c7fd02874d395a49149782827c5744cbf37abc551134f9df828fb74ec2e7c609a9101f6313550d13a4056b09543af20b2c3e5c1cc00ea7503195d4ce79e9b79fc2a9f6c097804291e18b0747dc5b168270acdcad9afa6bd5804493e290a0cfdc25313f8dafb3692cf2f74ec32004cec86d354f89568387e4b2c21f9dfb203c6cb03cc7ccac86138d2f2338a5b198812ba80740b2d394a824f0819399bd8709bbbf2eb8ac5da688ffccc24ef3ccb8bdc9cd120585c97366fa60de29890fade07fa0ec4673006f448c4199634f795bde73587a8877a20d218d714eea7c7767224fbbe73b4977ee8df9ac70f3974d6f497f2b7f9bc39d6be99192e8b01f4d6172c41102da99bf1cedf1e1250340a73ae398e11600091eef3c25b2bbf8320922547567f68b273e7b24884bed2016f701584dad2b96a65211151151bdaef26a0c1157344a625c39610408fab88d9fbc369f360a63f07dc1f709883144036add2357d2d418a159ee18f2c09b57ac92682c39e067621084a75c367bb1c384ecce154a6aec37d3f6df2271fefbfefce258bc627e3e14df62cc10c72f801ddc331980b3ebae88879f31bdd460709cba5571e14cd525b6aa30256919f110b2bcc7d16a51a2dcdda441efeacfb0def76b7479a6856267698e5ec616d61691eafce2c25ba61213f87d36302e7632708cc542e79f9ae0f6c46feac265e2fd01aee3c1b868c873b7902f7f6409b50afeff8f1b1d1daf9d45eae6430fa27ab7521b7242c6e1cd9b6352233f1c7e8c8f3bf8fe31e7f1127159f2768c82d13c625285ad9e0f1b750138f2563dd4526d66cd43d4a554c87326c7bf606bea4617b6f284dd49a58006f33449ab115b8a254ec05d7718c733ee4a5489a236a28b59331003eba9622b3cd70c7519c1c6afb68853116d216467d5b3e5e5e1b395059d1302128e4b7e2aea08f503d192fd7030670b35d1721f9d56bc271f0b37549c3a5a725490f6515ff059438141de4e60eff6781a187fef1435ecabebd6f0a4b7c02d708d42c70e6b3b1fdfad47d65ae9f206dacd83fc6a0027b6202165460aa5eca602fd761f23721b9aad632c45fb8fdf3f3c682ebc417ed2e25b9f520e2942fca9b1105aa45126fe7ac176d82d3fc142da0f0774efbfff255976ee81b12d4dfdf0e01dbb3faed0e737f19cf16b97600eee875ed4b54d21548af4b25e462b1b209f8279c405a9122475c185004f3ae178abcfa0119417f4f8d07227de074385f76ed1daee2b08e16f07108dacbd5b5d5042d204f8b4a82f407cfeeff594e8b90046509f1fe4015e6aeb88d24d0f8d793e1f87cc963a200756ffd7fdeed24a59adfd0099b293883b1bbb1ac56286eea4af2538c59a4d158ab27d8ed9eea8d9acd3bde2a3348349ebd8c370f9f299ea712728b19030a0d5c16a8952f5b936bf33bfb6f14172d0caad5d903fff901b1b0b93f3ae55c355870d3feaaa07680ef7ece927002b08ac2956ffb8af0948696e7c825b0968ff1cd4a327cd2dec373ece0c4ba1e2a501588b9844581eb3ca72b542ccaeb01386f3688338e13efea079c0832d6441de188de826bc0480d23b77151faf5db8a6bd6115386f4d65d2a1d6c00096d9c158a0155efd8fff6d574b73fdcc6353724ecbddd616f421234c00ddd1e15ed61214eb1eb7b46d8e3dc1177ee7afc2e703985047b62778f752bef6861c18146971046fe37c2ff389619b79fe8c2a8d8aab46c92ac1c50fe4bba8b3675eaf451e01b186a1ed42e393416caa64ae31843a6fca6d3d6d63fe6149a74cf915471f6d12a6162d6ec7e3037f7c8fbb0ee93c5a8c1d05511e18be21f56783176aad4c77a224273bfdcd36275bb98761d7f4b59a05904907d55a8940f06b31f2725e8cd4e2e0872299842f2c71c0970a67805314dacd14ae85c61a9ebc5c2a9e4e2e9cd100fa6641909ec7cc3d9bbcf5420a6735fd4b482b83de2b26eb94256237596547a10003a84bf06a77d57c38f55ee314843214761785ea32b064794a11f520875250e3204a76777eef44eaa303964d37f8ec6c485324c25af811af4bafcd25180281a70114fa10459ad6d22aab6c94e1ebfc82d516e4b8ec1a7c4c3c529701463110143ab541753d54d44ddf8efead59564e6a50499b413a4f88f6fc5778453352c26ba744f9fd23bd5b15730f34d6721e17671c8c5fa4c14a073819d2dc9ce389b275916851699023ea2cddc39f556a2f7c8798f574a8ed661f679b04b871749bc2e86bfde8cb7b881a9dc2405fd46d988a052cd92da2016ec981477b1aa78914225b76331964d27434560c0e01623e8e1bc33b38f805aa5f6ebe29f8357dab83c0a6f0c8372b92d2180be0da0bf7d78a00beeaf3787d21c5726d6c34532252fb9237d1a50a7040cbb2bd6665981800e6d951bdd4af62b0232e7c46b9dba3e785e25fde02b8663959e03f7d166599bd7c680d33483fbe366b437cca6062bb3d11b2fce2a6cb2404433d0a69657f8c20369963f19b0f4c2d3531339aed3e086f71929574dd0014895592e33df9e40219af4b5ac97f4f9bf53a3536cd094cdeb513a07850dc8f0fac363569bc346e76d9174f984dfd29001ec92f10722a09319e1be0f30b1bef624fc5b8a97ddc24322f6b2c95450fcb6d5e6fbe5ed969f702d1af31281d8430c164b659eb34ad900f0884a937c36de61a1a93667bec48ba4562e8a2d79d5a3d7dbd007495891f07e239d697ed7f9d31f383facb3382f057cf74c1c1a1c4f70bd2632d5beadae1f91916767b47eb4e66bd7a1911a505f064585ea470531504f93d0012aca0c4ef8f61f726279be30f10abd00d76b06ea3e2da767aa23e14cc8340071e3adc0e213c33c2a4cb93d010520db11c6b2a53695939dcdd2177ae46ce155d2cfd62bf39fbe8bb7ca2a4dae4054a61eb1ea156c8a9a0aafa52e5dd21790965e0b58176a5d4ddf861f020ce40c843bc4d0e59281805647b494223c8aee7a7cf9da35d53379bd5e09eff6330ea649bdc2581cb02d405bba6e9516938f1170a7b3e1db062c82c54056b6f45555c729a68965a54e4b59e686da8f1af53d6259acb806579b5e872cf4e43a33d5a6d439973f52f8832e69f71320552ea35133075dfb8d97e27e59ad690214c5205c2b4efabb26ee2c17af31406115054e50c0c21be06815ce838d91dd0a8ad96c06ea44a4c8ec5be1828ba6bcea882bb8ffc986f7950177ec9ab70c5a30b3492b19ceccecb6cdeded24fdcb0504f918146489a2c0e0e1c60a37d2db691591c370875ce2ee1b87894278e19bdd919e03a91f60e4ede8bd89d6851ec1910374c7f099d418d38e7ca39f1949fdc7a9890b442439a4d52dadc9fdd5b5cb21b18079e90ae3175a602803f41195c2d6332d1eb636c855db3e6f40a6adcd78ed9288faf0eaa9c624a13bd302a8ed8ea307551c11ed4d088af55a2133d8e98b00295a4457f8a82d57027581806d101163375003bd3321757c983543fb006bb14910b08c644e7b01720bd130e2de6a5f6bad36276d5987a8ad9ead895855cba8c46dbc933218e70f5607ca37ef32a2862820f40d0045bdf38f0d033386268f96ca269fa97013b859e8594eb07413ad02a9993b0558ecefdb962fd83906ae4e44a8232a023b8cd6ee2681dbcf1f5c5b24f9562d290e568f8389667bbcd78e1439f79fbbb7a03d81e0a1668873ee8337d049c0572dad76f37f1c4544b4938e61d9b9a22d57122d33e9aef285bdc3a9e51beff3562dedd79f80a440ef4c9a44cec223e3203fa24aa75e369598a23c07e917abf27222acc6351f53ec640e6b0d5795408882d5f60a919000a4d64f5fa4f48f771a5c01e8d8b2372aab5396677c326fc590754b421494b8fbbd2b13e79f0994f5dc6b08bc636abab9782417e341b9284446b81d1ed38d411c8be9c14380e1fc7127000b67c63f75e700c97e8adb61c2aaa411c8c318c5b4914043e102baf8b9f1794611177d8bb2247585ea1a39ff20cb238820c713503e4ff442dc98258df75a9c1d0abd73f28deef4af99e0d2a6e0808b8ec2ac3faf98bb4cb7da61217c85f67c521a8c138570e8110946db4d2303350215b1f30aa3ad1de0ec1de090283fca36a724c85d8e385afd0c218b41020130737033a5f517235f43e36a9f56b19c69564d22ef89f0b8d5a3798e6211cd83eb794fb9a93c251f32762b0d33674760018b011cea9a90444a311f229dca7cc016c1382fbd5b1daa40e7142309ee7c360ca1080ecdabf35f004fb53221f9c408260180824e8d8d6ca99dadaeb8f4a34ddb406e2654536905638f26f63651afc5317972a308ed393e2fbcf40121b9697ee522d20a7fee54cfba426c47710ebefdf8b096a491cfe55a9ed2b3488bee8f07b1c9e01cb75616f285da3a7dabf3190ebfd2112a39d9b11c48e19c50ca002827f1170e04e2167f717c488d4407942310ea42a60742ae5aea5745b086f1cd5502028913287f5c48e4e8a5ce91e58192c5f5b7935dd1550ba9180d955dc3ae51481000d50831cea2f82c8c5bb89ed8ff8f5247f708eaf29e4f636ae684c84853f95b43f7151beb72f8c18132f27b312eded2cfe977dff8e707519019500baad7c4ba576411e975a24d79c6c2cd170ab4b8dcccea963f7fb214abe5a35df23702a9bc29e701180d0e095db202c91eb9f3e6f3448a8ed9ab79b1dbc7d696adffca1d5f64fd083021262d0df004f60b9e3c16fb90336745f8fcc103de50d276fa7101f29a4914f95b5d0ca6f4e974609656690b0bee27d2bf2f55c42384a38a8815a138832708fb599da558da515f618eeda2179ae919d510d1469a79dfd0094a67c32785d11ed24626f0188aca9a39935ef789b9164b0673b373ed4affde4227b4347727db2891672121b9127e7f8ea9fd27057073bbd79d649729efd21f83b33b88433b4700f3a65f68b809c63f9a2428c895c0ea71784f4e72115af1ea5f76c6a88a3cbe27d615e1e03c013548adf62bf4a4324fd146c745734e3bed108675d7a0c90ac102011590cce59314d98097be531e87d11c0ca1509d1cf04bddbe406668dda54d196bca17e4829696c3e2fcffc1c3cf947a220e1a6403e386a0c01074c4c71f7a28b2aed231601be88bdf75a20e904bd4a050cb2827bcdc7d7d2a143d04aa5d741fe6f3b9b451e23ccb3cc34f1ea0e390928fb440bfc0ac6b5617298a04c43d820a6c9a61e7b2cc3ec3065c8b675e83ff47898993874936710f978157953691611bdaedad37c4c58c7eee54f54830c9a2a160b416126561357eb5c11d8c7691b32961ce68b86fd0b88d9a89c45ada8d5f65e2e54ebfbfc8c241273b7578e9723f2340ce0db5369bf45da2d10fec6dce2c0e628695bd9227d0ef3f80645e3829da2b82a010b071e3015edd241ba67d196b1afe29490950d3ff87d9fb0e97dcefcc1919b7330ce8eda27ed74014fe72d97fa5aae5955704ec7188f8050cc23d6677041125155b354c91b0c1014e61f6274d65ab1f177d280e72af6b0e43a1fb01e60ba7c547b7d892e712702e20f80f894443e42f7ffea4c2948e45c70cac22501e1ccd19ba68d913e726b96ac015886aaea1e30f963fd2d5a3a60c05aac7311756147bfc4272f6efb19d1ee91bb0d6c2b508e4fba470b2d97be798dcd21bf210be0078e7eb8551772adbeaaf757ebfc48ff053ba8515040eb32fa92c4b7553c8f125d4f9985de30a65ea696bd50a77078eaf3440a63ca07f17161dd60f2c3a5e730e6721becd56205fb065f70016fce6e3d9d8b125ba00196be2d9605e64e5e2fe21afa0e4f319e5ac8cbfcee506e6f50e3cc2e048b5a4375476110524165e888a055b0d1fd178f9a7ea88d710800269804f59472e67cfb650999e74dd0228f9602626b22d2c3b17db03cbd1d0e61537aefdedac82a4573df537c95e8c763bb6012a6cce3a970065711bae84ca4d07b4a7c0e7574b19f9c194b3f4f368167af7b929323a6749147bcb90bbafdceb7d6ef82755253442c81f8bce00e02665e9fc6916ca99908688e6de417039d05ebdea2aba2dbc68a34d153814cc2abf1b0be8dc026bd280938f473f7db4a03cc302b2e6516bc9bea89f57e1cb8221afb0dafb271291c6cf422a9795e7bad18d92fc33698037ebf0a44b57844ce06e8595ca33a12754b4e981f48416e9d6d23080637c1f27db917d2e84d9853fbb8e067097cfb01c5881d552f269cb06dbc351ec7b42a80a2f90f1a485b393ad8f8b544c415516097e5fc67fcb9c79760da422c0ed78f0d12283c43cf0f2c47f64aaf0625d0a7712a39aa50ebaa88b347e96ce69920ce99b2ee23c881d46f97811c0650f98406f2d129f8691a654dbec4dacf06413bfd44f9dceb6a43b792a4c3b5a2efedf72881eddb00f44621930fe5532bf034cfa12f51d223458aaf64174dacc77ba934d460b19c55c99941fd3087bc3822fb1d06337a201144b3fe531fdb79b628b122d531d11cf57e4aa749ff90af71c3bd160eb043353fd0475b5099c13688bba7731b42e923de8fe1418cd9e61580e1f3e378443da815795a618f8ae98bb230c6f768c17545bb4b0484647538e77438250ad7f8b4b21587cad1624cdb76ac8708094fc27fb09404d5f58d8ddeb61e182d1b57d26a3c701be718dece630f2d3e5f4fc9d21b354f6f48f77836ad2055dca4ba97ce9e80fdec3b5c6940e12d38f32b52b6904257b751996fee85aece5ad2f74ab736873c8d62fe2ac2b1b37a25a41879c1a2be9b36b82d5c87d5ec5f6d11b4be749bf5ed5bf2d198acca480ae491690e776038e7c0f6eee892db7da404e0dc15dbbbcb6803cb7d1d36abf90adaae74498710534e71ec978df7bd275af7b491c1f05f9f404e24eeb73bb37b70f92a45d5fd00326acbf53362c064d381adf1c94ab6837dd1be7bf480a38b1ac881e7d4ab8f90749f62acbe6970991312ee3bb865c43bb7289c5002375e1f7aad223460792e22c06f0e940f2265514169bfc125b43c705225b729485090f0b151329a55d35311696c8b3c9c451339e8679a29293667be767c7172a13e80483fd4633b627b03414c06b9c8879fdc044821c815f99352ca09b8fb95203868819569c9f92480c4f125a34de73fdcb8bd186f4ba7a1632bde3af1f630e65aa7a9f69d343f001d0ec1fe51cb9152abb62d9593c4e1755c76903358cf3aaac0ee88a3ef4764ffac39f14dd96bd4a6f9f78035382394296d3d419c8afa40be675bf4a1b9d3a3f0a278b075184d78322c763ff05c8e2a675ed95c692d40ab7fcf6ed5178d333dd17aa322d125a21460368f90b2cd811343b6c71ef776f34c3beb86c2f1337e43f2d9efd09dc075c6167f735e06707bf7180c42a96873d24f191a7619e1e4fff0bfab1dc2760a35b17be8babda8e522516917137e2df01d0207598c591112192ffee15eb1771907ed826af107a3648dd0040034462372b8a1ca28b1200c3aff357c3586910084dc57b7a03ee616b5dfaaf7cdea09c8c20b380401276b1619892070c0b1f14d0fa24065196dcb27fffd04c29ab534f6a170993ab75630943259f70ce836702538db39c9e3279849e2a40afaaf8dddf1ab76c3f0949302ef1bc20c40325d219c63fd2408ea2d8f07cee7d9cc6e481005f8359eb93c26213a9bf6bade22f0409574dfa83b278defe2065fb68b32621cc41c815874092d6b93b53d1b933a48a107e069c31de261bde3c3b781eb8173a7ce48fb22a5fa30fc901ed90cfa27e5114d9ecb6c5b809cf9f636d10cbd1b39e840f62cb16cbcbdd5a2e776d8ae8de4e1a2dbc3839c7e885a84ff8b56f5315c76c0fc2e1dfd885ab30240077cc2b5bd71d43ed41cc7eb256718e316cad253764a14af72701fa7e18f70275cd965eb71f057bb4bf7a649e771cbb630d8f71fc39101a1b50b8edf5791ea54bcb55c2d3fe04570f9de648a8f81e64967bb7cb60478d62222c27467f57432842e2eb5dd7242734f65548079bbbe28c30389d5d2e67ebb228cf08737e10942ff97f1df8c0b5216be5926dc212011abad673cf32ae82661bc8c81e78808d3a295b771a943cc10ad0ef33fe18977b4991d20b157367798bfbc331ff2f5c2aa0eccc4983605c84203de77f5c41d3a56d1a143fa5d5ec6acfaf464c97c47a8e2e0f9a1f8114c0a40cfe1e05b6b126d2b95737ec380c4c709ce3da50baae8923e6668daf5dd438ec1184561682e152b86f8781b9425ca6e40c51762caf4d5551ae45d6c8a5994fc32772681af37f5af3fd5a8130458b1841df5a28208931758cebb08b5f3ae8d64217d83c74ea538676d0828ad4e604c2bdfbdc13d2bdf1e85c5d25e9ca38a04767133bd1e99eb653dec663154c7ef76468b22e382cbb282b8665930dad356a5faf1018d6c97af9a583add8756ec7ad45a8a4df5d83453793b5af59effe475d2eec19907d26dfb2f4feb6d751e57a538d11012c3b0a5cd9645b721dc930e7f25b301a31300ef53813bf1d6f76547eb4d89ea04569b6b8565db82f9c4e274871bd741b5942c7898f994ea0cf14f082c4746f2f345498dde0f52a25b63032723466b81a93e303782ba015c4567886678c00780ebc524a387ddd18f3f298d08b1fc5c61c558c1bbf288c69c47010dc3719b592fef34756ec1ddaa95315eeae93754ab82d1569fc51077a95596725fb67b5e1c67f92762f990fe71f25601eaf79f63fb929b6cddbc728dadb3d6de4b28df961a41c2eeb73f92b5ee90ca96e454a2048331ae725d74a846a409e2fa788ccc4ecf3f6174b522f80c219613f7a56e0b89464180aa3768fdd44efee3a0086e72a0faef2bf2eeeb51bc00e1f65f9adfeec28f52d21dc2f46a571a933220960548cc3023270863ee83d7ef29728555a79c8df020f9dfa8fe09f0746a5d3cbd9b91edbb05e07a9ac57fee45913be39597a8465d802abac472231b99bbc936a6d908dbf94cd3919ee20b15edbdb355e380d33ee4611bd09e3ea0572a903342639612a7590917f2ef9db823f140779ce07e00afc051e5ef21325dd9d34ef47a8d65a753968ba924391e635d161c088dc7ffbfd7c4a1ea91030a3a27638117ef43f0519f4cdfb36d5926d88a8147efa2a5544fe24220bdb2ac1bd8580469230bef1b4bb613d52d10944ec609b089da7d1e84c6acd3e2850c00863b3b3986befa33c8b7e920d9367aabceb20e91a37ca75b52a9ef5bb145095a7a5572f1f73d57a97684b2876fb605e538c5bb58828fd6cc5561ed5ec13e2a9c422fd4442ebd4942452b8b2dc9fa31710e48678f7f09bed8c53367bba0f598a4ce082bd055e88a1025a6398cb2f2849ebffcc4ec5e48bf54e80a201f2140ef415e3f1e1944884a89eabe935ec14bac3c4b1a0998d5cb8504f1687a01f06374d79feb52863d5a9c7e14147dbdbbb3c0733b189f864998952bcdf45f91008b87b0b4cda71705050ec2c2f180b113009929ebb0327675da8827f8e108f4218f8ac90cefc423c99630f7025288a2d5bd073e0a2706941cbe4de3703612d212233dbb3df17228fb5fbdc5510df39040d8ae2f55fb1dc1e04820038d031916f23a323179a35697a1a996c5360b2e323ec431ab3a2e782bc6123e8d1a37b872226736842948667859bcf8a5204d04d06322815e1f0cea43d5658bfe44f2a2181169ec19b128087c6691fbe14a395732887bf792837b18ba0fb8065e49e6405fb16e7346caefa7ac746873588adf92f13d9d982e814d90e94aeef7125c0f5f0fb11b7fdc13090e333583cf56b72c128fca8ff0fd5e5adf5da7518dde1e6f4bf9b2ec2ba6983102b1a0b7070cedfd12e6d62e8f2d3b7e6311eba59da04db4d10b509e52485544f23c66b52ba93dc453639524a61f56ade4e7b1ce2d578bd4f52f926f5cf60092548abb11614a04d71dcbb0e6f9b67f311c8e4731a2d4688c67710197a8462facc413ca2e22a1c67b2a8a415fb4953f7e9228ebc2ab7006ed3d937
     
     Details: VM Exception while processing transaction: reverted with custom error 'SumcheckFailed()'
     Version: viem@2.38.6
         at getTransactionError (node_modules/viem/utils/errors/getTransactionError.ts:44:10)
         at sendTransaction (node_modules/viem/actions/wallet/sendTransaction.ts:355:11)
         at async AsyncFunction.internal (node_modules/viem/actions/wallet/writeContract.ts:231:14)
         at async relayTx (src/transact.ts:106:12)
         at async proofAndSelfRelay (src/transact.ts:118:12)
         at async TestContext.<anonymous> (test/Token.test.ts:184:31)
       [cause]: UnknownRpcError: An unknown RPC error occurred.
       
       Details: VM Exception while processing transaction: reverted with custom error 'SumcheckFailed()'
       Version: viem@2.38.6
           at withRetry.delay.count.count (node_modules/viem/utils/buildRequest.ts:243:25)
           at async attemptRetry (node_modules/viem/utils/promise/withRetry.ts:44:22)
         [cause]: Error: VM Exception while processing transaction: reverted with custom error 'SumcheckFailed()'
             at PrivateTransferVerifier.verifySumcheck (contracts/PrivateTransferVerifier.sol:2019)
             at PrivateTransferVerifier.verify (contracts/PrivateTransferVerifier.sol:1963)
             at WormholeToken.privateTransfer (contracts/WormholeToken.sol:315)
             at EdrProvider.#handleEdrResponse (node_modules/hardhat/src/internal/builtin-plugins/network-manager/edr/edr-provider.ts:361:17)
             at EdrProvider.#handleRequest (node_modules/hardhat/src/internal/builtin-plugins/network-manager/edr/edr-provider.ts:431:35)
             at async next (node_modules/hardhat/src/internal/core/hook-manager.ts:122:13)
             at async next (node_modules/hardhat/src/internal/core/hook-manager.ts:121:13)
             at async EdrProvider.request (node_modules/hardhat/src/internal/builtin-plugins/network-manager/edr/edr-provider.ts:259:25)
             at async AutomaticGasHandler.getMultipliedGasEstimation (node_modules/hardhat/src/internal/builtin-plugins/network-manager/request-handlers/handlers/gas/multiplied-gas-estimation.ts:29:30)
             at async AutomaticGasHandler.handle (node_modules/hardhat/src/internal/builtin-plugins/network-manager/request-handlers/handlers/gas/automatic-gas-handler.ts:46:16)
             at async Array.onRequest (node_modules/hardhat/dist/src/internal/builtin-plugins/network-manager/hook-handlers/network.js:28:46)
             at async next (node_modules/hardhat/src/internal/core/hook-manager.ts:121:13)


Test run failed
error Command failed with exit code 1.
info Visit https://yarnpkg.com/en/docs/cli/run for documentation about this command.
